2025-10-26 15:38:20,214 - __main__ - INFO - Conexión con Supabase establecida.
2025-10-26 15:38:20,220 - __main__ - INFO - Iniciando aplicación Reforesta Manabí...
2025-10-26 15:38:20,242 - werkzeug - WARNING -  * Debugger is active!
2025-10-26 15:38:20,242 - werkzeug - INFO -  * Debugger PIN: 304-484-615
2025-10-26 15:38:21,355 - werkzeug - INFO - 127.0.0.1 - - [26/Oct/2025 15:38:21] "GET / HTTP/1.1" 200 -
2025-10-26 15:38:21,520 - werkzeug - INFO - 127.0.0.1 - - [26/Oct/2025 15:38:21] "[36mGET /static/main.js HTTP/1.1[0m" 304 -
2025-10-26 15:38:32,164 - __main__ - INFO - Intento de login para: marcelofired@gmail.com
2025-10-26 15:38:33,272 - httpx - INFO - HTTP Request: POST https://ukjrvbwnahfzscsazyhv.supabase.co/auth/v1/token?grant_type=password "HTTP/2 400 Bad Request"
2025-10-26 15:38:33,279 - __main__ - WARNING - Fallo de autenticación para marcelofired@gmail.com: Invalid login credentials
2025-10-26 15:38:33,281 - __main__ - WARNING - Error de validación en login_user: Credenciales inválidas.
2025-10-26 15:38:33,282 - werkzeug - INFO - 127.0.0.1 - - [26/Oct/2025 15:38:33] "[31m[1mPOST /api/login HTTP/1.1[0m" 400 -
2025-10-26 15:38:50,628 - __main__ - INFO - Intento de login para: marcelomejiauep@gmail.com
2025-10-26 15:38:51,018 - httpx - INFO - HTTP Request: POST https://ukjrvbwnahfzscsazyhv.supabase.co/auth/v1/token?grant_type=password "HTTP/2 200 OK"
2025-10-26 15:38:52,917 - httpx - INFO - HTTP Request: GET https://ukjrvbwnahfzscsazyhv.supabase.co/rest/v1/profiles?select=name&id=eq.6cf8052a-5fd7-413d-beba-1b35343b8f04 "HTTP/2 200 OK"
2025-10-26 15:38:52,917 - __main__ - INFO - Nombre de perfil obtenido para marcelomejiauep@gmail.com.
2025-10-26 15:38:52,917 - __main__ - INFO - Login exitoso para: marcelomejiauep@gmail.com
2025-10-26 15:38:52,917 - werkzeug - INFO - 127.0.0.1 - - [26/Oct/2025 15:38:52] "POST /api/login HTTP/1.1" 200 -
2025-10-26 15:38:53,064 - __main__ - INFO - Solicitando lista de árboles...
2025-10-26 15:38:53,117 - __main__ - INFO - Calculando estadísticas...
2025-10-26 15:38:53,283 - httpx - INFO - HTTP Request: GET https://ukjrvbwnahfzscsazyhv.supabase.co/rest/v1/arboles_sembrados?select=id%2Cespecie%2Clatitud%2Clongitud%2Cfecha_siembra%2Cfoto_url%2Cuser_email&limit=1000&offset=0&order=fecha_siembra.desc "HTTP/2 200 OK"
2025-10-26 15:38:53,285 - __main__ - INFO - Se obtuvieron 4 registros de árboles.
2025-10-26 15:38:53,285 - werkzeug - INFO - 127.0.0.1 - - [26/Oct/2025 15:38:53] "GET /api/obtener_arboles HTTP/1.1" 200 -
2025-10-26 15:38:53,296 - __main__ - INFO - Solicitando lista de árboles...
2025-10-26 15:38:53,548 - httpx - INFO - HTTP Request: GET https://ukjrvbwnahfzscsazyhv.supabase.co/rest/v1/arboles_sembrados?select=id "HTTP/2 200 OK"
2025-10-26 15:38:53,549 - httpx - INFO - HTTP Request: GET https://ukjrvbwnahfzscsazyhv.supabase.co/rest/v1/arboles_sembrados?select=id%2Cespecie%2Clatitud%2Clongitud%2Cfecha_siembra%2Cfoto_url%2Cuser_email&limit=1000&offset=0&order=fecha_siembra.desc "HTTP/2 200 OK"
2025-10-26 15:38:53,551 - __main__ - INFO - Estadísticas calculadas: {'arboles_totales': 4, 'horas_estimadas': 6.0}
2025-10-26 15:38:53,553 - __main__ - INFO - Se obtuvieron 4 registros de árboles.
2025-10-26 15:38:53,554 - werkzeug - INFO - 127.0.0.1 - - [26/Oct/2025 15:38:53] "GET /api/predecir_horas HTTP/1.1" 200 -
2025-10-26 15:38:53,556 - werkzeug - INFO - 127.0.0.1 - - [26/Oct/2025 15:38:53] "GET /api/obtener_arboles HTTP/1.1" 200 -
2025-10-26 15:41:03,145 - werkzeug - INFO -  * Detected change in 'C:\\Users\\Asus\\Desktop\\reforestacion-manabi\\web-reforestacion-manabi\\app.py', reloading
2025-10-26 15:41:05,030 - __main__ - INFO - Conexión con Supabase establecida.
2025-10-26 15:41:05,030 - __main__ - INFO - Iniciando Reforesta Manabí...
2025-10-26 15:41:05,054 - werkzeug - WARNING -  * Debugger is active!
2025-10-26 15:41:05,063 - werkzeug - INFO -  * Debugger PIN: 304-484-615
2025-10-26 15:44:30,353 - werkzeug - INFO - 127.0.0.1 - - [26/Oct/2025 15:44:30] "GET / HTTP/1.1" 200 -
2025-10-26 15:44:30,649 - werkzeug - INFO - 127.0.0.1 - - [26/Oct/2025 15:44:30] "[36mGET /static/main.js HTTP/1.1[0m" 304 -
2025-10-26 15:44:39,776 - __main__ - INFO - Login: marcelomejiauep@gmail.com
2025-10-26 15:44:40,476 - httpx - INFO - HTTP Request: POST https://ukjrvbwnahfzscsazyhv.supabase.co/auth/v1/token?grant_type=password "HTTP/2 200 OK"
2025-10-26 15:44:42,422 - httpx - INFO - HTTP Request: GET https://ukjrvbwnahfzscsazyhv.supabase.co/rest/v1/profiles?select=name&id=eq.6cf8052a-5fd7-413d-beba-1b35343b8f04 "HTTP/2 200 OK"
2025-10-26 15:44:42,422 - werkzeug - INFO - 127.0.0.1 - - [26/Oct/2025 15:44:42] "POST /api/login HTTP/1.1" 200 -
2025-10-26 15:44:42,535 - __main__ - INFO - Obteniendo árboles...
2025-10-26 15:44:42,770 - httpx - INFO - HTTP Request: GET https://ukjrvbwnahfzscsazyhv.supabase.co/rest/v1/arboles_sembrados?select=id%2Cespecie%2Clatitud%2Clongitud%2Cfecha_siembra%2Cfoto_url%2Cuser_email&limit=1000&offset=0&order=fecha_siembra.desc "HTTP/2 200 OK"
2025-10-26 15:44:42,770 - httpx - INFO - HTTP Request: GET https://ukjrvbwnahfzscsazyhv.supabase.co/rest/v1/arboles_sembrados?select=id "HTTP/2 200 OK"
2025-10-26 15:44:42,772 - __main__ - INFO - Obtenidos 4 árboles
2025-10-26 15:44:42,777 - werkzeug - INFO - 127.0.0.1 - - [26/Oct/2025 15:44:42] "GET /api/predecir_horas HTTP/1.1" 200 -
2025-10-26 15:44:42,778 - werkzeug - INFO - 127.0.0.1 - - [26/Oct/2025 15:44:42] "GET /api/obtener_arboles HTTP/1.1" 200 -
2025-10-26 15:44:42,782 - __main__ - INFO - Obteniendo árboles...
2025-10-26 15:44:43,033 - httpx - INFO - HTTP Request: GET https://ukjrvbwnahfzscsazyhv.supabase.co/rest/v1/arboles_sembrados?select=id%2Cespecie%2Clatitud%2Clongitud%2Cfecha_siembra%2Cfoto_url%2Cuser_email&limit=1000&offset=0&order=fecha_siembra.desc "HTTP/2 200 OK"
2025-10-26 15:44:43,036 - __main__ - INFO - Obtenidos 4 árboles
2025-10-26 15:44:43,036 - werkzeug - INFO - 127.0.0.1 - - [26/Oct/2025 15:44:43] "GET /api/obtener_arboles HTTP/1.1" 200 -
2025-10-26 15:45:45,646 - __main__ - INFO - Plantando árbol: Pino
2025-10-26 15:45:46,013 - httpx - INFO - HTTP Request: POST https://ukjrvbwnahfzscsazyhv.supabase.co/rest/v1/arboles_sembrados "HTTP/2 201 Created"
2025-10-26 15:45:46,015 - __main__ - INFO - Árbol plantado ID: 5
2025-10-26 15:45:46,015 - werkzeug - INFO - 127.0.0.1 - - [26/Oct/2025 15:45:46] "[35m[1mPOST /api/plantar_arbol HTTP/1.1[0m" 201 -
2025-10-26 15:45:47,881 - __main__ - INFO - Obteniendo árboles...
2025-10-26 15:45:48,113 - httpx - INFO - HTTP Request: GET https://ukjrvbwnahfzscsazyhv.supabase.co/rest/v1/arboles_sembrados?select=id "HTTP/2 200 OK"
2025-10-26 15:45:48,113 - httpx - INFO - HTTP Request: GET https://ukjrvbwnahfzscsazyhv.supabase.co/rest/v1/arboles_sembrados?select=id%2Cespecie%2Clatitud%2Clongitud%2Cfecha_siembra%2Cfoto_url%2Cuser_email&limit=1000&offset=0&order=fecha_siembra.desc "HTTP/2 200 OK"
2025-10-26 15:45:48,119 - werkzeug - INFO - 127.0.0.1 - - [26/Oct/2025 15:45:48] "GET /api/predecir_horas HTTP/1.1" 200 -
2025-10-26 15:45:48,119 - __main__ - INFO - Obtenidos 5 árboles
2025-10-26 15:45:48,119 - werkzeug - INFO - 127.0.0.1 - - [26/Oct/2025 15:45:48] "GET /api/obtener_arboles HTTP/1.1" 200 -
2025-10-26 16:45:35,920 - httpx - INFO - HTTP Request: POST https://ukjrvbwnahfzscsazyhv.supabase.co/auth/v1/token?grant_type=refresh_token "HTTP/2 200 OK"
2025-10-26 16:45:36,093 - httpx - INFO - HTTP Request: POST https://ukjrvbwnahfzscsazyhv.supabase.co/auth/v1/token?grant_type=refresh_token "HTTP/2 200 OK"
2025-10-26 16:56:52,976 - werkzeug - INFO - 127.0.0.1 - - [26/Oct/2025 16:56:52] "[33mGET /favicon.ico HTTP/1.1[0m" 404 -
2025-10-26 17:18:35,029 - __main__ - INFO - Login: marcelomejiauep@gmail.com
2025-10-26 17:18:35,830 - httpx - INFO - HTTP Request: POST https://ukjrvbwnahfzscsazyhv.supabase.co/auth/v1/token?grant_type=password "HTTP/2 200 OK"
2025-10-26 17:18:36,733 - httpx - INFO - HTTP Request: GET https://ukjrvbwnahfzscsazyhv.supabase.co/rest/v1/profiles?select=name&id=eq.6cf8052a-5fd7-413d-beba-1b35343b8f04 "HTTP/2 200 OK"
2025-10-26 17:18:36,743 - werkzeug - INFO - 127.0.0.1 - - [26/Oct/2025 17:18:36] "POST /api/login HTTP/1.1" 200 -
2025-10-26 17:18:36,823 - __main__ - INFO - Obteniendo árboles...
2025-10-26 17:18:37,288 - httpx - INFO - HTTP Request: GET https://ukjrvbwnahfzscsazyhv.supabase.co/rest/v1/arboles_sembrados?select=id%2Cespecie%2Clatitud%2Clongitud%2Cfecha_siembra%2Cfoto_url%2Cuser_email&limit=1000&offset=0&order=fecha_siembra.desc "HTTP/2 200 OK"
2025-10-26 17:18:37,290 - httpx - INFO - HTTP Request: GET https://ukjrvbwnahfzscsazyhv.supabase.co/rest/v1/arboles_sembrados?select=id "HTTP/2 200 OK"
2025-10-26 17:18:37,294 - __main__ - INFO - Obtenidos 5 árboles
2025-10-26 17:18:37,296 - werkzeug - INFO - 127.0.0.1 - - [26/Oct/2025 17:18:37] "GET /api/predecir_horas HTTP/1.1" 200 -
2025-10-26 17:18:37,296 - werkzeug - INFO - 127.0.0.1 - - [26/Oct/2025 17:18:37] "GET /api/obtener_arboles HTTP/1.1" 200 -
2025-10-26 17:18:37,300 - __main__ - INFO - Obteniendo árboles...
2025-10-26 17:18:37,544 - httpx - INFO - HTTP Request: GET https://ukjrvbwnahfzscsazyhv.supabase.co/rest/v1/arboles_sembrados?select=id%2Cespecie%2Clatitud%2Clongitud%2Cfecha_siembra%2Cfoto_url%2Cuser_email&limit=1000&offset=0&order=fecha_siembra.desc "HTTP/2 200 OK"
2025-10-26 17:18:37,545 - __main__ - INFO - Obtenidos 5 árboles
2025-10-26 17:18:37,546 - werkzeug - INFO - 127.0.0.1 - - [26/Oct/2025 17:18:37] "GET /api/obtener_arboles HTTP/1.1" 200 -
2025-10-26 17:23:10,022 - werkzeug - INFO - 127.0.0.1 - - [26/Oct/2025 17:23:10] "GET / HTTP/1.1" 200 -
2025-10-26 17:23:10,102 - werkzeug - INFO - 127.0.0.1 - - [26/Oct/2025 17:23:10] "GET /static/main.js HTTP/1.1" 200 -
2025-10-26 17:23:46,944 - __main__ - INFO - Login: marcelomejiauep@gmail.com
2025-10-26 17:23:47,398 - httpx - INFO - HTTP Request: POST https://ukjrvbwnahfzscsazyhv.supabase.co/auth/v1/token?grant_type=password "HTTP/2 200 OK"
2025-10-26 17:23:47,861 - httpx - INFO - HTTP Request: GET https://ukjrvbwnahfzscsazyhv.supabase.co/rest/v1/profiles?select=name&id=eq.6cf8052a-5fd7-413d-beba-1b35343b8f04 "HTTP/2 200 OK"
2025-10-26 17:23:47,862 - werkzeug - INFO - 127.0.0.1 - - [26/Oct/2025 17:23:47] "POST /api/login HTTP/1.1" 200 -
2025-10-26 17:23:47,930 - __main__ - INFO - Obteniendo árboles...
2025-10-26 17:23:48,068 - httpx - INFO - HTTP Request: GET https://ukjrvbwnahfzscsazyhv.supabase.co/rest/v1/arboles_sembrados?select=id "HTTP/2 200 OK"
2025-10-26 17:23:48,069 - werkzeug - INFO - 127.0.0.1 - - [26/Oct/2025 17:23:48] "GET /api/predecir_horas HTTP/1.1" 200 -
2025-10-26 17:23:48,116 - httpx - INFO - HTTP Request: GET https://ukjrvbwnahfzscsazyhv.supabase.co/rest/v1/arboles_sembrados?select=id%2Cespecie%2Clatitud%2Clongitud%2Cfecha_siembra%2Cfoto_url%2Cuser_email&limit=1000&offset=0&order=fecha_siembra.desc "HTTP/2 200 OK"
2025-10-26 17:23:48,117 - __main__ - INFO - Obtenidos 5 árboles
2025-10-26 17:23:48,117 - werkzeug - INFO - 127.0.0.1 - - [26/Oct/2025 17:23:48] "GET /api/obtener_arboles HTTP/1.1" 200 -
2025-10-26 17:23:48,120 - __main__ - INFO - Obteniendo árboles...
2025-10-26 17:23:48,370 - httpx - INFO - HTTP Request: GET https://ukjrvbwnahfzscsazyhv.supabase.co/rest/v1/arboles_sembrados?select=id%2Cespecie%2Clatitud%2Clongitud%2Cfecha_siembra%2Cfoto_url%2Cuser_email&limit=1000&offset=0&order=fecha_siembra.desc "HTTP/2 200 OK"
2025-10-26 17:23:48,371 - __main__ - INFO - Obtenidos 5 árboles
2025-10-26 17:23:48,371 - werkzeug - INFO - 127.0.0.1 - - [26/Oct/2025 17:23:48] "GET /api/obtener_arboles HTTP/1.1" 200 -
2025-10-26 17:24:11,928 - __main__ - INFO - Obteniendo árboles...
2025-10-26 17:24:12,112 - httpx - INFO - HTTP Request: GET https://ukjrvbwnahfzscsazyhv.supabase.co/rest/v1/arboles_sembrados?select=id%2Cespecie%2Clatitud%2Clongitud%2Cfecha_siembra%2Cfoto_url%2Cuser_email&limit=1000&offset=0&order=fecha_siembra.desc "HTTP/2 200 OK"
2025-10-26 17:24:12,113 - __main__ - INFO - Obtenidos 5 árboles
2025-10-26 17:24:12,114 - werkzeug - INFO - 127.0.0.1 - - [26/Oct/2025 17:24:12] "GET /api/obtener_arboles HTTP/1.1" 200 -
2025-10-26 17:24:31,560 - __main__ - INFO - Obteniendo árboles...
2025-10-26 17:24:31,804 - httpx - INFO - HTTP Request: GET https://ukjrvbwnahfzscsazyhv.supabase.co/rest/v1/arboles_sembrados?select=id%2Cespecie%2Clatitud%2Clongitud%2Cfecha_siembra%2Cfoto_url%2Cuser_email&limit=1000&offset=0&order=fecha_siembra.desc "HTTP/2 200 OK"
2025-10-26 17:24:31,805 - __main__ - INFO - Obtenidos 5 árboles
2025-10-26 17:24:31,805 - werkzeug - INFO - 127.0.0.1 - - [26/Oct/2025 17:24:31] "GET /api/obtener_arboles HTTP/1.1" 200 -
2025-10-26 17:24:41,764 - __main__ - INFO - Eliminando árbol ID 5
2025-10-26 17:24:42,002 - httpx - INFO - HTTP Request: GET https://ukjrvbwnahfzscsazyhv.supabase.co/rest/v1/arboles_sembrados?select=foto_url&id=eq.5 "HTTP/2 200 OK"
2025-10-26 17:24:42,175 - httpx - INFO - HTTP Request: DELETE https://ukjrvbwnahfzscsazyhv.supabase.co/rest/v1/arboles_sembrados?id=eq.5 "HTTP/2 200 OK"
2025-10-26 17:24:42,176 - __main__ - INFO - Árbol 5 eliminado
2025-10-26 17:24:42,177 - werkzeug - INFO - 127.0.0.1 - - [26/Oct/2025 17:24:42] "DELETE /api/eliminar_arbol/5 HTTP/1.1" 200 -
2025-10-26 17:24:43,962 - __main__ - INFO - Obteniendo árboles...
2025-10-26 17:24:44,114 - httpx - INFO - HTTP Request: GET https://ukjrvbwnahfzscsazyhv.supabase.co/rest/v1/arboles_sembrados?select=id%2Cespecie%2Clatitud%2Clongitud%2Cfecha_siembra%2Cfoto_url%2Cuser_email&limit=1000&offset=0&order=fecha_siembra.desc "HTTP/2 200 OK"
2025-10-26 17:24:44,115 - __main__ - INFO - Obtenidos 4 árboles
2025-10-26 17:24:44,116 - werkzeug - INFO - 127.0.0.1 - - [26/Oct/2025 17:24:44] "GET /api/obtener_arboles HTTP/1.1" 200 -
2025-10-26 17:24:44,289 - httpx - INFO - HTTP Request: GET https://ukjrvbwnahfzscsazyhv.supabase.co/rest/v1/arboles_sembrados?select=id "HTTP/2 200 OK"
2025-10-26 17:24:44,290 - werkzeug - INFO - 127.0.0.1 - - [26/Oct/2025 17:24:44] "GET /api/predecir_horas HTTP/1.1" 200 -
2025-10-26 22:37:09,026 - __main__ - INFO - Conexión con Supabase establecida.
2025-10-26 22:37:09,030 - __main__ - INFO - Iniciando Reforesta Manabí...
2025-10-26 22:37:09,083 - werkzeug - INFO - [31m[1mWARNING: This is a development server. Do not use it in a production deployment. Use a production WSGI server instead.[0m
 * Running on all addresses (0.0.0.0)
 * Running on http://127.0.0.1:5000
 * Running on http://192.168.101.54:5000
2025-10-26 22:37:09,083 - werkzeug - INFO - [33mPress CTRL+C to quit[0m
2025-10-26 22:37:09,086 - werkzeug - INFO -  * Restarting with stat
2025-10-26 22:37:10,480 - __main__ - INFO - Conexión con Supabase establecida.
2025-10-26 22:37:10,485 - __main__ - INFO - Iniciando Reforesta Manabí...
2025-10-26 22:37:10,514 - werkzeug - WARNING -  * Debugger is active!
2025-10-26 22:37:10,521 - werkzeug - INFO -  * Debugger PIN: 304-484-615
2025-10-27 02:45:08,130 - __main__ - INFO - Conexión con Supabase establecida.
2025-10-27 02:45:08,137 - __main__ - INFO - Iniciando Reforesta Manabí...
2025-10-27 02:45:08,185 - werkzeug - INFO - [31m[1mWARNING: This is a development server. Do not use it in a production deployment. Use a production WSGI server instead.[0m
 * Running on all addresses (0.0.0.0)
 * Running on http://127.0.0.1:5000
 * Running on http://192.168.101.54:5000
2025-10-27 02:45:08,185 - werkzeug - INFO - [33mPress CTRL+C to quit[0m
2025-10-27 02:45:08,185 - werkzeug - INFO -  * Restarting with stat
2025-10-27 02:45:08,977 - __main__ - INFO - Conexión con Supabase establecida.
2025-10-27 02:45:08,977 - __main__ - INFO - Iniciando Reforesta Manabí...
2025-10-27 02:45:08,993 - werkzeug - WARNING -  * Debugger is active!
2025-10-27 02:45:08,996 - werkzeug - INFO -  * Debugger PIN: 304-484-615
2025-10-27 02:46:16,307 - werkzeug - INFO - 127.0.0.1 - - [27/Oct/2025 02:46:16] "GET / HTTP/1.1" 200 -
2025-10-27 02:46:16,627 - werkzeug - INFO - 127.0.0.1 - - [27/Oct/2025 02:46:16] "GET /static/main.js HTTP/1.1" 200 -
2025-10-27 02:46:17,061 - werkzeug - INFO - 127.0.0.1 - - [27/Oct/2025 02:46:17] "[33mGET /favicon.ico HTTP/1.1[0m" 404 -
2025-10-27 02:46:25,128 - __main__ - INFO - Login: marcelomejiauep@gmail.com
2025-10-27 02:46:26,294 - httpx - INFO - HTTP Request: POST https://ukjrvbwnahfzscsazyhv.supabase.co/auth/v1/token?grant_type=password "HTTP/2 200 OK"
2025-10-27 02:46:27,248 - httpx - INFO - HTTP Request: GET https://ukjrvbwnahfzscsazyhv.supabase.co/rest/v1/profiles?select=name&id=eq.6cf8052a-5fd7-413d-beba-1b35343b8f04 "HTTP/2 200 OK"
2025-10-27 02:46:27,251 - werkzeug - INFO - 127.0.0.1 - - [27/Oct/2025 02:46:27] "POST /api/login HTTP/1.1" 200 -
2025-10-27 02:46:27,322 - __main__ - INFO - Obteniendo árboles...
2025-10-27 02:46:27,720 - httpx - INFO - HTTP Request: GET https://ukjrvbwnahfzscsazyhv.supabase.co/rest/v1/arboles_sembrados?select=id%2Cespecie%2Clatitud%2Clongitud%2Cfecha_siembra%2Cfoto_url%2Cuser_email&limit=1000&offset=0&order=fecha_siembra.desc "HTTP/2 200 OK"
2025-10-27 02:46:27,720 - httpx - INFO - HTTP Request: GET https://ukjrvbwnahfzscsazyhv.supabase.co/rest/v1/arboles_sembrados?select=id "HTTP/2 200 OK"
2025-10-27 02:46:27,726 - __main__ - INFO - Obtenidos 4 árboles
2025-10-27 02:46:27,726 - werkzeug - INFO - 127.0.0.1 - - [27/Oct/2025 02:46:27] "GET /api/predecir_horas HTTP/1.1" 200 -
2025-10-27 02:46:27,727 - werkzeug - INFO - 127.0.0.1 - - [27/Oct/2025 02:46:27] "GET /api/obtener_arboles HTTP/1.1" 200 -
2025-10-27 02:46:27,731 - __main__ - INFO - Obteniendo árboles...
2025-10-27 02:46:27,965 - httpx - INFO - HTTP Request: GET https://ukjrvbwnahfzscsazyhv.supabase.co/rest/v1/arboles_sembrados?select=id%2Cespecie%2Clatitud%2Clongitud%2Cfecha_siembra%2Cfoto_url%2Cuser_email&limit=1000&offset=0&order=fecha_siembra.desc "HTTP/2 200 OK"
2025-10-27 02:46:27,966 - __main__ - INFO - Obtenidos 4 árboles
2025-10-27 02:46:27,966 - werkzeug - INFO - 127.0.0.1 - - [27/Oct/2025 02:46:27] "GET /api/obtener_arboles HTTP/1.1" 200 -
2025-10-27 04:15:44,858 - __main__ - INFO - Conexión con Supabase establecida.
2025-10-27 04:15:44,863 - __main__ - INFO - Iniciando Reforesta Manabí...
2025-10-27 04:15:44,892 - werkzeug - INFO - [31m[1mWARNING: This is a development server. Do not use it in a production deployment. Use a production WSGI server instead.[0m
 * Running on all addresses (0.0.0.0)
 * Running on http://127.0.0.1:5000
 * Running on http://192.168.101.54:5000
2025-10-27 04:15:44,892 - werkzeug - INFO - [33mPress CTRL+C to quit[0m
2025-10-27 04:15:44,894 - werkzeug - INFO -  * Restarting with stat
2025-10-27 04:15:45,713 - __main__ - INFO - Conexión con Supabase establecida.
2025-10-27 04:15:45,717 - __main__ - INFO - Iniciando Reforesta Manabí...
2025-10-27 04:15:45,730 - werkzeug - WARNING -  * Debugger is active!
2025-10-27 04:15:45,734 - werkzeug - INFO -  * Debugger PIN: 304-484-615
2025-10-27 04:15:48,580 - werkzeug - INFO - 127.0.0.1 - - [27/Oct/2025 04:15:48] "GET / HTTP/1.1" 200 -
2025-10-27 04:15:48,862 - werkzeug - INFO - 127.0.0.1 - - [27/Oct/2025 04:15:48] "GET /static/main.js HTTP/1.1" 200 -
2025-10-27 04:15:57,322 - __main__ - INFO - Login: marcelomejiauep@gmail.com
2025-10-27 04:15:58,645 - httpx - INFO - HTTP Request: POST https://ukjrvbwnahfzscsazyhv.supabase.co/auth/v1/token?grant_type=password "HTTP/2 200 OK"
2025-10-27 04:15:58,748 - __main__ - INFO - Login: marcelomejiauep@gmail.com
2025-10-27 04:15:59,003 - httpx - INFO - HTTP Request: POST https://ukjrvbwnahfzscsazyhv.supabase.co/auth/v1/token?grant_type=password "HTTP/2 200 OK"
2025-10-27 04:15:59,599 - httpx - INFO - HTTP Request: GET https://ukjrvbwnahfzscsazyhv.supabase.co/rest/v1/profiles?select=name&id=eq.6cf8052a-5fd7-413d-beba-1b35343b8f04 "HTTP/2 200 OK"
2025-10-27 04:15:59,601 - werkzeug - INFO - 127.0.0.1 - - [27/Oct/2025 04:15:59] "POST /api/login HTTP/1.1" 200 -
2025-10-27 04:15:59,680 - __main__ - INFO - Obteniendo árboles...
2025-10-27 04:15:59,771 - httpx - INFO - HTTP Request: GET https://ukjrvbwnahfzscsazyhv.supabase.co/rest/v1/profiles?select=name&id=eq.6cf8052a-5fd7-413d-beba-1b35343b8f04 "HTTP/2 200 OK"
2025-10-27 04:15:59,771 - werkzeug - INFO - 127.0.0.1 - - [27/Oct/2025 04:15:59] "POST /api/login HTTP/1.1" 200 -
2025-10-27 04:16:00,142 - httpx - INFO - HTTP Request: GET https://ukjrvbwnahfzscsazyhv.supabase.co/rest/v1/arboles_sembrados?select=id%2Cespecie%2Clatitud%2Clongitud%2Cfecha_siembra%2Cfoto_url%2Cuser_email&limit=1000&offset=0&order=fecha_siembra.desc "HTTP/2 200 OK"
2025-10-27 04:16:00,142 - httpx - INFO - HTTP Request: GET https://ukjrvbwnahfzscsazyhv.supabase.co/rest/v1/arboles_sembrados?select=id "HTTP/2 200 OK"
2025-10-27 04:16:00,144 - werkzeug - INFO - 127.0.0.1 - - [27/Oct/2025 04:16:00] "GET /api/predecir_horas HTTP/1.1" 200 -
2025-10-27 04:16:00,144 - __main__ - INFO - Obtenidos 4 árboles
2025-10-27 04:16:00,145 - werkzeug - INFO - 127.0.0.1 - - [27/Oct/2025 04:16:00] "GET /api/obtener_arboles HTTP/1.1" 200 -
2025-10-27 04:16:00,147 - __main__ - INFO - Obteniendo árboles...
2025-10-27 04:16:00,335 - httpx - INFO - HTTP Request: GET https://ukjrvbwnahfzscsazyhv.supabase.co/rest/v1/arboles_sembrados?select=id "HTTP/2 200 OK"
2025-10-27 04:16:00,336 - werkzeug - INFO - 127.0.0.1 - - [27/Oct/2025 04:16:00] "GET /api/predecir_horas HTTP/1.1" 200 -
2025-10-27 04:16:00,382 - httpx - INFO - HTTP Request: GET https://ukjrvbwnahfzscsazyhv.supabase.co/rest/v1/arboles_sembrados?select=id%2Cespecie%2Clatitud%2Clongitud%2Cfecha_siembra%2Cfoto_url%2Cuser_email&limit=1000&offset=0&order=fecha_siembra.desc "HTTP/2 200 OK"
2025-10-27 04:16:00,382 - __main__ - INFO - Obtenidos 4 árboles
2025-10-27 04:16:00,382 - werkzeug - INFO - 127.0.0.1 - - [27/Oct/2025 04:16:00] "GET /api/obtener_arboles HTTP/1.1" 200 -
2025-10-27 04:16:00,384 - __main__ - INFO - Obteniendo árboles...
2025-10-27 04:16:00,616 - httpx - INFO - HTTP Request: GET https://ukjrvbwnahfzscsazyhv.supabase.co/rest/v1/arboles_sembrados?select=id%2Cespecie%2Clatitud%2Clongitud%2Cfecha_siembra%2Cfoto_url%2Cuser_email&limit=1000&offset=0&order=fecha_siembra.desc "HTTP/2 200 OK"
2025-10-27 04:16:00,617 - __main__ - INFO - Obtenidos 4 árboles
2025-10-27 04:16:00,617 - werkzeug - INFO - 127.0.0.1 - - [27/Oct/2025 04:16:00] "GET /api/obtener_arboles HTTP/1.1" 200 -
2025-10-27 04:16:19,410 - __main__ - INFO - Subiendo foto: b03fd0df-87ea-48dd-941e-3ece89b6144d.jpeg (9669 bytes)
2025-10-27 04:16:20,510 - httpx - INFO - HTTP Request: POST https://ukjrvbwnahfzscsazyhv.supabase.co/storage/v1/object/arboles-fotos/b03fd0df-87ea-48dd-941e-3ece89b6144d.jpeg "HTTP/2 400 Bad Request"
2025-10-27 04:16:20,511 - __main__ - ERROR - Error al subir foto: {'statusCode': 403, 'error': Unauthorized, 'message': new row violates row-level security policy}
2025-10-27 04:16:20,511 - __main__ - ERROR - Error inesperado en upload_foto: Error al subir la foto: {'statusCode': 403, 'error': Unauthorized, 'message': new row violates row-level security policy}
Traceback (most recent call last):
  File "C:\Users\Asus\AppData\Local\Programs\Python\Python312\Lib\site-packages\storage3\_sync\file_api.py", line 76, in _request
    response.raise_for_status()
  File "C:\Users\Asus\AppData\Local\Programs\Python\Python312\Lib\site-packages\httpx\_models.py", line 829, in raise_for_status
    raise HTTPStatusError(message, request=request, response=self)
httpx.HTTPStatusError: Client error '400 Bad Request' for url 'https://ukjrvbwnahfzscsazyhv.supabase.co/storage/v1/object/arboles-fotos/b03fd0df-87ea-48dd-941e-3ece89b6144d.jpeg'
For more information check: https://developer.mozilla.org/en-US/docs/Web/HTTP/Status/400

During handling of the above exception, another exception occurred:

Traceback (most recent call last):
  File "C:\Users\Asus\Desktop\reforestacion-manabi\web-reforestacion-manabi\app.py", line 239, in upload_foto
    response = supabase.storage.from_("arboles-fotos").upload(
               ^^^^^^^^^^^^^^^^^^^^^^^^^^^^^^^^^^^^^^^^^^^^^^^
  File "C:\Users\Asus\AppData\Local\Programs\Python\Python312\Lib\site-packages\storage3\_sync\file_api.py", line 545, in upload
    return self._upload_or_update("POST", path_parts, file, file_options)
           ^^^^^^^^^^^^^^^^^^^^^^^^^^^^^^^^^^^^^^^^^^^^^^^^^^^^^^^^^^^^^^
  File "C:\Users\Asus\AppData\Local\Programs\Python\Python312\Lib\site-packages\storage3\_sync\file_api.py", line 517, in _upload_or_update
    response = self._request(
               ^^^^^^^^^^^^^^
  File "C:\Users\Asus\AppData\Local\Programs\Python\Python312\Lib\site-packages\storage3\_sync\file_api.py", line 79, in _request
    raise StorageApiError(resp["message"], resp["error"], resp["statusCode"])
storage3.exceptions.StorageApiError: {'statusCode': 403, 'error': Unauthorized, 'message': new row violates row-level security policy}

During handling of the above exception, another exception occurred:

Traceback (most recent call last):
  File "C:\Users\Asus\Desktop\reforestacion-manabi\web-reforestacion-manabi\app.py", line 47, in decorated_function
    return f(*args, **kwargs)
           ^^^^^^^^^^^^^^^^^^
  File "C:\Users\Asus\Desktop\reforestacion-manabi\web-reforestacion-manabi\app.py", line 262, in upload_foto
    raise Exception(f"Error al subir la foto: {str(e)}")
Exception: Error al subir la foto: {'statusCode': 403, 'error': Unauthorized, 'message': new row violates row-level security policy}
2025-10-27 04:16:20,550 - werkzeug - INFO - 127.0.0.1 - - [27/Oct/2025 04:16:20] "[35m[1mPOST /api/upload_foto HTTP/1.1[0m" 500 -
2025-10-27 04:24:24,298 - __main__ - INFO - Conexión con Supabase establecida.
2025-10-27 04:24:24,302 - __main__ - INFO - Iniciando Reforesta Manabí...
2025-10-27 04:24:24,330 - werkzeug - INFO - [31m[1mWARNING: This is a development server. Do not use it in a production deployment. Use a production WSGI server instead.[0m
 * Running on all addresses (0.0.0.0)
 * Running on http://127.0.0.1:5000
 * Running on http://192.168.101.54:5000
2025-10-27 04:24:24,330 - werkzeug - INFO - [33mPress CTRL+C to quit[0m
2025-10-27 04:24:24,331 - werkzeug - INFO -  * Restarting with stat
2025-10-27 04:24:25,133 - __main__ - INFO - Conexión con Supabase establecida.
2025-10-27 04:24:25,136 - __main__ - INFO - Iniciando Reforesta Manabí...
2025-10-27 04:24:25,152 - werkzeug - WARNING -  * Debugger is active!
2025-10-27 04:24:25,156 - werkzeug - INFO -  * Debugger PIN: 304-484-615
2025-10-27 04:24:27,326 - werkzeug - INFO - 127.0.0.1 - - [27/Oct/2025 04:24:27] "GET / HTTP/1.1" 200 -
2025-10-27 04:24:27,564 - werkzeug - INFO - 127.0.0.1 - - [27/Oct/2025 04:24:27] "[36mGET /static/main.js HTTP/1.1[0m" 304 -
2025-10-27 04:24:36,162 - __main__ - INFO - Login: marcelomejiauep@gmail.com
2025-10-27 04:24:36,866 - httpx - INFO - HTTP Request: POST https://ukjrvbwnahfzscsazyhv.supabase.co/auth/v1/token?grant_type=password "HTTP/2 200 OK"
2025-10-27 04:24:37,588 - httpx - INFO - HTTP Request: GET https://ukjrvbwnahfzscsazyhv.supabase.co/rest/v1/profiles?select=name&id=eq.6cf8052a-5fd7-413d-beba-1b35343b8f04 "HTTP/2 200 OK"
2025-10-27 04:24:37,589 - werkzeug - INFO - 127.0.0.1 - - [27/Oct/2025 04:24:37] "POST /api/login HTTP/1.1" 200 -
2025-10-27 04:24:37,658 - __main__ - INFO - Obteniendo árboles...
2025-10-27 04:24:37,853 - httpx - INFO - HTTP Request: GET https://ukjrvbwnahfzscsazyhv.supabase.co/rest/v1/arboles_sembrados?select=id%2Cespecie%2Clatitud%2Clongitud%2Cfecha_siembra%2Cfoto_url%2Cuser_email&limit=1000&offset=0&order=fecha_siembra.desc "HTTP/2 200 OK"
2025-10-27 04:24:37,855 - httpx - INFO - HTTP Request: GET https://ukjrvbwnahfzscsazyhv.supabase.co/rest/v1/arboles_sembrados?select=id "HTTP/2 200 OK"
2025-10-27 04:24:37,855 - __main__ - INFO - Obtenidos 4 árboles
2025-10-27 04:24:37,856 - werkzeug - INFO - 127.0.0.1 - - [27/Oct/2025 04:24:37] "GET /api/predecir_horas HTTP/1.1" 200 -
2025-10-27 04:24:37,856 - werkzeug - INFO - 127.0.0.1 - - [27/Oct/2025 04:24:37] "GET /api/obtener_arboles HTTP/1.1" 200 -
2025-10-27 04:24:37,858 - __main__ - INFO - Obteniendo árboles...
2025-10-27 04:24:38,042 - httpx - INFO - HTTP Request: GET https://ukjrvbwnahfzscsazyhv.supabase.co/rest/v1/arboles_sembrados?select=id%2Cespecie%2Clatitud%2Clongitud%2Cfecha_siembra%2Cfoto_url%2Cuser_email&limit=1000&offset=0&order=fecha_siembra.desc "HTTP/2 200 OK"
2025-10-27 04:24:38,043 - __main__ - INFO - Obtenidos 4 árboles
2025-10-27 04:24:38,043 - werkzeug - INFO - 127.0.0.1 - - [27/Oct/2025 04:24:38] "GET /api/obtener_arboles HTTP/1.1" 200 -
2025-10-27 04:24:46,605 - __main__ - INFO - Subiendo foto: 27269fd8-30c5-45e5-a5e8-0f0a94d2f546.jpeg (9669 bytes)
2025-10-27 04:24:47,840 - httpx - INFO - HTTP Request: POST https://ukjrvbwnahfzscsazyhv.supabase.co/storage/v1/object/arboles-fotos/27269fd8-30c5-45e5-a5e8-0f0a94d2f546.jpeg "HTTP/2 400 Bad Request"
2025-10-27 04:24:47,841 - __main__ - ERROR - Error al subir foto: {'statusCode': 403, 'error': Unauthorized, 'message': new row violates row-level security policy}
2025-10-27 04:24:47,842 - __main__ - ERROR - Error inesperado en upload_foto: Error al subir la foto: {'statusCode': 403, 'error': Unauthorized, 'message': new row violates row-level security policy}
Traceback (most recent call last):
  File "C:\Users\Asus\AppData\Local\Programs\Python\Python312\Lib\site-packages\storage3\_sync\file_api.py", line 76, in _request
    response.raise_for_status()
  File "C:\Users\Asus\AppData\Local\Programs\Python\Python312\Lib\site-packages\httpx\_models.py", line 829, in raise_for_status
    raise HTTPStatusError(message, request=request, response=self)
httpx.HTTPStatusError: Client error '400 Bad Request' for url 'https://ukjrvbwnahfzscsazyhv.supabase.co/storage/v1/object/arboles-fotos/27269fd8-30c5-45e5-a5e8-0f0a94d2f546.jpeg'
For more information check: https://developer.mozilla.org/en-US/docs/Web/HTTP/Status/400

During handling of the above exception, another exception occurred:

Traceback (most recent call last):
  File "C:\Users\Asus\Desktop\reforestacion-manabi\web-reforestacion-manabi\app.py", line 239, in upload_foto
    response = supabase.storage.from_("arboles-fotos").upload(
               ^^^^^^^^^^^^^^^^^^^^^^^^^^^^^^^^^^^^^^^^^^^^^^^
  File "C:\Users\Asus\AppData\Local\Programs\Python\Python312\Lib\site-packages\storage3\_sync\file_api.py", line 545, in upload
    return self._upload_or_update("POST", path_parts, file, file_options)
           ^^^^^^^^^^^^^^^^^^^^^^^^^^^^^^^^^^^^^^^^^^^^^^^^^^^^^^^^^^^^^^
  File "C:\Users\Asus\AppData\Local\Programs\Python\Python312\Lib\site-packages\storage3\_sync\file_api.py", line 517, in _upload_or_update
    response = self._request(
               ^^^^^^^^^^^^^^
  File "C:\Users\Asus\AppData\Local\Programs\Python\Python312\Lib\site-packages\storage3\_sync\file_api.py", line 79, in _request
    raise StorageApiError(resp["message"], resp["error"], resp["statusCode"])
storage3.exceptions.StorageApiError: {'statusCode': 403, 'error': Unauthorized, 'message': new row violates row-level security policy}

During handling of the above exception, another exception occurred:

Traceback (most recent call last):
  File "C:\Users\Asus\Desktop\reforestacion-manabi\web-reforestacion-manabi\app.py", line 47, in decorated_function
    return f(*args, **kwargs)
           ^^^^^^^^^^^^^^^^^^
  File "C:\Users\Asus\Desktop\reforestacion-manabi\web-reforestacion-manabi\app.py", line 262, in upload_foto
    raise Exception(f"Error al subir la foto: {str(e)}")
Exception: Error al subir la foto: {'statusCode': 403, 'error': Unauthorized, 'message': new row violates row-level security policy}
2025-10-27 04:24:47,843 - werkzeug - INFO - 127.0.0.1 - - [27/Oct/2025 04:24:47] "[35m[1mPOST /api/upload_foto HTTP/1.1[0m" 500 -
2025-10-27 04:29:09,139 - __main__ - INFO - Conexión con Supabase establecida.
2025-10-27 04:29:09,142 - __main__ - INFO - Iniciando Reforesta Manabí...
2025-10-27 04:29:09,169 - werkzeug - INFO - [31m[1mWARNING: This is a development server. Do not use it in a production deployment. Use a production WSGI server instead.[0m
 * Running on all addresses (0.0.0.0)
 * Running on http://127.0.0.1:5000
 * Running on http://192.168.101.54:5000
2025-10-27 04:29:09,170 - werkzeug - INFO - [33mPress CTRL+C to quit[0m
2025-10-27 04:29:09,171 - werkzeug - INFO -  * Restarting with stat
2025-10-27 04:29:09,945 - __main__ - INFO - Conexión con Supabase establecida.
2025-10-27 04:29:09,949 - __main__ - INFO - Iniciando Reforesta Manabí...
2025-10-27 04:29:09,962 - werkzeug - WARNING -  * Debugger is active!
2025-10-27 04:29:09,965 - werkzeug - INFO -  * Debugger PIN: 304-484-615
2025-10-27 04:29:28,874 - werkzeug - INFO - 127.0.0.1 - - [27/Oct/2025 04:29:28] "GET / HTTP/1.1" 200 -
2025-10-27 04:29:29,062 - werkzeug - INFO - 127.0.0.1 - - [27/Oct/2025 04:29:29] "[36mGET /static/main.js HTTP/1.1[0m" 304 -
2025-10-27 04:29:36,793 - __main__ - INFO - Login: marcelomejiauep@gmail.com
2025-10-27 04:29:37,274 - httpx - INFO - HTTP Request: POST https://ukjrvbwnahfzscsazyhv.supabase.co/auth/v1/token?grant_type=password "HTTP/2 200 OK"
2025-10-27 04:29:37,781 - httpx - INFO - HTTP Request: GET https://ukjrvbwnahfzscsazyhv.supabase.co/rest/v1/profiles?select=name&id=eq.6cf8052a-5fd7-413d-beba-1b35343b8f04 "HTTP/2 200 OK"
2025-10-27 04:29:37,782 - werkzeug - INFO - 127.0.0.1 - - [27/Oct/2025 04:29:37] "POST /api/login HTTP/1.1" 200 -
2025-10-27 04:29:37,853 - __main__ - INFO - Obteniendo árboles...
2025-10-27 04:29:38,025 - httpx - INFO - HTTP Request: GET https://ukjrvbwnahfzscsazyhv.supabase.co/rest/v1/arboles_sembrados?select=id%2Cespecie%2Clatitud%2Clongitud%2Cfecha_siembra%2Cfoto_url%2Cuser_email&limit=1000&offset=0&order=fecha_siembra.desc "HTTP/2 200 OK"
2025-10-27 04:29:38,027 - __main__ - INFO - Obtenidos 4 árboles
2025-10-27 04:29:38,027 - werkzeug - INFO - 127.0.0.1 - - [27/Oct/2025 04:29:38] "GET /api/obtener_arboles HTTP/1.1" 200 -
2025-10-27 04:29:38,029 - __main__ - INFO - Obteniendo árboles...
2025-10-27 04:29:38,038 - httpx - INFO - HTTP Request: GET https://ukjrvbwnahfzscsazyhv.supabase.co/rest/v1/arboles_sembrados?select=id "HTTP/2 200 OK"
2025-10-27 04:29:38,039 - werkzeug - INFO - 127.0.0.1 - - [27/Oct/2025 04:29:38] "GET /api/predecir_horas HTTP/1.1" 200 -
2025-10-27 04:29:38,175 - httpx - INFO - HTTP Request: GET https://ukjrvbwnahfzscsazyhv.supabase.co/rest/v1/arboles_sembrados?select=id%2Cespecie%2Clatitud%2Clongitud%2Cfecha_siembra%2Cfoto_url%2Cuser_email&limit=1000&offset=0&order=fecha_siembra.desc "HTTP/2 200 OK"
2025-10-27 04:29:38,176 - __main__ - INFO - Obtenidos 4 árboles
2025-10-27 04:29:38,176 - werkzeug - INFO - 127.0.0.1 - - [27/Oct/2025 04:29:38] "GET /api/obtener_arboles HTTP/1.1" 200 -
2025-10-27 04:29:47,163 - __main__ - INFO - Subiendo foto: 76e36e16-5cb5-4b70-b81a-aa69d25dfd45.jpeg (9669 bytes)
2025-10-27 04:29:48,008 - httpx - INFO - HTTP Request: POST https://ukjrvbwnahfzscsazyhv.supabase.co/storage/v1/object/arboles-fotos/76e36e16-5cb5-4b70-b81a-aa69d25dfd45.jpeg "HTTP/2 400 Bad Request"
2025-10-27 04:29:48,009 - __main__ - ERROR - Error al subir foto: {'statusCode': 403, 'error': Unauthorized, 'message': new row violates row-level security policy}
2025-10-27 04:29:48,009 - __main__ - ERROR - Error inesperado en upload_foto: Error al subir la foto: {'statusCode': 403, 'error': Unauthorized, 'message': new row violates row-level security policy}
Traceback (most recent call last):
  File "C:\Users\Asus\AppData\Local\Programs\Python\Python312\Lib\site-packages\storage3\_sync\file_api.py", line 76, in _request
    response.raise_for_status()
  File "C:\Users\Asus\AppData\Local\Programs\Python\Python312\Lib\site-packages\httpx\_models.py", line 829, in raise_for_status
    raise HTTPStatusError(message, request=request, response=self)
httpx.HTTPStatusError: Client error '400 Bad Request' for url 'https://ukjrvbwnahfzscsazyhv.supabase.co/storage/v1/object/arboles-fotos/76e36e16-5cb5-4b70-b81a-aa69d25dfd45.jpeg'
For more information check: https://developer.mozilla.org/en-US/docs/Web/HTTP/Status/400

During handling of the above exception, another exception occurred:

Traceback (most recent call last):
  File "C:\Users\Asus\Desktop\reforestacion-manabi\web-reforestacion-manabi\app.py", line 239, in upload_foto
    response = supabase.storage.from_("arboles-fotos").upload(
               ^^^^^^^^^^^^^^^^^^^^^^^^^^^^^^^^^^^^^^^^^^^^^^^
  File "C:\Users\Asus\AppData\Local\Programs\Python\Python312\Lib\site-packages\storage3\_sync\file_api.py", line 545, in upload
    return self._upload_or_update("POST", path_parts, file, file_options)
           ^^^^^^^^^^^^^^^^^^^^^^^^^^^^^^^^^^^^^^^^^^^^^^^^^^^^^^^^^^^^^^
  File "C:\Users\Asus\AppData\Local\Programs\Python\Python312\Lib\site-packages\storage3\_sync\file_api.py", line 517, in _upload_or_update
    response = self._request(
               ^^^^^^^^^^^^^^
  File "C:\Users\Asus\AppData\Local\Programs\Python\Python312\Lib\site-packages\storage3\_sync\file_api.py", line 79, in _request
    raise StorageApiError(resp["message"], resp["error"], resp["statusCode"])
storage3.exceptions.StorageApiError: {'statusCode': 403, 'error': Unauthorized, 'message': new row violates row-level security policy}

During handling of the above exception, another exception occurred:

Traceback (most recent call last):
  File "C:\Users\Asus\Desktop\reforestacion-manabi\web-reforestacion-manabi\app.py", line 47, in decorated_function
    return f(*args, **kwargs)
           ^^^^^^^^^^^^^^^^^^
  File "C:\Users\Asus\Desktop\reforestacion-manabi\web-reforestacion-manabi\app.py", line 262, in upload_foto
    raise Exception(f"Error al subir la foto: {str(e)}")
Exception: Error al subir la foto: {'statusCode': 403, 'error': Unauthorized, 'message': new row violates row-level security policy}
2025-10-27 04:29:48,010 - werkzeug - INFO - 127.0.0.1 - - [27/Oct/2025 04:29:48] "[35m[1mPOST /api/upload_foto HTTP/1.1[0m" 500 -
2025-10-27 04:31:05,425 - __main__ - INFO - Subiendo foto: 9584b02c-d63d-41d0-a5f0-64db54a9dd88.jpeg (9669 bytes)
2025-10-27 04:31:06,182 - httpx - INFO - HTTP Request: POST https://ukjrvbwnahfzscsazyhv.supabase.co/storage/v1/object/arboles-fotos/9584b02c-d63d-41d0-a5f0-64db54a9dd88.jpeg "HTTP/2 400 Bad Request"
2025-10-27 04:31:06,182 - __main__ - ERROR - Error al subir foto: {'statusCode': 403, 'error': Unauthorized, 'message': new row violates row-level security policy}
2025-10-27 04:31:06,183 - __main__ - ERROR - Error inesperado en upload_foto: Error al subir la foto: {'statusCode': 403, 'error': Unauthorized, 'message': new row violates row-level security policy}
Traceback (most recent call last):
  File "C:\Users\Asus\AppData\Local\Programs\Python\Python312\Lib\site-packages\storage3\_sync\file_api.py", line 76, in _request
    response.raise_for_status()
  File "C:\Users\Asus\AppData\Local\Programs\Python\Python312\Lib\site-packages\httpx\_models.py", line 829, in raise_for_status
    raise HTTPStatusError(message, request=request, response=self)
httpx.HTTPStatusError: Client error '400 Bad Request' for url 'https://ukjrvbwnahfzscsazyhv.supabase.co/storage/v1/object/arboles-fotos/9584b02c-d63d-41d0-a5f0-64db54a9dd88.jpeg'
For more information check: https://developer.mozilla.org/en-US/docs/Web/HTTP/Status/400

During handling of the above exception, another exception occurred:

Traceback (most recent call last):
  File "C:\Users\Asus\Desktop\reforestacion-manabi\web-reforestacion-manabi\app.py", line 239, in upload_foto
    response = supabase.storage.from_("arboles-fotos").upload(
               ^^^^^^^^^^^^^^^^^^^^^^^^^^^^^^^^^^^^^^^^^^^^^^^
  File "C:\Users\Asus\AppData\Local\Programs\Python\Python312\Lib\site-packages\storage3\_sync\file_api.py", line 545, in upload
    return self._upload_or_update("POST", path_parts, file, file_options)
           ^^^^^^^^^^^^^^^^^^^^^^^^^^^^^^^^^^^^^^^^^^^^^^^^^^^^^^^^^^^^^^
  File "C:\Users\Asus\AppData\Local\Programs\Python\Python312\Lib\site-packages\storage3\_sync\file_api.py", line 517, in _upload_or_update
    response = self._request(
               ^^^^^^^^^^^^^^
  File "C:\Users\Asus\AppData\Local\Programs\Python\Python312\Lib\site-packages\storage3\_sync\file_api.py", line 79, in _request
    raise StorageApiError(resp["message"], resp["error"], resp["statusCode"])
storage3.exceptions.StorageApiError: {'statusCode': 403, 'error': Unauthorized, 'message': new row violates row-level security policy}

During handling of the above exception, another exception occurred:

Traceback (most recent call last):
  File "C:\Users\Asus\Desktop\reforestacion-manabi\web-reforestacion-manabi\app.py", line 47, in decorated_function
    return f(*args, **kwargs)
           ^^^^^^^^^^^^^^^^^^
  File "C:\Users\Asus\Desktop\reforestacion-manabi\web-reforestacion-manabi\app.py", line 262, in upload_foto
    raise Exception(f"Error al subir la foto: {str(e)}")
Exception: Error al subir la foto: {'statusCode': 403, 'error': Unauthorized, 'message': new row violates row-level security policy}
2025-10-27 04:31:06,183 - werkzeug - INFO - 127.0.0.1 - - [27/Oct/2025 04:31:06] "[35m[1mPOST /api/upload_foto HTTP/1.1[0m" 500 -
2025-10-27 04:36:32,608 - __main__ - INFO - Conexión con Supabase establecida.
2025-10-27 04:36:32,610 - __main__ - INFO - Iniciando Reforesta Manabí...
2025-10-27 04:36:32,637 - werkzeug - INFO - [31m[1mWARNING: This is a development server. Do not use it in a production deployment. Use a production WSGI server instead.[0m
 * Running on all addresses (0.0.0.0)
 * Running on http://127.0.0.1:5000
 * Running on http://192.168.101.54:5000
2025-10-27 04:36:32,638 - werkzeug - INFO - [33mPress CTRL+C to quit[0m
2025-10-27 04:36:32,639 - werkzeug - INFO -  * Restarting with stat
2025-10-27 04:36:33,396 - __main__ - INFO - Conexión con Supabase establecida.
2025-10-27 04:36:33,399 - __main__ - INFO - Iniciando Reforesta Manabí...
2025-10-27 04:36:33,410 - werkzeug - WARNING -  * Debugger is active!
2025-10-27 04:36:33,414 - werkzeug - INFO -  * Debugger PIN: 304-484-615
2025-10-27 04:36:36,088 - werkzeug - INFO - 127.0.0.1 - - [27/Oct/2025 04:36:36] "GET / HTTP/1.1" 200 -
2025-10-27 04:36:36,274 - werkzeug - INFO - 127.0.0.1 - - [27/Oct/2025 04:36:36] "[36mGET /static/main.js HTTP/1.1[0m" 304 -
2025-10-27 04:36:45,518 - __main__ - INFO - Login: marcelomejiauep@gmail.com
2025-10-27 04:36:46,031 - httpx - INFO - HTTP Request: POST https://ukjrvbwnahfzscsazyhv.supabase.co/auth/v1/token?grant_type=password "HTTP/2 200 OK"
2025-10-27 04:36:46,660 - httpx - INFO - HTTP Request: GET https://ukjrvbwnahfzscsazyhv.supabase.co/rest/v1/profiles?select=name&id=eq.6cf8052a-5fd7-413d-beba-1b35343b8f04 "HTTP/2 200 OK"
2025-10-27 04:36:46,661 - werkzeug - INFO - 127.0.0.1 - - [27/Oct/2025 04:36:46] "POST /api/login HTTP/1.1" 200 -
2025-10-27 04:36:46,744 - __main__ - INFO - Obteniendo árboles...
2025-10-27 04:36:46,887 - httpx - INFO - HTTP Request: GET https://ukjrvbwnahfzscsazyhv.supabase.co/rest/v1/arboles_sembrados?select=id "HTTP/2 200 OK"
2025-10-27 04:36:46,888 - werkzeug - INFO - 127.0.0.1 - - [27/Oct/2025 04:36:46] "GET /api/predecir_horas HTTP/1.1" 200 -
2025-10-27 04:36:46,942 - httpx - INFO - HTTP Request: GET https://ukjrvbwnahfzscsazyhv.supabase.co/rest/v1/arboles_sembrados?select=id%2Cespecie%2Clatitud%2Clongitud%2Cfecha_siembra%2Cfoto_url%2Cuser_email&limit=1000&offset=0&order=fecha_siembra.desc "HTTP/2 200 OK"
2025-10-27 04:36:46,943 - __main__ - INFO - Obtenidos 4 árboles
2025-10-27 04:36:46,943 - werkzeug - INFO - 127.0.0.1 - - [27/Oct/2025 04:36:46] "GET /api/obtener_arboles HTTP/1.1" 200 -
2025-10-27 04:36:46,946 - __main__ - INFO - Obteniendo árboles...
2025-10-27 04:36:47,090 - httpx - INFO - HTTP Request: GET https://ukjrvbwnahfzscsazyhv.supabase.co/rest/v1/arboles_sembrados?select=id%2Cespecie%2Clatitud%2Clongitud%2Cfecha_siembra%2Cfoto_url%2Cuser_email&limit=1000&offset=0&order=fecha_siembra.desc "HTTP/2 200 OK"
2025-10-27 04:36:47,091 - __main__ - INFO - Obtenidos 4 árboles
2025-10-27 04:36:47,091 - werkzeug - INFO - 127.0.0.1 - - [27/Oct/2025 04:36:47] "GET /api/obtener_arboles HTTP/1.1" 200 -
2025-10-27 04:36:55,898 - __main__ - INFO - Subiendo foto: 2cfaf393-aa60-4b43-b0aa-d29cabf3cf0d.jpeg (9669 bytes)
2025-10-27 04:36:56,906 - httpx - INFO - HTTP Request: POST https://ukjrvbwnahfzscsazyhv.supabase.co/storage/v1/object/arboles-fotos/2cfaf393-aa60-4b43-b0aa-d29cabf3cf0d.jpeg "HTTP/2 400 Bad Request"
2025-10-27 04:36:56,907 - __main__ - ERROR - Error al subir foto: {'statusCode': 403, 'error': Unauthorized, 'message': new row violates row-level security policy}
2025-10-27 04:36:56,907 - __main__ - ERROR - Error inesperado en upload_foto: Error al subir la foto: {'statusCode': 403, 'error': Unauthorized, 'message': new row violates row-level security policy}
Traceback (most recent call last):
  File "C:\Users\Asus\AppData\Local\Programs\Python\Python312\Lib\site-packages\storage3\_sync\file_api.py", line 76, in _request
    response.raise_for_status()
  File "C:\Users\Asus\AppData\Local\Programs\Python\Python312\Lib\site-packages\httpx\_models.py", line 829, in raise_for_status
    raise HTTPStatusError(message, request=request, response=self)
httpx.HTTPStatusError: Client error '400 Bad Request' for url 'https://ukjrvbwnahfzscsazyhv.supabase.co/storage/v1/object/arboles-fotos/2cfaf393-aa60-4b43-b0aa-d29cabf3cf0d.jpeg'
For more information check: https://developer.mozilla.org/en-US/docs/Web/HTTP/Status/400

During handling of the above exception, another exception occurred:

Traceback (most recent call last):
  File "C:\Users\Asus\Desktop\reforestacion-manabi\web-reforestacion-manabi\app.py", line 239, in upload_foto
    response = supabase.storage.from_("arboles-fotos").upload(
               ^^^^^^^^^^^^^^^^^^^^^^^^^^^^^^^^^^^^^^^^^^^^^^^
  File "C:\Users\Asus\AppData\Local\Programs\Python\Python312\Lib\site-packages\storage3\_sync\file_api.py", line 545, in upload
    return self._upload_or_update("POST", path_parts, file, file_options)
           ^^^^^^^^^^^^^^^^^^^^^^^^^^^^^^^^^^^^^^^^^^^^^^^^^^^^^^^^^^^^^^
  File "C:\Users\Asus\AppData\Local\Programs\Python\Python312\Lib\site-packages\storage3\_sync\file_api.py", line 517, in _upload_or_update
    response = self._request(
               ^^^^^^^^^^^^^^
  File "C:\Users\Asus\AppData\Local\Programs\Python\Python312\Lib\site-packages\storage3\_sync\file_api.py", line 79, in _request
    raise StorageApiError(resp["message"], resp["error"], resp["statusCode"])
storage3.exceptions.StorageApiError: {'statusCode': 403, 'error': Unauthorized, 'message': new row violates row-level security policy}

During handling of the above exception, another exception occurred:

Traceback (most recent call last):
  File "C:\Users\Asus\Desktop\reforestacion-manabi\web-reforestacion-manabi\app.py", line 47, in decorated_function
    return f(*args, **kwargs)
           ^^^^^^^^^^^^^^^^^^
  File "C:\Users\Asus\Desktop\reforestacion-manabi\web-reforestacion-manabi\app.py", line 262, in upload_foto
    raise Exception(f"Error al subir la foto: {str(e)}")
Exception: Error al subir la foto: {'statusCode': 403, 'error': Unauthorized, 'message': new row violates row-level security policy}
2025-10-27 04:36:56,910 - werkzeug - INFO - 127.0.0.1 - - [27/Oct/2025 04:36:56] "[35m[1mPOST /api/upload_foto HTTP/1.1[0m" 500 -
2025-10-27 04:44:48,793 - werkzeug - INFO -  * Detected change in 'C:\\Users\\Asus\\Desktop\\reforestacion-manabi\\web-reforestacion-manabi\\app.py', reloading
2025-10-27 04:44:48,851 - werkzeug - INFO -  * Restarting with stat
2025-10-27 04:44:49,657 - __main__ - INFO - Conexión con Supabase establecida.
2025-10-27 04:44:49,660 - __main__ - INFO - Iniciando Reforesta Manabí...
2025-10-27 04:44:49,675 - werkzeug - WARNING -  * Debugger is active!
2025-10-27 04:44:49,678 - werkzeug - INFO -  * Debugger PIN: 304-484-615
2025-10-27 04:44:59,278 - __main__ - INFO - Conexión con Supabase establecida.
2025-10-27 04:44:59,282 - __main__ - INFO - Iniciando Reforesta Manabí...
2025-10-27 04:44:59,305 - werkzeug - INFO - [31m[1mWARNING: This is a development server. Do not use it in a production deployment. Use a production WSGI server instead.[0m
 * Running on all addresses (0.0.0.0)
 * Running on http://127.0.0.1:5000
 * Running on http://192.168.101.54:5000
2025-10-27 04:44:59,305 - werkzeug - INFO - [33mPress CTRL+C to quit[0m
2025-10-27 04:44:59,307 - werkzeug - INFO -  * Restarting with stat
2025-10-27 04:45:00,147 - __main__ - INFO - Conexión con Supabase establecida.
2025-10-27 04:45:00,151 - __main__ - INFO - Iniciando Reforesta Manabí...
2025-10-27 04:45:00,165 - werkzeug - WARNING -  * Debugger is active!
2025-10-27 04:45:00,168 - werkzeug - INFO -  * Debugger PIN: 304-484-615
2025-10-27 04:45:05,124 - werkzeug - INFO - 127.0.0.1 - - [27/Oct/2025 04:45:05] "GET / HTTP/1.1" 200 -
2025-10-27 04:45:05,274 - werkzeug - INFO - 127.0.0.1 - - [27/Oct/2025 04:45:05] "[36mGET /static/main.js HTTP/1.1[0m" 304 -
2025-10-27 04:45:14,429 - __main__ - INFO - Login: marcelomejiauep@gmail.com
2025-10-27 04:45:14,943 - httpx - INFO - HTTP Request: POST https://ukjrvbwnahfzscsazyhv.supabase.co/auth/v1/token?grant_type=password "HTTP/2 200 OK"
2025-10-27 04:45:15,716 - httpx - INFO - HTTP Request: GET https://ukjrvbwnahfzscsazyhv.supabase.co/rest/v1/profiles?select=name&id=eq.6cf8052a-5fd7-413d-beba-1b35343b8f04 "HTTP/2 200 OK"
2025-10-27 04:45:15,718 - werkzeug - INFO - 127.0.0.1 - - [27/Oct/2025 04:45:15] "POST /api/login HTTP/1.1" 200 -
2025-10-27 04:45:15,786 - __main__ - INFO - Obteniendo árboles...
2025-10-27 04:45:15,996 - httpx - INFO - HTTP Request: GET https://ukjrvbwnahfzscsazyhv.supabase.co/rest/v1/arboles_sembrados?select=id%2Cespecie%2Clatitud%2Clongitud%2Cfecha_siembra%2Cfoto_url%2Cuser_email&limit=1000&offset=0&order=fecha_siembra.desc "HTTP/2 200 OK"
2025-10-27 04:45:15,997 - httpx - INFO - HTTP Request: GET https://ukjrvbwnahfzscsazyhv.supabase.co/rest/v1/arboles_sembrados?select=id "HTTP/2 200 OK"
2025-10-27 04:45:15,998 - werkzeug - INFO - 127.0.0.1 - - [27/Oct/2025 04:45:15] "GET /api/predecir_horas HTTP/1.1" 200 -
2025-10-27 04:45:16,000 - __main__ - INFO - Obtenidos 4 árboles
2025-10-27 04:45:16,000 - werkzeug - INFO - 127.0.0.1 - - [27/Oct/2025 04:45:16] "GET /api/obtener_arboles HTTP/1.1" 200 -
2025-10-27 04:45:16,003 - __main__ - INFO - Obteniendo árboles...
2025-10-27 04:45:16,158 - httpx - INFO - HTTP Request: GET https://ukjrvbwnahfzscsazyhv.supabase.co/rest/v1/arboles_sembrados?select=id%2Cespecie%2Clatitud%2Clongitud%2Cfecha_siembra%2Cfoto_url%2Cuser_email&limit=1000&offset=0&order=fecha_siembra.desc "HTTP/2 200 OK"
2025-10-27 04:45:16,158 - __main__ - INFO - Obtenidos 4 árboles
2025-10-27 04:45:16,159 - werkzeug - INFO - 127.0.0.1 - - [27/Oct/2025 04:45:16] "GET /api/obtener_arboles HTTP/1.1" 200 -
2025-10-27 04:45:25,015 - __main__ - INFO - Subiendo foto: b6661fe4-52e9-4db5-8a26-2766f05178ac.jpeg (9669 bytes)
2025-10-27 04:45:25,935 - httpx - INFO - HTTP Request: POST https://ukjrvbwnahfzscsazyhv.supabase.co/storage/v1/object/arboles-fotos/b6661fe4-52e9-4db5-8a26-2766f05178ac.jpeg "HTTP/2 400 Bad Request"
2025-10-27 04:45:25,935 - __main__ - ERROR - Error al subir foto: {'statusCode': 403, 'error': Unauthorized, 'message': new row violates row-level security policy}
2025-10-27 04:45:25,936 - __main__ - ERROR - Error inesperado en upload_foto: Error al subir la foto: {'statusCode': 403, 'error': Unauthorized, 'message': new row violates row-level security policy}
Traceback (most recent call last):
  File "C:\Users\Asus\AppData\Local\Programs\Python\Python312\Lib\site-packages\storage3\_sync\file_api.py", line 76, in _request
    response.raise_for_status()
  File "C:\Users\Asus\AppData\Local\Programs\Python\Python312\Lib\site-packages\httpx\_models.py", line 829, in raise_for_status
    raise HTTPStatusError(message, request=request, response=self)
httpx.HTTPStatusError: Client error '400 Bad Request' for url 'https://ukjrvbwnahfzscsazyhv.supabase.co/storage/v1/object/arboles-fotos/b6661fe4-52e9-4db5-8a26-2766f05178ac.jpeg'
For more information check: https://developer.mozilla.org/en-US/docs/Web/HTTP/Status/400

During handling of the above exception, another exception occurred:

Traceback (most recent call last):
  File "C:\Users\Asus\Desktop\reforestacion-manabi\web-reforestacion-manabi\app.py", line 242, in upload_foto
    response = supabase.storage.from_("arboles-fotos").upload(
               ^^^^^^^^^^^^^^^^^^^^^^^^^^^^^^^^^^^^^^^^^^^^^^^
  File "C:\Users\Asus\AppData\Local\Programs\Python\Python312\Lib\site-packages\storage3\_sync\file_api.py", line 545, in upload
    return self._upload_or_update("POST", path_parts, file, file_options)
           ^^^^^^^^^^^^^^^^^^^^^^^^^^^^^^^^^^^^^^^^^^^^^^^^^^^^^^^^^^^^^^
  File "C:\Users\Asus\AppData\Local\Programs\Python\Python312\Lib\site-packages\storage3\_sync\file_api.py", line 517, in _upload_or_update
    response = self._request(
               ^^^^^^^^^^^^^^
  File "C:\Users\Asus\AppData\Local\Programs\Python\Python312\Lib\site-packages\storage3\_sync\file_api.py", line 79, in _request
    raise StorageApiError(resp["message"], resp["error"], resp["statusCode"])
storage3.exceptions.StorageApiError: {'statusCode': 403, 'error': Unauthorized, 'message': new row violates row-level security policy}

During handling of the above exception, another exception occurred:

Traceback (most recent call last):
  File "C:\Users\Asus\Desktop\reforestacion-manabi\web-reforestacion-manabi\app.py", line 50, in decorated_function
    return f(*args, **kwargs)
           ^^^^^^^^^^^^^^^^^^
  File "C:\Users\Asus\Desktop\reforestacion-manabi\web-reforestacion-manabi\app.py", line 265, in upload_foto
    raise Exception(f"Error al subir la foto: {str(e)}")
Exception: Error al subir la foto: {'statusCode': 403, 'error': Unauthorized, 'message': new row violates row-level security policy}
2025-10-27 04:45:25,938 - werkzeug - INFO - 127.0.0.1 - - [27/Oct/2025 04:45:25] "[35m[1mPOST /api/upload_foto HTTP/1.1[0m" 500 -
2025-10-27 04:52:31,232 - werkzeug - INFO -  * Detected change in 'C:\\Users\\Asus\\Desktop\\reforestacion-manabi\\web-reforestacion-manabi\\app.py', reloading
2025-10-27 04:52:31,297 - werkzeug - INFO -  * Restarting with stat
2025-10-27 04:52:31,772 - werkzeug - INFO -  * Detected change in 'C:\\Users\\Asus\\Desktop\\reforestacion-manabi\\web-reforestacion-manabi\\app.py', reloading
2025-10-27 04:52:31,851 - werkzeug - INFO -  * Restarting with stat
2025-10-27 04:52:32,122 - __main__ - INFO - Conexión con Supabase establecida.
2025-10-27 04:52:32,126 - __main__ - INFO - Iniciando Reforesta Manabí...
2025-10-27 04:52:32,138 - werkzeug - WARNING -  * Debugger is active!
2025-10-27 04:52:32,142 - werkzeug - INFO -  * Debugger PIN: 304-484-615
2025-10-27 04:52:32,683 - __main__ - INFO - Conexión con Supabase establecida.
2025-10-27 04:52:32,685 - __main__ - INFO - Iniciando Reforesta Manabí...
2025-10-27 04:52:32,698 - werkzeug - WARNING -  * Debugger is active!
2025-10-27 04:52:32,701 - werkzeug - INFO -  * Debugger PIN: 304-484-615
2025-10-27 04:58:34,069 - __main__ - INFO - Conexión con Supabase establecida.
2025-10-27 04:58:34,072 - __main__ - INFO - Iniciando Reforesta Manabí...
2025-10-27 04:58:34,098 - werkzeug - INFO - [31m[1mWARNING: This is a development server. Do not use it in a production deployment. Use a production WSGI server instead.[0m
 * Running on all addresses (0.0.0.0)
 * Running on http://127.0.0.1:5000
 * Running on http://192.168.101.54:5000
2025-10-27 04:58:34,098 - werkzeug - INFO - [33mPress CTRL+C to quit[0m
2025-10-27 04:58:34,099 - werkzeug - INFO -  * Restarting with stat
2025-10-27 04:58:34,834 - __main__ - INFO - Conexión con Supabase establecida.
2025-10-27 04:58:34,838 - __main__ - INFO - Iniciando Reforesta Manabí...
2025-10-27 04:58:34,849 - werkzeug - WARNING -  * Debugger is active!
2025-10-27 04:58:34,854 - werkzeug - INFO -  * Debugger PIN: 304-484-615
2025-10-27 04:58:37,074 - werkzeug - INFO - 127.0.0.1 - - [27/Oct/2025 04:58:37] "GET / HTTP/1.1" 200 -
2025-10-27 04:58:37,357 - werkzeug - INFO - 127.0.0.1 - - [27/Oct/2025 04:58:37] "[36mGET /static/main.js HTTP/1.1[0m" 304 -
2025-10-27 04:58:52,888 - __main__ - INFO - Login: marcelomejiauep@gmail.com
2025-10-27 04:58:53,396 - httpx - INFO - HTTP Request: POST https://ukjrvbwnahfzscsazyhv.supabase.co/auth/v1/token?grant_type=password "HTTP/2 200 OK"
2025-10-27 04:58:54,156 - httpx - INFO - HTTP Request: GET https://ukjrvbwnahfzscsazyhv.supabase.co/rest/v1/profiles?select=name&id=eq.6cf8052a-5fd7-413d-beba-1b35343b8f04 "HTTP/2 200 OK"
2025-10-27 04:58:54,156 - werkzeug - INFO - 127.0.0.1 - - [27/Oct/2025 04:58:54] "POST /api/login HTTP/1.1" 200 -
2025-10-27 04:58:54,225 - __main__ - INFO - Obteniendo árboles...
2025-10-27 04:58:54,495 - httpx - INFO - HTTP Request: GET https://ukjrvbwnahfzscsazyhv.supabase.co/rest/v1/arboles_sembrados?select=id%2Cespecie%2Clatitud%2Clongitud%2Cfecha_siembra%2Cfoto_url%2Cuser_email&limit=1000&offset=0&order=fecha_siembra.desc "HTTP/2 200 OK"
2025-10-27 04:58:54,496 - httpx - INFO - HTTP Request: GET https://ukjrvbwnahfzscsazyhv.supabase.co/rest/v1/arboles_sembrados?select=id "HTTP/2 200 OK"
2025-10-27 04:58:54,497 - werkzeug - INFO - 127.0.0.1 - - [27/Oct/2025 04:58:54] "GET /api/predecir_horas HTTP/1.1" 200 -
2025-10-27 04:58:54,497 - __main__ - INFO - Obtenidos 4 árboles
2025-10-27 04:58:54,498 - werkzeug - INFO - 127.0.0.1 - - [27/Oct/2025 04:58:54] "GET /api/obtener_arboles HTTP/1.1" 200 -
2025-10-27 04:58:54,500 - __main__ - INFO - Obteniendo árboles...
2025-10-27 04:58:54,769 - httpx - INFO - HTTP Request: GET https://ukjrvbwnahfzscsazyhv.supabase.co/rest/v1/arboles_sembrados?select=id%2Cespecie%2Clatitud%2Clongitud%2Cfecha_siembra%2Cfoto_url%2Cuser_email&limit=1000&offset=0&order=fecha_siembra.desc "HTTP/2 200 OK"
2025-10-27 04:58:54,770 - __main__ - INFO - Obtenidos 4 árboles
2025-10-27 04:58:54,770 - werkzeug - INFO - 127.0.0.1 - - [27/Oct/2025 04:58:54] "GET /api/obtener_arboles HTTP/1.1" 200 -
2025-10-27 04:59:10,090 - __main__ - INFO - Subiendo foto: e4f3c8a7-2ed3-4799-b361-89bc33b15bff.jpeg (9669 bytes)
2025-10-27 04:59:11,194 - httpx - INFO - HTTP Request: POST https://ukjrvbwnahfzscsazyhv.supabase.co/storage/v1/object/arboles-fotos/e4f3c8a7-2ed3-4799-b361-89bc33b15bff.jpeg "HTTP/2 400 Bad Request"
2025-10-27 04:59:11,195 - __main__ - ERROR - Error al subir foto: {'statusCode': 403, 'error': Unauthorized, 'message': new row violates row-level security policy}
2025-10-27 04:59:11,195 - __main__ - ERROR - Error inesperado en upload_foto: Error al subir la foto: {'statusCode': 403, 'error': Unauthorized, 'message': new row violates row-level security policy}
Traceback (most recent call last):
  File "C:\Users\Asus\AppData\Local\Programs\Python\Python312\Lib\site-packages\storage3\_sync\file_api.py", line 76, in _request
    response.raise_for_status()
  File "C:\Users\Asus\AppData\Local\Programs\Python\Python312\Lib\site-packages\httpx\_models.py", line 829, in raise_for_status
    raise HTTPStatusError(message, request=request, response=self)
httpx.HTTPStatusError: Client error '400 Bad Request' for url 'https://ukjrvbwnahfzscsazyhv.supabase.co/storage/v1/object/arboles-fotos/e4f3c8a7-2ed3-4799-b361-89bc33b15bff.jpeg'
For more information check: https://developer.mozilla.org/en-US/docs/Web/HTTP/Status/400

During handling of the above exception, another exception occurred:

Traceback (most recent call last):
  File "C:\Users\Asus\Desktop\reforestacion-manabi\web-reforestacion-manabi\app.py", line 239, in upload_foto
    response = supabase.storage.from_("arboles-fotos").upload(
               ^^^^^^^^^^^^^^^^^^^^^^^^^^^^^^^^^^^^^^^^^^^^^^^
  File "C:\Users\Asus\AppData\Local\Programs\Python\Python312\Lib\site-packages\storage3\_sync\file_api.py", line 545, in upload
    return self._upload_or_update("POST", path_parts, file, file_options)
           ^^^^^^^^^^^^^^^^^^^^^^^^^^^^^^^^^^^^^^^^^^^^^^^^^^^^^^^^^^^^^^
  File "C:\Users\Asus\AppData\Local\Programs\Python\Python312\Lib\site-packages\storage3\_sync\file_api.py", line 517, in _upload_or_update
    response = self._request(
               ^^^^^^^^^^^^^^
  File "C:\Users\Asus\AppData\Local\Programs\Python\Python312\Lib\site-packages\storage3\_sync\file_api.py", line 79, in _request
    raise StorageApiError(resp["message"], resp["error"], resp["statusCode"])
storage3.exceptions.StorageApiError: {'statusCode': 403, 'error': Unauthorized, 'message': new row violates row-level security policy}

During handling of the above exception, another exception occurred:

Traceback (most recent call last):
  File "C:\Users\Asus\Desktop\reforestacion-manabi\web-reforestacion-manabi\app.py", line 47, in decorated_function
    return f(*args, **kwargs)
           ^^^^^^^^^^^^^^^^^^
  File "C:\Users\Asus\Desktop\reforestacion-manabi\web-reforestacion-manabi\app.py", line 262, in upload_foto
    raise Exception(f"Error al subir la foto: {str(e)}")
Exception: Error al subir la foto: {'statusCode': 403, 'error': Unauthorized, 'message': new row violates row-level security policy}
2025-10-27 04:59:11,196 - werkzeug - INFO - 127.0.0.1 - - [27/Oct/2025 04:59:11] "[35m[1mPOST /api/upload_foto HTTP/1.1[0m" 500 -
2025-10-27 10:59:50,357 - __main__ - INFO - Conexión con Supabase establecida.
2025-10-27 10:59:50,357 - __main__ - INFO - Iniciando Reforesta Manabí...
2025-10-27 10:59:50,393 - werkzeug - INFO - [31m[1mWARNING: This is a development server. Do not use it in a production deployment. Use a production WSGI server instead.[0m
 * Running on all addresses (0.0.0.0)
 * Running on http://127.0.0.1:5000
 * Running on http://192.168.101.54:5000
2025-10-27 10:59:50,393 - werkzeug - INFO - [33mPress CTRL+C to quit[0m
2025-10-27 10:59:50,393 - werkzeug - INFO -  * Restarting with stat
2025-10-27 10:59:51,151 - __main__ - INFO - Conexión con Supabase establecida.
2025-10-27 10:59:51,164 - __main__ - INFO - Iniciando Reforesta Manabí...
2025-10-27 10:59:51,176 - werkzeug - WARNING -  * Debugger is active!
2025-10-27 10:59:51,180 - werkzeug - INFO -  * Debugger PIN: 304-484-615
2025-10-27 10:59:53,500 - werkzeug - INFO - 127.0.0.1 - - [27/Oct/2025 10:59:53] "GET / HTTP/1.1" 200 -
2025-10-27 10:59:53,730 - werkzeug - INFO - 127.0.0.1 - - [27/Oct/2025 10:59:53] "GET /static/main.js HTTP/1.1" 200 -
2025-10-27 10:59:54,314 - werkzeug - INFO - 127.0.0.1 - - [27/Oct/2025 10:59:54] "[33mGET /favicon.ico HTTP/1.1[0m" 404 -
2025-10-27 11:00:03,374 - __main__ - INFO - Login: marcelomejiauep@gmail.com
2025-10-27 11:00:04,823 - httpx - INFO - HTTP Request: POST https://ukjrvbwnahfzscsazyhv.supabase.co/auth/v1/token?grant_type=password "HTTP/2 200 OK"
2025-10-27 11:00:05,901 - httpx - INFO - HTTP Request: GET https://ukjrvbwnahfzscsazyhv.supabase.co/rest/v1/profiles?select=name&id=eq.6cf8052a-5fd7-413d-beba-1b35343b8f04 "HTTP/2 200 OK"
2025-10-27 11:00:05,905 - werkzeug - INFO - 127.0.0.1 - - [27/Oct/2025 11:00:05] "POST /api/login HTTP/1.1" 200 -
2025-10-27 11:00:05,989 - __main__ - INFO - Obteniendo árboles...
2025-10-27 11:00:05,992 - __main__ - ERROR - Error inesperado en predecir_horas: Server disconnected
Traceback (most recent call last):
  File "C:\Users\Asus\AppData\Local\Programs\Python\Python312\Lib\site-packages\httpx\_transports\default.py", line 101, in map_httpcore_exceptions
    yield
  File "C:\Users\Asus\AppData\Local\Programs\Python\Python312\Lib\site-packages\httpx\_transports\default.py", line 250, in handle_request
    resp = self._pool.handle_request(req)
           ^^^^^^^^^^^^^^^^^^^^^^^^^^^^^^
  File "C:\Users\Asus\AppData\Local\Programs\Python\Python312\Lib\site-packages\httpcore\_sync\connection_pool.py", line 256, in handle_request
    raise exc from None
  File "C:\Users\Asus\AppData\Local\Programs\Python\Python312\Lib\site-packages\httpcore\_sync\connection_pool.py", line 236, in handle_request
    response = connection.handle_request(
               ^^^^^^^^^^^^^^^^^^^^^^^^^^
  File "C:\Users\Asus\AppData\Local\Programs\Python\Python312\Lib\site-packages\httpcore\_sync\connection.py", line 103, in handle_request
    return self._connection.handle_request(request)
           ^^^^^^^^^^^^^^^^^^^^^^^^^^^^^^^^^^^^^^^^
  File "C:\Users\Asus\AppData\Local\Programs\Python\Python312\Lib\site-packages\httpcore\_sync\http2.py", line 187, in handle_request
    raise exc
  File "C:\Users\Asus\AppData\Local\Programs\Python\Python312\Lib\site-packages\httpcore\_sync\http2.py", line 150, in handle_request
    status, headers = self._receive_response(
                      ^^^^^^^^^^^^^^^^^^^^^^^
  File "C:\Users\Asus\AppData\Local\Programs\Python\Python312\Lib\site-packages\httpcore\_sync\http2.py", line 294, in _receive_response
    event = self._receive_stream_event(request, stream_id)
            ^^^^^^^^^^^^^^^^^^^^^^^^^^^^^^^^^^^^^^^^^^^^^^
  File "C:\Users\Asus\AppData\Local\Programs\Python\Python312\Lib\site-packages\httpcore\_sync\http2.py", line 336, in _receive_stream_event
    self._receive_events(request, stream_id)
  File "C:\Users\Asus\AppData\Local\Programs\Python\Python312\Lib\site-packages\httpcore\_sync\http2.py", line 364, in _receive_events
    events = self._read_incoming_data(request)
             ^^^^^^^^^^^^^^^^^^^^^^^^^^^^^^^^^
  File "C:\Users\Asus\AppData\Local\Programs\Python\Python312\Lib\site-packages\httpcore\_sync\http2.py", line 438, in _read_incoming_data
    raise self._read_exception  # pragma: nocover
    ^^^^^^^^^^^^^^^^^^^^^^^^^^
  File "C:\Users\Asus\AppData\Local\Programs\Python\Python312\Lib\site-packages\httpx\_transports\default.py", line 101, in map_httpcore_exceptions
    yield
  File "C:\Users\Asus\AppData\Local\Programs\Python\Python312\Lib\site-packages\httpx\_transports\default.py", line 250, in handle_request
    resp = self._pool.handle_request(req)
           ^^^^^^^^^^^^^^^^^^^^^^^^^^^^^^
  File "C:\Users\Asus\AppData\Local\Programs\Python\Python312\Lib\site-packages\httpcore\_sync\connection_pool.py", line 256, in handle_request
    raise exc from None
  File "C:\Users\Asus\AppData\Local\Programs\Python\Python312\Lib\site-packages\httpcore\_sync\connection_pool.py", line 236, in handle_request
    response = connection.handle_request(
               ^^^^^^^^^^^^^^^^^^^^^^^^^^
  File "C:\Users\Asus\AppData\Local\Programs\Python\Python312\Lib\site-packages\httpcore\_sync\connection.py", line 103, in handle_request
    return self._connection.handle_request(request)
           ^^^^^^^^^^^^^^^^^^^^^^^^^^^^^^^^^^^^^^^^
  File "C:\Users\Asus\AppData\Local\Programs\Python\Python312\Lib\site-packages\httpcore\_sync\http2.py", line 187, in handle_request
    raise exc
  File "C:\Users\Asus\AppData\Local\Programs\Python\Python312\Lib\site-packages\httpcore\_sync\http2.py", line 150, in handle_request
    status, headers = self._receive_response(
                      ^^^^^^^^^^^^^^^^^^^^^^^
  File "C:\Users\Asus\AppData\Local\Programs\Python\Python312\Lib\site-packages\httpcore\_sync\http2.py", line 294, in _receive_response
    event = self._receive_stream_event(request, stream_id)
            ^^^^^^^^^^^^^^^^^^^^^^^^^^^^^^^^^^^^^^^^^^^^^^
  File "C:\Users\Asus\AppData\Local\Programs\Python\Python312\Lib\site-packages\httpcore\_sync\http2.py", line 336, in _receive_stream_event
    self._receive_events(request, stream_id)
  File "C:\Users\Asus\AppData\Local\Programs\Python\Python312\Lib\site-packages\httpcore\_sync\http2.py", line 364, in _receive_events
    events = self._read_incoming_data(request)
             ^^^^^^^^^^^^^^^^^^^^^^^^^^^^^^^^^
  File "C:\Users\Asus\AppData\Local\Programs\Python\Python312\Lib\site-packages\httpcore\_sync\http2.py", line 455, in _read_incoming_data
    raise exc
  File "C:\Users\Asus\AppData\Local\Programs\Python\Python312\Lib\site-packages\httpcore\_sync\http2.py", line 443, in _read_incoming_data
    raise RemoteProtocolError("Server disconnected")
httpcore.RemoteProtocolError: Server disconnected

The above exception was the direct cause of the following exception:

Traceback (most recent call last):
  File "C:\Users\Asus\Desktop\reforestacion-manabi\web-reforestacion-manabi\app.py", line 47, in decorated_function
    return f(*args, **kwargs)
           ^^^^^^^^^^^^^^^^^^
  File "C:\Users\Asus\Desktop\reforestacion-manabi\web-reforestacion-manabi\app.py", line 269, in predecir_horas
    response = supabase.table("arboles_sembrados").select("id", count='exact').execute()
               ^^^^^^^^^^^^^^^^^^^^^^^^^^^^^^^^^^^^^^^^^^^^^^^^^^^^^^^^^^^^^^^^^^^^^^^^^
  File "C:\Users\Asus\AppData\Local\Programs\Python\Python312\Lib\site-packages\postgrest\_sync\request_builder.py", line 47, in execute
    r = self.request.send()
        ^^^^^^^^^^^^^^^^^^^
  File "C:\Users\Asus\AppData\Local\Programs\Python\Python312\Lib\site-packages\postgrest\base_request_builder.py", line 81, in send
    return self.session.request(
           ^^^^^^^^^^^^^^^^^^^^^
  File "C:\Users\Asus\AppData\Local\Programs\Python\Python312\Lib\site-packages\httpx\_client.py", line 825, in request
    return self.send(request, auth=auth, follow_redirects=follow_redirects)
           ^^^^^^^^^^^^^^^^^^^^^^^^^^^^^^^^^^^^^^^^^^^^^^^^^^^^^^^^^^^^^^^^
  File "C:\Users\Asus\AppData\Local\Programs\Python\Python312\Lib\site-packages\httpx\_client.py", line 914, in send
    response = self._send_handling_auth(
               ^^^^^^^^^^^^^^^^^^^^^^^^^
  File "C:\Users\Asus\AppData\Local\Programs\Python\Python312\Lib\site-packages\httpx\_client.py", line 942, in _send_handling_auth
    response = self._send_handling_redirects(
               ^^^^^^^^^^^^^^^^^^^^^^^^^^^^^^
  File "C:\Users\Asus\AppData\Local\Programs\Python\Python312\Lib\site-packages\httpx\_client.py", line 979, in _send_handling_redirects
    response = self._send_single_request(request)
               ^^^^^^^^^^^^^^^^^^^^^^^^^^^^^^^^^^
  File "C:\Users\Asus\AppData\Local\Programs\Python\Python312\Lib\site-packages\httpx\_client.py", line 1014, in _send_single_request
    response = transport.handle_request(request)
               ^^^^^^^^^^^^^^^^^^^^^^^^^^^^^^^^^
  File "C:\Users\Asus\AppData\Local\Programs\Python\Python312\Lib\site-packages\httpx\_transports\default.py", line 249, in handle_request
    with map_httpcore_exceptions():
  File "C:\Users\Asus\AppData\Local\Programs\Python\Python312\Lib\contextlib.py", line 158, in __exit__
    self.gen.throw(value)
  File "C:\Users\Asus\AppData\Local\Programs\Python\Python312\Lib\site-packages\httpx\_transports\default.py", line 118, in map_httpcore_exceptions
    raise mapped_exc(message) from exc
httpx.RemoteProtocolError: Server disconnected
2025-10-27 11:00:05,993 - __main__ - ERROR - Error inesperado en obtener_arboles: Server disconnected
Traceback (most recent call last):
  File "C:\Users\Asus\AppData\Local\Programs\Python\Python312\Lib\site-packages\httpx\_transports\default.py", line 101, in map_httpcore_exceptions
    yield
  File "C:\Users\Asus\AppData\Local\Programs\Python\Python312\Lib\site-packages\httpx\_transports\default.py", line 250, in handle_request
    resp = self._pool.handle_request(req)
           ^^^^^^^^^^^^^^^^^^^^^^^^^^^^^^
  File "C:\Users\Asus\AppData\Local\Programs\Python\Python312\Lib\site-packages\httpcore\_sync\connection_pool.py", line 256, in handle_request
    raise exc from None
  File "C:\Users\Asus\AppData\Local\Programs\Python\Python312\Lib\site-packages\httpcore\_sync\connection_pool.py", line 236, in handle_request
    response = connection.handle_request(
               ^^^^^^^^^^^^^^^^^^^^^^^^^^
  File "C:\Users\Asus\AppData\Local\Programs\Python\Python312\Lib\site-packages\httpcore\_sync\connection.py", line 103, in handle_request
    return self._connection.handle_request(request)
           ^^^^^^^^^^^^^^^^^^^^^^^^^^^^^^^^^^^^^^^^
  File "C:\Users\Asus\AppData\Local\Programs\Python\Python312\Lib\site-packages\httpcore\_sync\http2.py", line 187, in handle_request
    raise exc
  File "C:\Users\Asus\AppData\Local\Programs\Python\Python312\Lib\site-packages\httpcore\_sync\http2.py", line 150, in handle_request
    status, headers = self._receive_response(
                      ^^^^^^^^^^^^^^^^^^^^^^^
  File "C:\Users\Asus\AppData\Local\Programs\Python\Python312\Lib\site-packages\httpcore\_sync\http2.py", line 294, in _receive_response
    event = self._receive_stream_event(request, stream_id)
            ^^^^^^^^^^^^^^^^^^^^^^^^^^^^^^^^^^^^^^^^^^^^^^
  File "C:\Users\Asus\AppData\Local\Programs\Python\Python312\Lib\site-packages\httpcore\_sync\http2.py", line 336, in _receive_stream_event
    self._receive_events(request, stream_id)
  File "C:\Users\Asus\AppData\Local\Programs\Python\Python312\Lib\site-packages\httpcore\_sync\http2.py", line 364, in _receive_events
    events = self._read_incoming_data(request)
             ^^^^^^^^^^^^^^^^^^^^^^^^^^^^^^^^^
  File "C:\Users\Asus\AppData\Local\Programs\Python\Python312\Lib\site-packages\httpcore\_sync\http2.py", line 438, in _read_incoming_data
    raise self._read_exception  # pragma: nocover
    ^^^^^^^^^^^^^^^^^^^^^^^^^^
  File "C:\Users\Asus\AppData\Local\Programs\Python\Python312\Lib\site-packages\httpx\_transports\default.py", line 101, in map_httpcore_exceptions
    yield
  File "C:\Users\Asus\AppData\Local\Programs\Python\Python312\Lib\site-packages\httpx\_transports\default.py", line 250, in handle_request
    resp = self._pool.handle_request(req)
           ^^^^^^^^^^^^^^^^^^^^^^^^^^^^^^
  File "C:\Users\Asus\AppData\Local\Programs\Python\Python312\Lib\site-packages\httpcore\_sync\connection_pool.py", line 256, in handle_request
    raise exc from None
  File "C:\Users\Asus\AppData\Local\Programs\Python\Python312\Lib\site-packages\httpcore\_sync\connection_pool.py", line 236, in handle_request
    response = connection.handle_request(
               ^^^^^^^^^^^^^^^^^^^^^^^^^^
  File "C:\Users\Asus\AppData\Local\Programs\Python\Python312\Lib\site-packages\httpcore\_sync\connection.py", line 103, in handle_request
    return self._connection.handle_request(request)
           ^^^^^^^^^^^^^^^^^^^^^^^^^^^^^^^^^^^^^^^^
  File "C:\Users\Asus\AppData\Local\Programs\Python\Python312\Lib\site-packages\httpcore\_sync\http2.py", line 187, in handle_request
    raise exc
  File "C:\Users\Asus\AppData\Local\Programs\Python\Python312\Lib\site-packages\httpcore\_sync\http2.py", line 150, in handle_request
    status, headers = self._receive_response(
                      ^^^^^^^^^^^^^^^^^^^^^^^
  File "C:\Users\Asus\AppData\Local\Programs\Python\Python312\Lib\site-packages\httpcore\_sync\http2.py", line 294, in _receive_response
    event = self._receive_stream_event(request, stream_id)
            ^^^^^^^^^^^^^^^^^^^^^^^^^^^^^^^^^^^^^^^^^^^^^^
  File "C:\Users\Asus\AppData\Local\Programs\Python\Python312\Lib\site-packages\httpcore\_sync\http2.py", line 336, in _receive_stream_event
    self._receive_events(request, stream_id)
  File "C:\Users\Asus\AppData\Local\Programs\Python\Python312\Lib\site-packages\httpcore\_sync\http2.py", line 364, in _receive_events
    events = self._read_incoming_data(request)
             ^^^^^^^^^^^^^^^^^^^^^^^^^^^^^^^^^
  File "C:\Users\Asus\AppData\Local\Programs\Python\Python312\Lib\site-packages\httpcore\_sync\http2.py", line 455, in _read_incoming_data
    raise exc
  File "C:\Users\Asus\AppData\Local\Programs\Python\Python312\Lib\site-packages\httpcore\_sync\http2.py", line 443, in _read_incoming_data
    raise RemoteProtocolError("Server disconnected")
httpcore.RemoteProtocolError: Server disconnected

The above exception was the direct cause of the following exception:

Traceback (most recent call last):
  File "C:\Users\Asus\Desktop\reforestacion-manabi\web-reforestacion-manabi\app.py", line 47, in decorated_function
    return f(*args, **kwargs)
           ^^^^^^^^^^^^^^^^^^
  File "C:\Users\Asus\Desktop\reforestacion-manabi\web-reforestacion-manabi\app.py", line 98, in obtener_arboles
    .limit(limit).offset(offset).order('fecha_siembra', desc=True).execute()
                                                                   ^^^^^^^^^
  File "C:\Users\Asus\AppData\Local\Programs\Python\Python312\Lib\site-packages\postgrest\_sync\request_builder.py", line 47, in execute
    r = self.request.send()
        ^^^^^^^^^^^^^^^^^^^
  File "C:\Users\Asus\AppData\Local\Programs\Python\Python312\Lib\site-packages\postgrest\base_request_builder.py", line 81, in send
    return self.session.request(
           ^^^^^^^^^^^^^^^^^^^^^
  File "C:\Users\Asus\AppData\Local\Programs\Python\Python312\Lib\site-packages\httpx\_client.py", line 825, in request
    return self.send(request, auth=auth, follow_redirects=follow_redirects)
           ^^^^^^^^^^^^^^^^^^^^^^^^^^^^^^^^^^^^^^^^^^^^^^^^^^^^^^^^^^^^^^^^
  File "C:\Users\Asus\AppData\Local\Programs\Python\Python312\Lib\site-packages\httpx\_client.py", line 914, in send
    response = self._send_handling_auth(
               ^^^^^^^^^^^^^^^^^^^^^^^^^
  File "C:\Users\Asus\AppData\Local\Programs\Python\Python312\Lib\site-packages\httpx\_client.py", line 942, in _send_handling_auth
    response = self._send_handling_redirects(
               ^^^^^^^^^^^^^^^^^^^^^^^^^^^^^^
  File "C:\Users\Asus\AppData\Local\Programs\Python\Python312\Lib\site-packages\httpx\_client.py", line 979, in _send_handling_redirects
    response = self._send_single_request(request)
               ^^^^^^^^^^^^^^^^^^^^^^^^^^^^^^^^^^
  File "C:\Users\Asus\AppData\Local\Programs\Python\Python312\Lib\site-packages\httpx\_client.py", line 1014, in _send_single_request
    response = transport.handle_request(request)
               ^^^^^^^^^^^^^^^^^^^^^^^^^^^^^^^^^
  File "C:\Users\Asus\AppData\Local\Programs\Python\Python312\Lib\site-packages\httpx\_transports\default.py", line 249, in handle_request
    with map_httpcore_exceptions():
  File "C:\Users\Asus\AppData\Local\Programs\Python\Python312\Lib\contextlib.py", line 158, in __exit__
    self.gen.throw(value)
  File "C:\Users\Asus\AppData\Local\Programs\Python\Python312\Lib\site-packages\httpx\_transports\default.py", line 118, in map_httpcore_exceptions
    raise mapped_exc(message) from exc
httpx.RemoteProtocolError: Server disconnected
2025-10-27 11:00:06,207 - werkzeug - INFO - 127.0.0.1 - - [27/Oct/2025 11:00:06] "[35m[1mGET /api/predecir_horas HTTP/1.1[0m" 500 -
2025-10-27 11:00:06,209 - werkzeug - INFO - 127.0.0.1 - - [27/Oct/2025 11:00:06] "[35m[1mGET /api/obtener_arboles HTTP/1.1[0m" 500 -
2025-10-27 11:00:06,211 - __main__ - INFO - Obteniendo árboles...
2025-10-27 11:00:06,474 - httpx - INFO - HTTP Request: GET https://ukjrvbwnahfzscsazyhv.supabase.co/rest/v1/arboles_sembrados?select=id%2Cespecie%2Clatitud%2Clongitud%2Cfecha_siembra%2Cfoto_url%2Cuser_email&limit=1000&offset=0&order=fecha_siembra.desc "HTTP/2 200 OK"
2025-10-27 11:00:06,479 - __main__ - INFO - Obtenidos 4 árboles
2025-10-27 11:00:06,479 - werkzeug - INFO - 127.0.0.1 - - [27/Oct/2025 11:00:06] "GET /api/obtener_arboles HTTP/1.1" 200 -
2025-10-27 11:00:16,324 - __main__ - INFO - Obteniendo árboles...
2025-10-27 11:00:16,574 - httpx - INFO - HTTP Request: GET https://ukjrvbwnahfzscsazyhv.supabase.co/rest/v1/arboles_sembrados?select=id%2Cespecie%2Clatitud%2Clongitud%2Cfecha_siembra%2Cfoto_url%2Cuser_email&limit=1000&offset=0&order=fecha_siembra.desc "HTTP/2 200 OK"
2025-10-27 11:00:16,574 - __main__ - INFO - Obtenidos 4 árboles
2025-10-27 11:00:16,574 - werkzeug - INFO - 127.0.0.1 - - [27/Oct/2025 11:00:16] "GET /api/obtener_arboles HTTP/1.1" 200 -
2025-10-27 11:00:20,533 - __main__ - INFO - Obteniendo árboles...
2025-10-27 11:00:20,680 - httpx - INFO - HTTP Request: GET https://ukjrvbwnahfzscsazyhv.supabase.co/rest/v1/arboles_sembrados?select=id%2Cespecie%2Clatitud%2Clongitud%2Cfecha_siembra%2Cfoto_url%2Cuser_email&limit=1000&offset=0&order=fecha_siembra.desc "HTTP/2 200 OK"
2025-10-27 11:00:20,680 - __main__ - INFO - Obtenidos 4 árboles
2025-10-27 11:00:20,680 - werkzeug - INFO - 127.0.0.1 - - [27/Oct/2025 11:00:20] "GET /api/obtener_arboles HTTP/1.1" 200 -
2025-10-27 11:04:50,651 - __main__ - INFO - Obteniendo árboles...
2025-10-27 11:04:51,529 - httpx - INFO - HTTP Request: GET https://ukjrvbwnahfzscsazyhv.supabase.co/rest/v1/arboles_sembrados?select=id%2Cespecie%2Clatitud%2Clongitud%2Cfecha_siembra%2Cfoto_url%2Cuser_email&limit=1000&offset=0&order=fecha_siembra.desc "HTTP/2 200 OK"
2025-10-27 11:04:51,535 - __main__ - INFO - Obtenidos 4 árboles
2025-10-27 11:04:51,535 - werkzeug - INFO - 127.0.0.1 - - [27/Oct/2025 11:04:51] "GET /api/obtener_arboles HTTP/1.1" 200 -
2025-10-27 11:19:16,822 - __main__ - INFO - Conexión con Supabase establecida.
2025-10-27 11:19:16,830 - __main__ - INFO - Iniciando Reforesta Manabí...
2025-10-27 11:19:16,877 - werkzeug - INFO - [31m[1mWARNING: This is a development server. Do not use it in a production deployment. Use a production WSGI server instead.[0m
 * Running on all addresses (0.0.0.0)
 * Running on http://127.0.0.1:5000
 * Running on http://10.82.5.226:5000
2025-10-27 11:19:16,877 - werkzeug - INFO - [33mPress CTRL+C to quit[0m
2025-10-27 11:19:16,877 - werkzeug - INFO -  * Restarting with stat
2025-10-27 11:19:18,818 - __main__ - INFO - Conexión con Supabase establecida.
2025-10-27 11:19:18,837 - __main__ - INFO - Iniciando Reforesta Manabí...
2025-10-27 11:19:18,880 - werkzeug - WARNING -  * Debugger is active!
2025-10-27 11:19:18,885 - werkzeug - INFO -  * Debugger PIN: 304-484-615
2025-10-27 11:19:25,866 - werkzeug - INFO - 127.0.0.1 - - [27/Oct/2025 11:19:25] "GET / HTTP/1.1" 200 -
2025-10-27 11:19:26,660 - werkzeug - INFO - 127.0.0.1 - - [27/Oct/2025 11:19:26] "[36mGET /static/main.js HTTP/1.1[0m" 304 -
2025-10-27 11:19:28,389 - werkzeug - INFO - 127.0.0.1 - - [27/Oct/2025 11:19:28] "[33mGET /favicon.ico HTTP/1.1[0m" 404 -
2025-10-27 11:19:37,785 - __main__ - INFO - Login: marcelomejiauep@gmail.com
2025-10-27 11:19:37,799 - __main__ - WARNING - Error de validación en login_user: Credenciales inválidas
2025-10-27 11:19:37,799 - werkzeug - INFO - 127.0.0.1 - - [27/Oct/2025 11:19:37] "[31m[1mPOST /api/login HTTP/1.1[0m" 400 -
2025-10-27 11:20:07,635 - __main__ - INFO - Login: marcelomejiauep@gmail.com
2025-10-27 11:20:07,644 - __main__ - INFO - Login: marcelomejiauep@gmail.com
2025-10-27 11:20:07,660 - __main__ - INFO - Login: marcelomejiauep@gmail.com
2025-10-27 11:20:11,256 - __main__ - INFO - Login: marcelomejiauep@gmail.com
2025-10-27 11:20:11,256 - __main__ - INFO - Login: marcelomejiauep@gmail.com
2025-10-27 11:20:11,263 - __main__ - INFO - Login: marcelomejiauep@gmail.com
2025-10-27 11:20:21,040 - httpx - INFO - HTTP Request: POST https://ukjrvbwnahfzscsazyhv.supabase.co/auth/v1/token?grant_type=password "HTTP/2 200 OK"
2025-10-27 11:20:21,101 - httpx - INFO - HTTP Request: POST https://ukjrvbwnahfzscsazyhv.supabase.co/auth/v1/token?grant_type=password "HTTP/2 200 OK"
2025-10-27 11:20:21,102 - httpx - INFO - HTTP Request: POST https://ukjrvbwnahfzscsazyhv.supabase.co/auth/v1/token?grant_type=password "HTTP/2 200 OK"
2025-10-27 11:20:21,102 - httpx - INFO - HTTP Request: POST https://ukjrvbwnahfzscsazyhv.supabase.co/auth/v1/token?grant_type=password "HTTP/2 200 OK"
2025-10-27 11:20:21,102 - httpx - INFO - HTTP Request: POST https://ukjrvbwnahfzscsazyhv.supabase.co/auth/v1/token?grant_type=password "HTTP/2 200 OK"
2025-10-27 11:20:21,102 - httpx - INFO - HTTP Request: POST https://ukjrvbwnahfzscsazyhv.supabase.co/auth/v1/token?grant_type=password "HTTP/2 200 OK"
2025-10-27 11:20:27,378 - httpx - INFO - HTTP Request: GET https://ukjrvbwnahfzscsazyhv.supabase.co/rest/v1/profiles?select=name&id=eq.6cf8052a-5fd7-413d-beba-1b35343b8f04 "HTTP/2 200 OK"
2025-10-27 11:20:27,380 - httpx - INFO - HTTP Request: GET https://ukjrvbwnahfzscsazyhv.supabase.co/rest/v1/profiles?select=name&id=eq.6cf8052a-5fd7-413d-beba-1b35343b8f04 "HTTP/2 200 OK"
2025-10-27 11:20:27,391 - httpx - INFO - HTTP Request: GET https://ukjrvbwnahfzscsazyhv.supabase.co/rest/v1/profiles?select=name&id=eq.6cf8052a-5fd7-413d-beba-1b35343b8f04 "HTTP/2 200 OK"
2025-10-27 11:20:27,392 - httpx - INFO - HTTP Request: GET https://ukjrvbwnahfzscsazyhv.supabase.co/rest/v1/profiles?select=name&id=eq.6cf8052a-5fd7-413d-beba-1b35343b8f04 "HTTP/2 200 OK"
2025-10-27 11:20:27,392 - httpx - INFO - HTTP Request: GET https://ukjrvbwnahfzscsazyhv.supabase.co/rest/v1/profiles?select=name&id=eq.6cf8052a-5fd7-413d-beba-1b35343b8f04 "HTTP/2 200 OK"
2025-10-27 11:20:27,392 - werkzeug - INFO - 127.0.0.1 - - [27/Oct/2025 11:20:27] "POST /api/login HTTP/1.1" 200 -
2025-10-27 11:20:27,392 - werkzeug - INFO - 127.0.0.1 - - [27/Oct/2025 11:20:27] "POST /api/login HTTP/1.1" 200 -
2025-10-27 11:20:27,392 - httpx - INFO - HTTP Request: GET https://ukjrvbwnahfzscsazyhv.supabase.co/rest/v1/profiles?select=name&id=eq.6cf8052a-5fd7-413d-beba-1b35343b8f04 "HTTP/2 200 OK"
2025-10-27 11:20:27,410 - werkzeug - INFO - 127.0.0.1 - - [27/Oct/2025 11:20:27] "POST /api/login HTTP/1.1" 200 -
2025-10-27 11:20:27,410 - werkzeug - INFO - 127.0.0.1 - - [27/Oct/2025 11:20:27] "POST /api/login HTTP/1.1" 200 -
2025-10-27 11:20:27,416 - werkzeug - INFO - 127.0.0.1 - - [27/Oct/2025 11:20:27] "POST /api/login HTTP/1.1" 200 -
2025-10-27 11:20:27,425 - werkzeug - INFO - 127.0.0.1 - - [27/Oct/2025 11:20:27] "POST /api/login HTTP/1.1" 200 -
2025-10-27 11:20:27,433 - __main__ - INFO - Login: marcelomejiauep@gmail.com
2025-10-27 11:20:27,433 - __main__ - INFO - Login: marcelomejiauep@gmail.com
2025-10-27 11:20:27,593 - __main__ - INFO - Obteniendo árboles...
2025-10-27 11:20:27,789 - httpx - INFO - HTTP Request: POST https://ukjrvbwnahfzscsazyhv.supabase.co/auth/v1/token?grant_type=password "HTTP/2 200 OK"
2025-10-27 11:20:27,805 - httpx - INFO - HTTP Request: POST https://ukjrvbwnahfzscsazyhv.supabase.co/auth/v1/token?grant_type=password "HTTP/2 200 OK"
2025-10-27 11:20:27,863 - httpx - INFO - HTTP Request: GET https://ukjrvbwnahfzscsazyhv.supabase.co/rest/v1/arboles_sembrados?select=id%2Cespecie%2Clatitud%2Clongitud%2Cfecha_siembra%2Cfoto_url%2Cuser_email&limit=1000&offset=0&order=fecha_siembra.desc "HTTP/2 200 OK"
2025-10-27 11:20:27,871 - __main__ - INFO - Obtenidos 4 árboles
2025-10-27 11:20:27,871 - httpx - INFO - HTTP Request: GET https://ukjrvbwnahfzscsazyhv.supabase.co/rest/v1/arboles_sembrados?select=id "HTTP/2 200 OK"
2025-10-27 11:20:27,871 - werkzeug - INFO - 127.0.0.1 - - [27/Oct/2025 11:20:27] "GET /api/obtener_arboles HTTP/1.1" 200 -
2025-10-27 11:20:27,871 - werkzeug - INFO - 127.0.0.1 - - [27/Oct/2025 11:20:27] "GET /api/predecir_horas HTTP/1.1" 200 -
2025-10-27 11:20:27,871 - __main__ - INFO - Obteniendo árboles...
2025-10-27 11:20:29,500 - httpx - INFO - HTTP Request: GET https://ukjrvbwnahfzscsazyhv.supabase.co/rest/v1/profiles?select=name&id=eq.6cf8052a-5fd7-413d-beba-1b35343b8f04 "HTTP/2 200 OK"
2025-10-27 11:20:29,502 - httpx - INFO - HTTP Request: GET https://ukjrvbwnahfzscsazyhv.supabase.co/rest/v1/profiles?select=name&id=eq.6cf8052a-5fd7-413d-beba-1b35343b8f04 "HTTP/2 200 OK"
2025-10-27 11:20:29,505 - httpx - INFO - HTTP Request: GET https://ukjrvbwnahfzscsazyhv.supabase.co/rest/v1/arboles_sembrados?select=id "HTTP/2 200 OK"
2025-10-27 11:20:29,507 - werkzeug - INFO - 127.0.0.1 - - [27/Oct/2025 11:20:29] "POST /api/login HTTP/1.1" 200 -
2025-10-27 11:20:29,511 - werkzeug - INFO - 127.0.0.1 - - [27/Oct/2025 11:20:29] "POST /api/login HTTP/1.1" 200 -
2025-10-27 11:20:29,513 - werkzeug - INFO - 127.0.0.1 - - [27/Oct/2025 11:20:29] "GET /api/predecir_horas HTTP/1.1" 200 -
2025-10-27 11:20:30,211 - httpx - INFO - HTTP Request: GET https://ukjrvbwnahfzscsazyhv.supabase.co/rest/v1/arboles_sembrados?select=id%2Cespecie%2Clatitud%2Clongitud%2Cfecha_siembra%2Cfoto_url%2Cuser_email&limit=1000&offset=0&order=fecha_siembra.desc "HTTP/2 200 OK"
2025-10-27 11:20:30,211 - httpx - INFO - HTTP Request: GET https://ukjrvbwnahfzscsazyhv.supabase.co/rest/v1/arboles_sembrados?select=id "HTTP/2 200 OK"
2025-10-27 11:20:30,211 - werkzeug - INFO - 127.0.0.1 - - [27/Oct/2025 11:20:30] "GET /api/predecir_horas HTTP/1.1" 200 -
2025-10-27 11:20:30,211 - __main__ - INFO - Obtenidos 4 árboles
2025-10-27 11:20:30,211 - werkzeug - INFO - 127.0.0.1 - - [27/Oct/2025 11:20:30] "GET /api/obtener_arboles HTTP/1.1" 200 -
2025-10-27 11:20:30,235 - __main__ - INFO - Obteniendo árboles...
2025-10-27 11:20:30,350 - httpx - INFO - HTTP Request: GET https://ukjrvbwnahfzscsazyhv.supabase.co/rest/v1/arboles_sembrados?select=id "HTTP/2 200 OK"
2025-10-27 11:20:30,358 - werkzeug - INFO - 127.0.0.1 - - [27/Oct/2025 11:20:30] "GET /api/predecir_horas HTTP/1.1" 200 -
2025-10-27 11:20:30,376 - httpx - INFO - HTTP Request: GET https://ukjrvbwnahfzscsazyhv.supabase.co/rest/v1/arboles_sembrados?select=id%2Cespecie%2Clatitud%2Clongitud%2Cfecha_siembra%2Cfoto_url%2Cuser_email&limit=1000&offset=0&order=fecha_siembra.desc "HTTP/2 200 OK"
2025-10-27 11:20:30,383 - __main__ - INFO - Obtenidos 4 árboles
2025-10-27 11:20:30,383 - werkzeug - INFO - 127.0.0.1 - - [27/Oct/2025 11:20:30] "GET /api/obtener_arboles HTTP/1.1" 200 -
2025-10-27 11:20:30,393 - __main__ - INFO - Obteniendo árboles...
2025-10-27 11:20:31,122 - httpx - INFO - HTTP Request: GET https://ukjrvbwnahfzscsazyhv.supabase.co/rest/v1/arboles_sembrados?select=id "HTTP/2 200 OK"
2025-10-27 11:20:31,132 - werkzeug - INFO - 127.0.0.1 - - [27/Oct/2025 11:20:31] "GET /api/predecir_horas HTTP/1.1" 200 -
2025-10-27 11:20:31,133 - httpx - INFO - HTTP Request: GET https://ukjrvbwnahfzscsazyhv.supabase.co/rest/v1/arboles_sembrados?select=id%2Cespecie%2Clatitud%2Clongitud%2Cfecha_siembra%2Cfoto_url%2Cuser_email&limit=1000&offset=0&order=fecha_siembra.desc "HTTP/2 200 OK"
2025-10-27 11:20:31,133 - __main__ - INFO - Obtenidos 4 árboles
2025-10-27 11:20:31,138 - werkzeug - INFO - 127.0.0.1 - - [27/Oct/2025 11:20:31] "GET /api/obtener_arboles HTTP/1.1" 200 -
2025-10-27 11:20:31,152 - __main__ - INFO - Obteniendo árboles...
2025-10-27 11:20:31,280 - httpx - INFO - HTTP Request: GET https://ukjrvbwnahfzscsazyhv.supabase.co/rest/v1/arboles_sembrados?select=id "HTTP/2 200 OK"
2025-10-27 11:20:31,284 - werkzeug - INFO - 127.0.0.1 - - [27/Oct/2025 11:20:31] "GET /api/predecir_horas HTTP/1.1" 200 -
2025-10-27 11:20:31,303 - httpx - INFO - HTTP Request: GET https://ukjrvbwnahfzscsazyhv.supabase.co/rest/v1/arboles_sembrados?select=id%2Cespecie%2Clatitud%2Clongitud%2Cfecha_siembra%2Cfoto_url%2Cuser_email&limit=1000&offset=0&order=fecha_siembra.desc "HTTP/2 200 OK"
2025-10-27 11:20:31,780 - httpx - INFO - HTTP Request: GET https://ukjrvbwnahfzscsazyhv.supabase.co/rest/v1/arboles_sembrados?select=id "HTTP/2 200 OK"
2025-10-27 11:20:31,783 - __main__ - INFO - Obtenidos 4 árboles
2025-10-27 11:20:31,785 - werkzeug - INFO - 127.0.0.1 - - [27/Oct/2025 11:20:31] "GET /api/predecir_horas HTTP/1.1" 200 -
2025-10-27 11:20:31,787 - werkzeug - INFO - 127.0.0.1 - - [27/Oct/2025 11:20:31] "GET /api/obtener_arboles HTTP/1.1" 200 -
2025-10-27 11:20:31,805 - __main__ - INFO - Obteniendo árboles...
2025-10-27 11:20:31,971 - httpx - INFO - HTTP Request: GET https://ukjrvbwnahfzscsazyhv.supabase.co/rest/v1/arboles_sembrados?select=id "HTTP/2 200 OK"
2025-10-27 11:20:32,270 - httpx - INFO - HTTP Request: GET https://ukjrvbwnahfzscsazyhv.supabase.co/rest/v1/arboles_sembrados?select=id%2Cespecie%2Clatitud%2Clongitud%2Cfecha_siembra%2Cfoto_url%2Cuser_email&limit=1000&offset=0&order=fecha_siembra.desc "HTTP/2 200 OK"
2025-10-27 11:20:32,272 - werkzeug - INFO - 127.0.0.1 - - [27/Oct/2025 11:20:32] "GET /api/predecir_horas HTTP/1.1" 200 -
2025-10-27 11:20:32,272 - __main__ - INFO - Obtenidos 4 árboles
2025-10-27 11:20:32,272 - werkzeug - INFO - 127.0.0.1 - - [27/Oct/2025 11:20:32] "GET /api/obtener_arboles HTTP/1.1" 200 -
2025-10-27 11:20:32,283 - __main__ - INFO - Obteniendo árboles...
2025-10-27 11:20:32,603 - httpx - INFO - HTTP Request: GET https://ukjrvbwnahfzscsazyhv.supabase.co/rest/v1/arboles_sembrados?select=id%2Cespecie%2Clatitud%2Clongitud%2Cfecha_siembra%2Cfoto_url%2Cuser_email&limit=1000&offset=0&order=fecha_siembra.desc "HTTP/2 200 OK"
2025-10-27 11:20:32,603 - __main__ - INFO - Obtenidos 4 árboles
2025-10-27 11:20:32,611 - werkzeug - INFO - 127.0.0.1 - - [27/Oct/2025 11:20:32] "GET /api/obtener_arboles HTTP/1.1" 200 -
2025-10-27 11:20:32,611 - __main__ - INFO - Obteniendo árboles...
2025-10-27 11:20:32,933 - httpx - INFO - HTTP Request: GET https://ukjrvbwnahfzscsazyhv.supabase.co/rest/v1/arboles_sembrados?select=id%2Cespecie%2Clatitud%2Clongitud%2Cfecha_siembra%2Cfoto_url%2Cuser_email&limit=1000&offset=0&order=fecha_siembra.desc "HTTP/2 200 OK"
2025-10-27 11:20:32,933 - __main__ - INFO - Obtenidos 4 árboles
2025-10-27 11:20:32,933 - werkzeug - INFO - 127.0.0.1 - - [27/Oct/2025 11:20:32] "GET /api/obtener_arboles HTTP/1.1" 200 -
2025-10-27 11:20:32,941 - __main__ - INFO - Obteniendo árboles...
2025-10-27 11:20:33,097 - httpx - INFO - HTTP Request: GET https://ukjrvbwnahfzscsazyhv.supabase.co/rest/v1/arboles_sembrados?select=id%2Cespecie%2Clatitud%2Clongitud%2Cfecha_siembra%2Cfoto_url%2Cuser_email&limit=1000&offset=0&order=fecha_siembra.desc "HTTP/2 200 OK"
2025-10-27 11:20:33,097 - __main__ - INFO - Obtenidos 4 árboles
2025-10-27 11:20:33,113 - werkzeug - INFO - 127.0.0.1 - - [27/Oct/2025 11:20:33] "GET /api/obtener_arboles HTTP/1.1" 200 -
2025-10-27 11:20:33,295 - __main__ - INFO - Obteniendo árboles...
2025-10-27 11:20:33,652 - httpx - INFO - HTTP Request: GET https://ukjrvbwnahfzscsazyhv.supabase.co/rest/v1/arboles_sembrados?select=id%2Cespecie%2Clatitud%2Clongitud%2Cfecha_siembra%2Cfoto_url%2Cuser_email&limit=1000&offset=0&order=fecha_siembra.desc "HTTP/2 200 OK"
2025-10-27 11:20:33,652 - __main__ - INFO - Obtenidos 4 árboles
2025-10-27 11:20:33,652 - werkzeug - INFO - 127.0.0.1 - - [27/Oct/2025 11:20:33] "GET /api/obtener_arboles HTTP/1.1" 200 -
2025-10-27 11:20:35,545 - __main__ - INFO - Obteniendo árboles...
2025-10-27 11:20:41,088 - httpx - INFO - HTTP Request: GET https://ukjrvbwnahfzscsazyhv.supabase.co/rest/v1/arboles_sembrados?select=id%2Cespecie%2Clatitud%2Clongitud%2Cfecha_siembra%2Cfoto_url%2Cuser_email&limit=1000&offset=0&order=fecha_siembra.desc "HTTP/2 200 OK"
2025-10-27 11:20:41,088 - __main__ - INFO - Obtenidos 4 árboles
2025-10-27 11:20:41,088 - werkzeug - INFO - 127.0.0.1 - - [27/Oct/2025 11:20:41] "GET /api/obtener_arboles HTTP/1.1" 200 -
2025-10-27 11:20:41,104 - __main__ - INFO - Obteniendo árboles...
2025-10-27 11:20:42,036 - httpx - INFO - HTTP Request: GET https://ukjrvbwnahfzscsazyhv.supabase.co/rest/v1/arboles_sembrados?select=id%2Cespecie%2Clatitud%2Clongitud%2Cfecha_siembra%2Cfoto_url%2Cuser_email&limit=1000&offset=0&order=fecha_siembra.desc "HTTP/2 200 OK"
2025-10-27 11:20:42,037 - __main__ - INFO - Obtenidos 4 árboles
2025-10-27 11:20:42,037 - werkzeug - INFO - 127.0.0.1 - - [27/Oct/2025 11:20:42] "GET /api/obtener_arboles HTTP/1.1" 200 -
2025-10-27 11:23:50,163 - werkzeug - INFO - 127.0.0.1 - - [27/Oct/2025 11:23:50] "GET / HTTP/1.1" 200 -
2025-10-27 11:23:50,280 - werkzeug - INFO - 127.0.0.1 - - [27/Oct/2025 11:23:50] "[36mGET /static/main.js HTTP/1.1[0m" 304 -
2025-10-27 11:30:00,762 - __main__ - INFO - Login: marcelomejiauep@gmail.com
2025-10-27 11:30:02,463 - __main__ - INFO - Login: marcelomejiauep@gmail.com
2025-10-27 11:30:12,842 - __main__ - WARNING - Error de validación en login_user: Credenciales inválidas
2025-10-27 11:30:12,850 - __main__ - WARNING - Error de validación en login_user: Credenciales inválidas
2025-10-27 11:30:12,850 - werkzeug - INFO - 127.0.0.1 - - [27/Oct/2025 11:30:12] "[31m[1mPOST /api/login HTTP/1.1[0m" 400 -
2025-10-27 11:30:12,850 - werkzeug - INFO - 127.0.0.1 - - [27/Oct/2025 11:30:12] "[31m[1mPOST /api/login HTTP/1.1[0m" 400 -
2025-10-27 11:30:25,763 - __main__ - INFO - Login: marcelomejiauep@gmail.com
2025-10-27 11:30:25,763 - __main__ - WARNING - Error de validación en login_user: Credenciales inválidas
2025-10-27 11:30:25,771 - werkzeug - INFO - 127.0.0.1 - - [27/Oct/2025 11:30:25] "[31m[1mPOST /api/login HTTP/1.1[0m" 400 -
2025-10-27 11:31:40,683 - __main__ - INFO - Login: marcelomejiauep@gmail.com
2025-10-27 11:31:41,591 - httpx - INFO - HTTP Request: POST https://ukjrvbwnahfzscsazyhv.supabase.co/auth/v1/token?grant_type=password "HTTP/2 200 OK"
2025-10-27 11:31:42,924 - __main__ - INFO - Login: marcelomejiauep@gmail.com
2025-10-27 11:31:43,338 - httpx - INFO - HTTP Request: GET https://ukjrvbwnahfzscsazyhv.supabase.co/rest/v1/profiles?select=name&id=eq.6cf8052a-5fd7-413d-beba-1b35343b8f04 "HTTP/2 200 OK"
2025-10-27 11:31:43,338 - werkzeug - INFO - 127.0.0.1 - - [27/Oct/2025 11:31:43] "POST /api/login HTTP/1.1" 200 -
2025-10-27 11:31:43,461 - __main__ - INFO - Obteniendo árboles...
2025-10-27 11:31:44,342 - httpx - INFO - HTTP Request: POST https://ukjrvbwnahfzscsazyhv.supabase.co/auth/v1/token?grant_type=password "HTTP/2 200 OK"
2025-10-27 11:31:44,672 - httpx - INFO - HTTP Request: GET https://ukjrvbwnahfzscsazyhv.supabase.co/rest/v1/arboles_sembrados?select=id%2Cespecie%2Clatitud%2Clongitud%2Cfecha_siembra%2Cfoto_url%2Cuser_email&limit=1000&offset=0&order=fecha_siembra.desc "HTTP/2 200 OK"
2025-10-27 11:31:44,675 - httpx - INFO - HTTP Request: GET https://ukjrvbwnahfzscsazyhv.supabase.co/rest/v1/arboles_sembrados?select=id "HTTP/2 200 OK"
2025-10-27 11:31:44,675 - __main__ - INFO - Obtenidos 4 árboles
2025-10-27 11:31:44,678 - werkzeug - INFO - 127.0.0.1 - - [27/Oct/2025 11:31:44] "GET /api/obtener_arboles HTTP/1.1" 200 -
2025-10-27 11:31:44,678 - werkzeug - INFO - 127.0.0.1 - - [27/Oct/2025 11:31:44] "GET /api/predecir_horas HTTP/1.1" 200 -
2025-10-27 11:31:44,686 - __main__ - INFO - Obteniendo árboles...
2025-10-27 11:31:46,387 - httpx - INFO - HTTP Request: GET https://ukjrvbwnahfzscsazyhv.supabase.co/rest/v1/profiles?select=name&id=eq.6cf8052a-5fd7-413d-beba-1b35343b8f04 "HTTP/2 200 OK"
2025-10-27 11:31:46,388 - werkzeug - INFO - 127.0.0.1 - - [27/Oct/2025 11:31:46] "POST /api/login HTTP/1.1" 200 -
2025-10-27 11:31:46,511 - httpx - INFO - HTTP Request: GET https://ukjrvbwnahfzscsazyhv.supabase.co/rest/v1/arboles_sembrados?select=id%2Cespecie%2Clatitud%2Clongitud%2Cfecha_siembra%2Cfoto_url%2Cuser_email&limit=1000&offset=0&order=fecha_siembra.desc "HTTP/2 200 OK"
2025-10-27 11:31:46,512 - __main__ - INFO - Obtenidos 4 árboles
2025-10-27 11:31:46,512 - werkzeug - INFO - 127.0.0.1 - - [27/Oct/2025 11:31:46] "GET /api/obtener_arboles HTTP/1.1" 200 -
2025-10-27 11:31:46,518 - __main__ - INFO - Obteniendo árboles...
2025-10-27 11:31:47,225 - httpx - INFO - HTTP Request: GET https://ukjrvbwnahfzscsazyhv.supabase.co/rest/v1/arboles_sembrados?select=id "HTTP/2 200 OK"
2025-10-27 11:31:47,230 - werkzeug - INFO - 127.0.0.1 - - [27/Oct/2025 11:31:47] "GET /api/predecir_horas HTTP/1.1" 200 -
2025-10-27 11:31:47,357 - httpx - INFO - HTTP Request: GET https://ukjrvbwnahfzscsazyhv.supabase.co/rest/v1/arboles_sembrados?select=id%2Cespecie%2Clatitud%2Clongitud%2Cfecha_siembra%2Cfoto_url%2Cuser_email&limit=1000&offset=0&order=fecha_siembra.desc "HTTP/2 200 OK"
2025-10-27 11:31:47,360 - __main__ - INFO - Obtenidos 4 árboles
2025-10-27 11:31:47,360 - werkzeug - INFO - 127.0.0.1 - - [27/Oct/2025 11:31:47] "GET /api/obtener_arboles HTTP/1.1" 200 -
2025-10-27 11:32:56,151 - __main__ - INFO - Obteniendo árboles...
2025-10-27 11:32:57,061 - httpx - INFO - HTTP Request: GET https://ukjrvbwnahfzscsazyhv.supabase.co/rest/v1/arboles_sembrados?select=id%2Cespecie%2Clatitud%2Clongitud%2Cfecha_siembra%2Cfoto_url%2Cuser_email&limit=1000&offset=0&order=fecha_siembra.desc "HTTP/2 200 OK"
2025-10-27 11:32:57,065 - __main__ - INFO - Obtenidos 4 árboles
2025-10-27 11:32:57,065 - werkzeug - INFO - 127.0.0.1 - - [27/Oct/2025 11:32:57] "GET /api/obtener_arboles HTTP/1.1" 200 -
2025-10-27 11:34:15,020 - __main__ - INFO - Obteniendo árboles...
2025-10-27 11:34:15,712 - httpx - INFO - HTTP Request: GET https://ukjrvbwnahfzscsazyhv.supabase.co/rest/v1/arboles_sembrados?select=id%2Cespecie%2Clatitud%2Clongitud%2Cfecha_siembra%2Cfoto_url%2Cuser_email&limit=1000&offset=0&order=fecha_siembra.desc "HTTP/2 200 OK"
2025-10-27 11:34:15,721 - __main__ - INFO - Obtenidos 4 árboles
2025-10-27 11:34:15,725 - werkzeug - INFO - 127.0.0.1 - - [27/Oct/2025 11:34:15] "GET /api/obtener_arboles HTTP/1.1" 200 -
2025-10-27 11:34:39,259 - __main__ - INFO - Obteniendo árboles...
2025-10-27 11:34:40,008 - httpx - INFO - HTTP Request: GET https://ukjrvbwnahfzscsazyhv.supabase.co/rest/v1/arboles_sembrados?select=id%2Cespecie%2Clatitud%2Clongitud%2Cfecha_siembra%2Cfoto_url%2Cuser_email&limit=1000&offset=0&order=fecha_siembra.desc "HTTP/2 200 OK"
2025-10-27 11:34:40,008 - __main__ - INFO - Obtenidos 4 árboles
2025-10-27 11:34:40,016 - werkzeug - INFO - 127.0.0.1 - - [27/Oct/2025 11:34:40] "GET /api/obtener_arboles HTTP/1.1" 200 -
2025-10-27 11:34:40,017 - __main__ - INFO - Obteniendo árboles...
2025-10-27 11:34:40,493 - httpx - INFO - HTTP Request: GET https://ukjrvbwnahfzscsazyhv.supabase.co/rest/v1/arboles_sembrados?select=id%2Cespecie%2Clatitud%2Clongitud%2Cfecha_siembra%2Cfoto_url%2Cuser_email&limit=1000&offset=0&order=fecha_siembra.desc "HTTP/2 200 OK"
2025-10-27 11:34:40,501 - __main__ - INFO - Obtenidos 4 árboles
2025-10-27 11:34:40,509 - werkzeug - INFO - 127.0.0.1 - - [27/Oct/2025 11:34:40] "GET /api/obtener_arboles HTTP/1.1" 200 -
2025-10-27 11:38:31,920 - __main__ - INFO - Obteniendo árboles...
2025-10-27 11:38:32,874 - httpx - INFO - HTTP Request: GET https://ukjrvbwnahfzscsazyhv.supabase.co/rest/v1/arboles_sembrados?select=id%2Cespecie%2Clatitud%2Clongitud%2Cfecha_siembra%2Cfoto_url%2Cuser_email&limit=1000&offset=0&order=fecha_siembra.desc "HTTP/2 200 OK"
2025-10-27 11:38:32,874 - __main__ - INFO - Obtenidos 4 árboles
2025-10-27 11:38:32,874 - werkzeug - INFO - 127.0.0.1 - - [27/Oct/2025 11:38:32] "GET /api/obtener_arboles HTTP/1.1" 200 -
2025-10-27 11:49:55,580 - werkzeug - INFO -  * Detected change in 'C:\\Users\\Asus\\Desktop\\reforestacion-manabi\\web-reforestacion-manabi\\app.py', reloading
2025-10-27 11:49:55,741 - werkzeug - INFO -  * Restarting with stat
2025-10-27 11:49:57,646 - __main__ - INFO - Conexión con Supabase establecida.
2025-10-27 11:49:57,652 - __main__ - INFO - Iniciando Reforesta Manabí...
2025-10-27 11:49:57,679 - werkzeug - WARNING -  * Debugger is active!
2025-10-27 11:49:57,688 - werkzeug - INFO -  * Debugger PIN: 304-484-615
2025-10-27 11:50:04,592 - werkzeug - INFO - 127.0.0.1 - - [27/Oct/2025 11:50:04] "GET / HTTP/1.1" 200 -
2025-10-27 11:50:04,892 - werkzeug - INFO - 127.0.0.1 - - [27/Oct/2025 11:50:04] "GET /static/main.js HTTP/1.1" 200 -
2025-10-27 11:50:11,296 - __main__ - INFO - Login: marcelomejiauep@gmail.com
2025-10-27 11:50:12,422 - httpx - INFO - HTTP Request: POST https://ukjrvbwnahfzscsazyhv.supabase.co/auth/v1/token?grant_type=password "HTTP/2 200 OK"
2025-10-27 11:50:12,732 - __main__ - INFO - Login: marcelomejiauep@gmail.com
2025-10-27 11:50:13,012 - httpx - INFO - HTTP Request: POST https://ukjrvbwnahfzscsazyhv.supabase.co/auth/v1/token?grant_type=password "HTTP/2 200 OK"
2025-10-27 11:50:14,387 - httpx - INFO - HTTP Request: GET https://ukjrvbwnahfzscsazyhv.supabase.co/rest/v1/profiles?select=name&id=eq.6cf8052a-5fd7-413d-beba-1b35343b8f04 "HTTP/2 200 OK"
2025-10-27 11:50:14,392 - werkzeug - INFO - 127.0.0.1 - - [27/Oct/2025 11:50:14] "POST /api/login HTTP/1.1" 200 -
2025-10-27 11:50:14,532 - __main__ - INFO - Obteniendo árboles...
2025-10-27 11:50:15,024 - httpx - INFO - HTTP Request: GET https://ukjrvbwnahfzscsazyhv.supabase.co/rest/v1/arboles_sembrados?select=id%2Cespecie%2Clatitud%2Clongitud%2Cfecha_siembra%2Cfoto_url%2Cuser_email&limit=1000&offset=0&order=fecha_siembra.desc "HTTP/2 200 OK"
2025-10-27 11:50:15,024 - httpx - INFO - HTTP Request: GET https://ukjrvbwnahfzscsazyhv.supabase.co/rest/v1/arboles_sembrados?select=id "HTTP/2 200 OK"
2025-10-27 11:50:15,032 - __main__ - INFO - Obtenidos 4 árboles
2025-10-27 11:50:15,032 - httpx - INFO - HTTP Request: GET https://ukjrvbwnahfzscsazyhv.supabase.co/rest/v1/profiles?select=name&id=eq.6cf8052a-5fd7-413d-beba-1b35343b8f04 "HTTP/2 200 OK"
2025-10-27 11:50:15,032 - werkzeug - INFO - 127.0.0.1 - - [27/Oct/2025 11:50:15] "GET /api/predecir_horas HTTP/1.1" 200 -
2025-10-27 11:50:15,032 - werkzeug - INFO - 127.0.0.1 - - [27/Oct/2025 11:50:15] "GET /api/obtener_arboles HTTP/1.1" 200 -
2025-10-27 11:50:15,042 - werkzeug - INFO - 127.0.0.1 - - [27/Oct/2025 11:50:15] "POST /api/login HTTP/1.1" 200 -
2025-10-27 11:50:15,049 - __main__ - INFO - Obteniendo árboles...
2025-10-27 11:50:15,197 - httpx - INFO - HTTP Request: GET https://ukjrvbwnahfzscsazyhv.supabase.co/rest/v1/arboles_sembrados?select=id%2Cespecie%2Clatitud%2Clongitud%2Cfecha_siembra%2Cfoto_url%2Cuser_email&limit=1000&offset=0&order=fecha_siembra.desc "HTTP/2 200 OK"
2025-10-27 11:50:15,197 - __main__ - INFO - Obtenidos 4 árboles
2025-10-27 11:50:15,197 - werkzeug - INFO - 127.0.0.1 - - [27/Oct/2025 11:50:15] "GET /api/obtener_arboles HTTP/1.1" 200 -
2025-10-27 11:50:15,208 - __main__ - INFO - Obteniendo árboles...
2025-10-27 11:50:15,212 - httpx - INFO - HTTP Request: GET https://ukjrvbwnahfzscsazyhv.supabase.co/rest/v1/arboles_sembrados?select=id "HTTP/2 200 OK"
2025-10-27 11:50:15,372 - httpx - INFO - HTTP Request: GET https://ukjrvbwnahfzscsazyhv.supabase.co/rest/v1/arboles_sembrados?select=id%2Cespecie%2Clatitud%2Clongitud%2Cfecha_siembra%2Cfoto_url%2Cuser_email&limit=1000&offset=0&order=fecha_siembra.desc "HTTP/2 200 OK"
2025-10-27 11:50:15,372 - werkzeug - INFO - 127.0.0.1 - - [27/Oct/2025 11:50:15] "GET /api/predecir_horas HTTP/1.1" 200 -
2025-10-27 11:50:15,372 - __main__ - INFO - Obtenidos 4 árboles
2025-10-27 11:50:15,379 - werkzeug - INFO - 127.0.0.1 - - [27/Oct/2025 11:50:15] "GET /api/obtener_arboles HTTP/1.1" 200 -
2025-10-27 11:50:39,254 - __main__ - INFO - Generando datos para gráficos...
2025-10-27 11:50:39,519 - httpx - INFO - HTTP Request: GET https://ukjrvbwnahfzscsazyhv.supabase.co/rest/v1/arboles_sembrados?select=especie%2Cfecha_siembra "HTTP/2 200 OK"
2025-10-27 11:50:39,539 - werkzeug - INFO - 127.0.0.1 - - [27/Oct/2025 11:50:39] "GET /api/estadisticas_graficos HTTP/1.1" 200 -
2025-10-27 11:51:23,338 - __main__ - INFO - Obteniendo árboles...
2025-10-27 11:51:51,672 - httpx - INFO - HTTP Request: GET https://ukjrvbwnahfzscsazyhv.supabase.co/rest/v1/arboles_sembrados?select=id%2Cespecie%2Clatitud%2Clongitud%2Cfecha_siembra%2Cfoto_url%2Cuser_email&limit=1000&offset=0&order=fecha_siembra.desc "HTTP/2 200 OK"
2025-10-27 11:51:51,682 - __main__ - INFO - Obtenidos 4 árboles
2025-10-27 11:51:51,682 - werkzeug - INFO - 127.0.0.1 - - [27/Oct/2025 11:51:51] "GET /api/obtener_arboles HTTP/1.1" 200 -
2025-10-27 11:52:33,380 - __main__ - INFO - Obteniendo árboles...
2025-10-27 11:52:33,824 - httpx - INFO - HTTP Request: GET https://ukjrvbwnahfzscsazyhv.supabase.co/rest/v1/arboles_sembrados?select=id%2Cespecie%2Clatitud%2Clongitud%2Cfecha_siembra%2Cfoto_url%2Cuser_email&limit=1000&offset=0&order=fecha_siembra.desc "HTTP/2 200 OK"
2025-10-27 11:52:33,829 - __main__ - INFO - Obtenidos 4 árboles
2025-10-27 11:52:33,829 - werkzeug - INFO - 127.0.0.1 - - [27/Oct/2025 11:52:33] "GET /api/obtener_arboles HTTP/1.1" 200 -
2025-10-27 11:52:34,597 - __main__ - INFO - Generando datos para gráficos...
2025-10-27 11:52:34,850 - httpx - INFO - HTTP Request: GET https://ukjrvbwnahfzscsazyhv.supabase.co/rest/v1/arboles_sembrados?select=especie%2Cfecha_siembra "HTTP/2 200 OK"
2025-10-27 11:52:34,866 - werkzeug - INFO - 127.0.0.1 - - [27/Oct/2025 11:52:34] "GET /api/estadisticas_graficos HTTP/1.1" 200 -
2025-10-27 11:52:41,706 - werkzeug - INFO - 127.0.0.1 - - [27/Oct/2025 11:52:41] "GET / HTTP/1.1" 200 -
2025-10-27 11:52:41,771 - werkzeug - INFO - 127.0.0.1 - - [27/Oct/2025 11:52:41] "[36mGET /static/main.js HTTP/1.1[0m" 304 -
2025-10-27 11:52:54,252 - __main__ - INFO - Login: marcelomejiauep@gmail.com
2025-10-27 11:52:54,701 - httpx - INFO - HTTP Request: POST https://ukjrvbwnahfzscsazyhv.supabase.co/auth/v1/token?grant_type=password "HTTP/2 200 OK"
2025-10-27 11:52:55,583 - httpx - INFO - HTTP Request: GET https://ukjrvbwnahfzscsazyhv.supabase.co/rest/v1/profiles?select=name&id=eq.6cf8052a-5fd7-413d-beba-1b35343b8f04 "HTTP/2 200 OK"
2025-10-27 11:52:55,591 - werkzeug - INFO - 127.0.0.1 - - [27/Oct/2025 11:52:55] "POST /api/login HTTP/1.1" 200 -
2025-10-27 11:52:55,698 - __main__ - INFO - Obteniendo árboles...
2025-10-27 11:52:56,020 - httpx - INFO - HTTP Request: GET https://ukjrvbwnahfzscsazyhv.supabase.co/rest/v1/arboles_sembrados?select=id%2Cespecie%2Clatitud%2Clongitud%2Cfecha_siembra%2Cfoto_url%2Cuser_email&limit=1000&offset=0&order=fecha_siembra.desc "HTTP/2 200 OK"
2025-10-27 11:52:56,020 - __main__ - INFO - Obtenidos 4 árboles
2025-10-27 11:52:56,020 - httpx - INFO - HTTP Request: GET https://ukjrvbwnahfzscsazyhv.supabase.co/rest/v1/arboles_sembrados?select=id "HTTP/2 200 OK"
2025-10-27 11:52:56,036 - werkzeug - INFO - 127.0.0.1 - - [27/Oct/2025 11:52:56] "GET /api/obtener_arboles HTTP/1.1" 200 -
2025-10-27 11:52:56,036 - werkzeug - INFO - 127.0.0.1 - - [27/Oct/2025 11:52:56] "GET /api/predecir_horas HTTP/1.1" 200 -
2025-10-27 11:52:56,036 - __main__ - INFO - Obteniendo árboles...
2025-10-27 11:52:56,179 - httpx - INFO - HTTP Request: GET https://ukjrvbwnahfzscsazyhv.supabase.co/rest/v1/arboles_sembrados?select=id%2Cespecie%2Clatitud%2Clongitud%2Cfecha_siembra%2Cfoto_url%2Cuser_email&limit=1000&offset=0&order=fecha_siembra.desc "HTTP/2 200 OK"
2025-10-27 11:52:56,179 - __main__ - INFO - Obtenidos 4 árboles
2025-10-27 11:52:56,188 - werkzeug - INFO - 127.0.0.1 - - [27/Oct/2025 11:52:56] "GET /api/obtener_arboles HTTP/1.1" 200 -
2025-10-27 11:53:12,858 - __main__ - INFO - Obteniendo árboles...
2025-10-27 11:53:13,120 - httpx - INFO - HTTP Request: GET https://ukjrvbwnahfzscsazyhv.supabase.co/rest/v1/arboles_sembrados?select=id%2Cespecie%2Clatitud%2Clongitud%2Cfecha_siembra%2Cfoto_url%2Cuser_email&limit=1000&offset=0&order=fecha_siembra.desc "HTTP/2 200 OK"
2025-10-27 11:53:13,129 - __main__ - INFO - Obtenidos 4 árboles
2025-10-27 11:53:13,129 - werkzeug - INFO - 127.0.0.1 - - [27/Oct/2025 11:53:13] "GET /api/obtener_arboles HTTP/1.1" 200 -
2025-10-27 11:53:13,679 - __main__ - INFO - Generando datos para gráficos...
2025-10-27 11:53:13,946 - httpx - INFO - HTTP Request: GET https://ukjrvbwnahfzscsazyhv.supabase.co/rest/v1/arboles_sembrados?select=especie%2Cfecha_siembra "HTTP/2 200 OK"
2025-10-27 11:53:13,949 - werkzeug - INFO - 127.0.0.1 - - [27/Oct/2025 11:53:13] "GET /api/estadisticas_graficos HTTP/1.1" 200 -
2025-10-27 11:53:15,818 - __main__ - INFO - Obteniendo árboles...
2025-10-27 11:53:15,981 - httpx - INFO - HTTP Request: GET https://ukjrvbwnahfzscsazyhv.supabase.co/rest/v1/arboles_sembrados?select=id%2Cespecie%2Clatitud%2Clongitud%2Cfecha_siembra%2Cfoto_url%2Cuser_email&limit=1000&offset=0&order=fecha_siembra.desc "HTTP/2 200 OK"
2025-10-27 11:53:15,981 - __main__ - INFO - Obtenidos 4 árboles
2025-10-27 11:53:15,981 - werkzeug - INFO - 127.0.0.1 - - [27/Oct/2025 11:53:15] "GET /api/obtener_arboles HTTP/1.1" 200 -
2025-10-27 12:08:57,590 - __main__ - INFO - Obteniendo árboles...
2025-10-27 12:08:58,540 - __main__ - INFO - Generando datos para gráficos...
2025-10-27 12:08:59,313 - httpx - INFO - HTTP Request: GET https://ukjrvbwnahfzscsazyhv.supabase.co/rest/v1/arboles_sembrados?select=id%2Cespecie%2Clatitud%2Clongitud%2Cfecha_siembra%2Cfoto_url%2Cuser_email&limit=1000&offset=0&order=fecha_siembra.desc "HTTP/2 200 OK"
2025-10-27 12:08:59,313 - httpx - INFO - HTTP Request: GET https://ukjrvbwnahfzscsazyhv.supabase.co/rest/v1/arboles_sembrados?select=especie%2Cfecha_siembra "HTTP/2 200 OK"
2025-10-27 12:08:59,313 - __main__ - INFO - Obtenidos 4 árboles
2025-10-27 12:08:59,313 - werkzeug - INFO - 127.0.0.1 - - [27/Oct/2025 12:08:59] "GET /api/obtener_arboles HTTP/1.1" 200 -
2025-10-27 12:08:59,396 - werkzeug - INFO - 127.0.0.1 - - [27/Oct/2025 12:08:59] "GET /api/estadisticas_graficos HTTP/1.1" 200 -
2025-10-27 12:16:45,883 - werkzeug - INFO - 127.0.0.1 - - [27/Oct/2025 12:16:45] "GET / HTTP/1.1" 200 -
2025-10-27 12:16:46,048 - werkzeug - INFO - 127.0.0.1 - - [27/Oct/2025 12:16:46] "GET /static/main.js HTTP/1.1" 200 -
2025-10-27 12:16:53,403 - __main__ - INFO - Login: marcelomejiauep@gmail.com
2025-10-27 12:16:54,319 - httpx - INFO - HTTP Request: POST https://ukjrvbwnahfzscsazyhv.supabase.co/auth/v1/token?grant_type=password "HTTP/2 200 OK"
2025-10-27 12:16:55,656 - httpx - INFO - HTTP Request: GET https://ukjrvbwnahfzscsazyhv.supabase.co/rest/v1/profiles?select=name&id=eq.6cf8052a-5fd7-413d-beba-1b35343b8f04 "HTTP/2 200 OK"
2025-10-27 12:16:55,658 - werkzeug - INFO - 127.0.0.1 - - [27/Oct/2025 12:16:55] "POST /api/login HTTP/1.1" 200 -
2025-10-27 12:16:55,826 - __main__ - INFO - Obteniendo árboles...
2025-10-27 12:16:56,159 - httpx - INFO - HTTP Request: GET https://ukjrvbwnahfzscsazyhv.supabase.co/rest/v1/arboles_sembrados?select=id%2Cespecie%2Clatitud%2Clongitud%2Cfecha_siembra%2Cfoto_url%2Cuser_email&limit=1000&offset=0&order=fecha_siembra.desc "HTTP/2 200 OK"
2025-10-27 12:16:56,159 - httpx - INFO - HTTP Request: GET https://ukjrvbwnahfzscsazyhv.supabase.co/rest/v1/arboles_sembrados?select=id "HTTP/2 200 OK"
2025-10-27 12:16:56,159 - werkzeug - INFO - 127.0.0.1 - - [27/Oct/2025 12:16:56] "GET /api/predecir_horas HTTP/1.1" 200 -
2025-10-27 12:16:56,163 - __main__ - INFO - Obtenidos 4 árboles
2025-10-27 12:16:56,163 - werkzeug - INFO - 127.0.0.1 - - [27/Oct/2025 12:16:56] "GET /api/obtener_arboles HTTP/1.1" 200 -
2025-10-27 12:16:56,166 - __main__ - INFO - Obteniendo árboles...
2025-10-27 12:16:56,513 - httpx - INFO - HTTP Request: GET https://ukjrvbwnahfzscsazyhv.supabase.co/rest/v1/arboles_sembrados?select=id%2Cespecie%2Clatitud%2Clongitud%2Cfecha_siembra%2Cfoto_url%2Cuser_email&limit=1000&offset=0&order=fecha_siembra.desc "HTTP/2 200 OK"
2025-10-27 12:16:56,518 - __main__ - INFO - Obtenidos 4 árboles
2025-10-27 12:16:56,518 - werkzeug - INFO - 127.0.0.1 - - [27/Oct/2025 12:16:56] "GET /api/obtener_arboles HTTP/1.1" 200 -
2025-10-27 12:17:13,923 - __main__ - INFO - Obteniendo árboles...
2025-10-27 12:17:14,378 - httpx - INFO - HTTP Request: GET https://ukjrvbwnahfzscsazyhv.supabase.co/rest/v1/arboles_sembrados?select=id%2Cespecie%2Clatitud%2Clongitud%2Cfecha_siembra%2Cfoto_url%2Cuser_email&limit=1000&offset=0&order=fecha_siembra.desc "HTTP/2 200 OK"
2025-10-27 12:17:14,381 - __main__ - INFO - Obtenidos 4 árboles
2025-10-27 12:17:14,381 - werkzeug - INFO - 127.0.0.1 - - [27/Oct/2025 12:17:14] "GET /api/obtener_arboles HTTP/1.1" 200 -
2025-10-27 12:20:03,375 - __main__ - INFO - Generando datos para gráficos...
2025-10-27 12:20:03,908 - httpx - INFO - HTTP Request: GET https://ukjrvbwnahfzscsazyhv.supabase.co/rest/v1/arboles_sembrados?select=especie%2Cfecha_siembra "HTTP/2 200 OK"
2025-10-27 12:20:03,908 - werkzeug - INFO - 127.0.0.1 - - [27/Oct/2025 12:20:03] "GET /api/estadisticas_graficos HTTP/1.1" 200 -
2025-10-27 12:25:25,272 - werkzeug - INFO - 127.0.0.1 - - [27/Oct/2025 12:25:25] "GET / HTTP/1.1" 200 -
2025-10-27 12:25:25,420 - werkzeug - INFO - 127.0.0.1 - - [27/Oct/2025 12:25:25] "GET /static/main.js HTTP/1.1" 200 -
2025-10-27 12:29:49,070 - werkzeug - INFO - 127.0.0.1 - - [27/Oct/2025 12:29:49] "GET / HTTP/1.1" 200 -
2025-10-27 12:29:49,187 - werkzeug - INFO - 127.0.0.1 - - [27/Oct/2025 12:29:49] "GET /static/main.js HTTP/1.1" 200 -
2025-10-27 12:29:58,433 - __main__ - INFO - Login: marcelomejiauep@gmail.com
2025-10-27 12:29:59,418 - httpx - INFO - HTTP Request: POST https://ukjrvbwnahfzscsazyhv.supabase.co/auth/v1/token?grant_type=password "HTTP/2 200 OK"
2025-10-27 12:30:00,433 - httpx - INFO - HTTP Request: GET https://ukjrvbwnahfzscsazyhv.supabase.co/rest/v1/profiles?select=name&id=eq.6cf8052a-5fd7-413d-beba-1b35343b8f04 "HTTP/2 200 OK"
2025-10-27 12:30:00,443 - werkzeug - INFO - 127.0.0.1 - - [27/Oct/2025 12:30:00] "POST /api/login HTTP/1.1" 200 -
2025-10-27 12:30:00,593 - __main__ - INFO - Obteniendo árboles...
2025-10-27 12:30:00,753 - httpx - INFO - HTTP Request: GET https://ukjrvbwnahfzscsazyhv.supabase.co/rest/v1/arboles_sembrados?select=id%2Cespecie%2Clatitud%2Clongitud%2Cfecha_siembra%2Cfoto_url%2Cuser_email&limit=1000&offset=0&order=fecha_siembra.desc "HTTP/2 200 OK"
2025-10-27 12:30:00,755 - __main__ - INFO - Obtenidos 4 árboles
2025-10-27 12:30:00,755 - werkzeug - INFO - 127.0.0.1 - - [27/Oct/2025 12:30:00] "GET /api/obtener_arboles HTTP/1.1" 200 -
2025-10-27 12:30:00,755 - __main__ - INFO - Obteniendo árboles...
2025-10-27 12:30:00,793 - httpx - INFO - HTTP Request: GET https://ukjrvbwnahfzscsazyhv.supabase.co/rest/v1/arboles_sembrados?select=id "HTTP/2 200 OK"
2025-10-27 12:30:00,893 - httpx - INFO - HTTP Request: GET https://ukjrvbwnahfzscsazyhv.supabase.co/rest/v1/arboles_sembrados?select=id%2Cespecie%2Clatitud%2Clongitud%2Cfecha_siembra%2Cfoto_url%2Cuser_email&limit=1000&offset=0&order=fecha_siembra.desc "HTTP/2 200 OK"
2025-10-27 12:30:00,893 - werkzeug - INFO - 127.0.0.1 - - [27/Oct/2025 12:30:00] "GET /api/predecir_horas HTTP/1.1" 200 -
2025-10-27 12:30:00,901 - __main__ - INFO - Obtenidos 4 árboles
2025-10-27 12:30:00,903 - werkzeug - INFO - 127.0.0.1 - - [27/Oct/2025 12:30:00] "GET /api/obtener_arboles HTTP/1.1" 200 -
2025-10-27 12:33:56,954 - __main__ - INFO - Conexión con Supabase establecida.
2025-10-27 12:33:56,954 - __main__ - INFO - Iniciando Reforesta Manabí...
2025-10-27 12:33:57,046 - werkzeug - INFO - [31m[1mWARNING: This is a development server. Do not use it in a production deployment. Use a production WSGI server instead.[0m
 * Running on all addresses (0.0.0.0)
 * Running on http://127.0.0.1:5000
 * Running on http://10.82.5.226:5000
2025-10-27 12:33:57,046 - werkzeug - INFO - [33mPress CTRL+C to quit[0m
2025-10-27 12:33:57,048 - werkzeug - INFO -  * Restarting with stat
2025-10-27 12:33:58,854 - __main__ - INFO - Conexión con Supabase establecida.
2025-10-27 12:33:58,854 - __main__ - INFO - Iniciando Reforesta Manabí...
2025-10-27 12:33:58,889 - werkzeug - WARNING -  * Debugger is active!
2025-10-27 12:33:58,895 - werkzeug - INFO -  * Debugger PIN: 304-484-615
2025-10-27 12:34:01,523 - werkzeug - INFO - 127.0.0.1 - - [27/Oct/2025 12:34:01] "GET / HTTP/1.1" 200 -
2025-10-27 12:34:02,277 - werkzeug - INFO - 127.0.0.1 - - [27/Oct/2025 12:34:02] "[36mGET /static/main.js HTTP/1.1[0m" 304 -
2025-10-27 12:35:53,083 - __main__ - INFO - Login: marcelomejiauep@gmail.com
2025-10-27 12:35:53,754 - httpx - INFO - HTTP Request: POST https://ukjrvbwnahfzscsazyhv.supabase.co/auth/v1/token?grant_type=password "HTTP/2 200 OK"
2025-10-27 12:35:54,762 - httpx - INFO - HTTP Request: GET https://ukjrvbwnahfzscsazyhv.supabase.co/rest/v1/profiles?select=name&id=eq.6cf8052a-5fd7-413d-beba-1b35343b8f04 "HTTP/2 200 OK"
2025-10-27 12:35:54,762 - werkzeug - INFO - 127.0.0.1 - - [27/Oct/2025 12:35:54] "POST /api/login HTTP/1.1" 200 -
2025-10-27 12:35:54,937 - __main__ - INFO - Obteniendo árboles...
2025-10-27 12:35:55,141 - httpx - INFO - HTTP Request: GET https://ukjrvbwnahfzscsazyhv.supabase.co/rest/v1/arboles_sembrados?select=id%2Cespecie%2Clatitud%2Clongitud%2Cfecha_siembra%2Cfoto_url%2Cuser_email&limit=1000&offset=0&order=fecha_siembra.desc "HTTP/2 200 OK"
2025-10-27 12:35:55,141 - __main__ - INFO - Obtenidos 4 árboles
2025-10-27 12:35:55,150 - werkzeug - INFO - 127.0.0.1 - - [27/Oct/2025 12:35:55] "GET /api/obtener_arboles HTTP/1.1" 200 -
2025-10-27 12:35:55,153 - httpx - INFO - HTTP Request: GET https://ukjrvbwnahfzscsazyhv.supabase.co/rest/v1/arboles_sembrados?select=id "HTTP/2 200 OK"
2025-10-27 12:35:55,153 - __main__ - INFO - Obteniendo árboles...
2025-10-27 12:35:55,158 - werkzeug - INFO - 127.0.0.1 - - [27/Oct/2025 12:35:55] "GET /api/predecir_horas HTTP/1.1" 200 -
2025-10-27 12:35:55,317 - httpx - INFO - HTTP Request: GET https://ukjrvbwnahfzscsazyhv.supabase.co/rest/v1/arboles_sembrados?select=id%2Cespecie%2Clatitud%2Clongitud%2Cfecha_siembra%2Cfoto_url%2Cuser_email&limit=1000&offset=0&order=fecha_siembra.desc "HTTP/2 200 OK"
2025-10-27 12:35:55,317 - __main__ - INFO - Obtenidos 4 árboles
2025-10-27 12:35:55,317 - werkzeug - INFO - 127.0.0.1 - - [27/Oct/2025 12:35:55] "GET /api/obtener_arboles HTTP/1.1" 200 -
2025-10-27 12:36:48,831 - __main__ - INFO - Obteniendo árboles...
2025-10-27 12:36:49,242 - httpx - INFO - HTTP Request: GET https://ukjrvbwnahfzscsazyhv.supabase.co/rest/v1/arboles_sembrados?select=id%2Cespecie%2Clatitud%2Clongitud%2Cfecha_siembra%2Cfoto_url%2Cuser_email&limit=1000&offset=0&order=fecha_siembra.desc "HTTP/2 200 OK"
2025-10-27 12:36:49,242 - __main__ - INFO - Obtenidos 4 árboles
2025-10-27 12:36:49,242 - werkzeug - INFO - 127.0.0.1 - - [27/Oct/2025 12:36:49] "GET /api/obtener_arboles HTTP/1.1" 200 -
2025-10-27 12:37:02,466 - __main__ - INFO - Obteniendo árboles...
2025-10-27 12:37:02,748 - httpx - INFO - HTTP Request: GET https://ukjrvbwnahfzscsazyhv.supabase.co/rest/v1/arboles_sembrados?select=id%2Cespecie%2Clatitud%2Clongitud%2Cfecha_siembra%2Cfoto_url%2Cuser_email&limit=1000&offset=0&order=fecha_siembra.desc "HTTP/2 200 OK"
2025-10-27 12:37:02,748 - __main__ - INFO - Obtenidos 4 árboles
2025-10-27 12:37:02,748 - werkzeug - INFO - 127.0.0.1 - - [27/Oct/2025 12:37:02] "GET /api/obtener_arboles HTTP/1.1" 200 -
2025-10-27 12:37:27,448 - __main__ - INFO - Editando árbol ID 4: {'especie': 'Ciruelo', 'foto_url': None}
2025-10-27 12:37:27,790 - httpx - INFO - HTTP Request: PATCH https://ukjrvbwnahfzscsazyhv.supabase.co/rest/v1/arboles_sembrados?id=eq.4 "HTTP/2 200 OK"
2025-10-27 12:37:27,793 - __main__ - INFO - Árbol 4 actualizado
2025-10-27 12:37:27,793 - werkzeug - INFO - 127.0.0.1 - - [27/Oct/2025 12:37:27] "PUT /api/editar_arbol/4 HTTP/1.1" 200 -
2025-10-27 12:37:34,122 - __main__ - INFO - Obteniendo árboles...
2025-10-27 12:37:34,401 - httpx - INFO - HTTP Request: GET https://ukjrvbwnahfzscsazyhv.supabase.co/rest/v1/arboles_sembrados?select=id%2Cespecie%2Clatitud%2Clongitud%2Cfecha_siembra%2Cfoto_url%2Cuser_email&limit=1000&offset=0&order=fecha_siembra.desc "HTTP/2 200 OK"
2025-10-27 12:37:34,417 - __main__ - INFO - Obtenidos 4 árboles
2025-10-27 12:37:34,417 - werkzeug - INFO - 127.0.0.1 - - [27/Oct/2025 12:37:34] "GET /api/obtener_arboles HTTP/1.1" 200 -
2025-10-27 12:37:34,442 - __main__ - INFO - Obteniendo árboles...
2025-10-27 12:37:34,580 - httpx - INFO - HTTP Request: GET https://ukjrvbwnahfzscsazyhv.supabase.co/rest/v1/arboles_sembrados?select=id%2Cespecie%2Clatitud%2Clongitud%2Cfecha_siembra%2Cfoto_url%2Cuser_email&limit=1000&offset=0&order=fecha_siembra.desc "HTTP/2 200 OK"
2025-10-27 12:37:34,580 - __main__ - INFO - Obtenidos 4 árboles
2025-10-27 12:37:34,580 - werkzeug - INFO - 127.0.0.1 - - [27/Oct/2025 12:37:34] "GET /api/obtener_arboles HTTP/1.1" 200 -
2025-10-27 12:40:21,612 - __main__ - INFO - Generando datos para gráficos...
2025-10-27 12:40:22,124 - httpx - INFO - HTTP Request: GET https://ukjrvbwnahfzscsazyhv.supabase.co/rest/v1/arboles_sembrados?select=especie%2Cfecha_siembra "HTTP/2 200 OK"
2025-10-27 12:40:22,132 - werkzeug - INFO - 127.0.0.1 - - [27/Oct/2025 12:40:22] "GET /api/estadisticas_graficos HTTP/1.1" 200 -
2025-10-27 12:40:39,772 - __main__ - INFO - Generando datos para gráficos...
2025-10-27 12:40:40,063 - httpx - INFO - HTTP Request: GET https://ukjrvbwnahfzscsazyhv.supabase.co/rest/v1/arboles_sembrados?select=especie%2Cfecha_siembra "HTTP/2 200 OK"
2025-10-27 12:40:40,073 - werkzeug - INFO - 127.0.0.1 - - [27/Oct/2025 12:40:40] "GET /api/estadisticas_graficos HTTP/1.1" 200 -
2025-10-27 12:41:15,116 - __main__ - INFO - Subiendo foto: 72ffca76-9bda-4039-9e41-008e94a37323.jpeg (9669 bytes)
2025-10-27 12:41:16,627 - httpx - INFO - HTTP Request: POST https://ukjrvbwnahfzscsazyhv.supabase.co/storage/v1/object/arboles-fotos/72ffca76-9bda-4039-9e41-008e94a37323.jpeg "HTTP/2 400 Bad Request"
2025-10-27 12:41:16,627 - __main__ - ERROR - Error al subir foto: {'statusCode': 403, 'error': Unauthorized, 'message': new row violates row-level security policy}
2025-10-27 12:41:16,627 - __main__ - ERROR - Error inesperado en upload_foto: Error al subir la foto: {'statusCode': 403, 'error': Unauthorized, 'message': new row violates row-level security policy}
Traceback (most recent call last):
  File "C:\Users\Asus\AppData\Local\Programs\Python\Python312\Lib\site-packages\storage3\_sync\file_api.py", line 76, in _request
    response.raise_for_status()
  File "C:\Users\Asus\AppData\Local\Programs\Python\Python312\Lib\site-packages\httpx\_models.py", line 829, in raise_for_status
    raise HTTPStatusError(message, request=request, response=self)
httpx.HTTPStatusError: Client error '400 Bad Request' for url 'https://ukjrvbwnahfzscsazyhv.supabase.co/storage/v1/object/arboles-fotos/72ffca76-9bda-4039-9e41-008e94a37323.jpeg'
For more information check: https://developer.mozilla.org/en-US/docs/Web/HTTP/Status/400

During handling of the above exception, another exception occurred:

Traceback (most recent call last):
  File "C:\Users\Asus\Desktop\reforestacion-manabi\web-reforestacion-manabi\app.py", line 239, in upload_foto
    response = supabase.storage.from_("arboles-fotos").upload(
               ^^^^^^^^^^^^^^^^^^^^^^^^^^^^^^^^^^^^^^^^^^^^^^^
  File "C:\Users\Asus\AppData\Local\Programs\Python\Python312\Lib\site-packages\storage3\_sync\file_api.py", line 545, in upload
    return self._upload_or_update("POST", path_parts, file, file_options)
           ^^^^^^^^^^^^^^^^^^^^^^^^^^^^^^^^^^^^^^^^^^^^^^^^^^^^^^^^^^^^^^
  File "C:\Users\Asus\AppData\Local\Programs\Python\Python312\Lib\site-packages\storage3\_sync\file_api.py", line 517, in _upload_or_update
    response = self._request(
               ^^^^^^^^^^^^^^
  File "C:\Users\Asus\AppData\Local\Programs\Python\Python312\Lib\site-packages\storage3\_sync\file_api.py", line 79, in _request
    raise StorageApiError(resp["message"], resp["error"], resp["statusCode"])
storage3.exceptions.StorageApiError: {'statusCode': 403, 'error': Unauthorized, 'message': new row violates row-level security policy}

During handling of the above exception, another exception occurred:

Traceback (most recent call last):
  File "C:\Users\Asus\Desktop\reforestacion-manabi\web-reforestacion-manabi\app.py", line 47, in decorated_function
    return f(*args, **kwargs)
           ^^^^^^^^^^^^^^^^^^
  File "C:\Users\Asus\Desktop\reforestacion-manabi\web-reforestacion-manabi\app.py", line 262, in upload_foto
    raise Exception(f"Error al subir la foto: {str(e)}")
Exception: Error al subir la foto: {'statusCode': 403, 'error': Unauthorized, 'message': new row violates row-level security policy}
2025-10-27 12:41:16,694 - werkzeug - INFO - 127.0.0.1 - - [27/Oct/2025 12:41:16] "[35m[1mPOST /api/upload_foto HTTP/1.1[0m" 500 -
2025-10-27 12:41:29,510 - __main__ - INFO - Generando datos para gráficos...
2025-10-27 12:41:29,841 - httpx - INFO - HTTP Request: GET https://ukjrvbwnahfzscsazyhv.supabase.co/rest/v1/arboles_sembrados?select=especie%2Cfecha_siembra "HTTP/2 200 OK"
2025-10-27 12:41:29,844 - werkzeug - INFO - 127.0.0.1 - - [27/Oct/2025 12:41:29] "GET /api/estadisticas_graficos HTTP/1.1" 200 -
2025-10-27 12:42:18,994 - __main__ - INFO - Generando datos para gráficos...
2025-10-27 12:42:19,302 - httpx - INFO - HTTP Request: GET https://ukjrvbwnahfzscsazyhv.supabase.co/rest/v1/arboles_sembrados?select=especie%2Cfecha_siembra "HTTP/2 200 OK"
2025-10-27 12:42:19,311 - werkzeug - INFO - 127.0.0.1 - - [27/Oct/2025 12:42:19] "GET /api/estadisticas_graficos HTTP/1.1" 200 -
2025-10-27 14:27:25,274 - __main__ - INFO - Conexión con Supabase establecida.
2025-10-27 14:27:25,293 - __main__ - INFO - Iniciando Reforesta Manabí...
2025-10-27 14:27:25,347 - werkzeug - INFO - [31m[1mWARNING: This is a development server. Do not use it in a production deployment. Use a production WSGI server instead.[0m
 * Running on all addresses (0.0.0.0)
 * Running on http://127.0.0.1:5000
 * Running on http://10.82.4.95:5000
2025-10-27 14:27:25,347 - werkzeug - INFO - [33mPress CTRL+C to quit[0m
2025-10-27 14:27:25,347 - werkzeug - INFO -  * Restarting with stat
2025-10-27 14:27:26,099 - __main__ - INFO - Conexión con Supabase establecida.
2025-10-27 14:27:26,099 - __main__ - INFO - Iniciando Reforesta Manabí...
2025-10-27 14:27:26,115 - werkzeug - WARNING -  * Debugger is active!
2025-10-27 14:27:26,121 - werkzeug - INFO -  * Debugger PIN: 304-484-615
2025-10-27 14:27:32,258 - werkzeug - INFO - 127.0.0.1 - - [27/Oct/2025 14:27:32] "GET / HTTP/1.1" 200 -
2025-10-27 14:27:32,578 - werkzeug - INFO - 127.0.0.1 - - [27/Oct/2025 14:27:32] "[36mGET /static/main.js HTTP/1.1[0m" 304 -
2025-10-27 14:27:33,291 - werkzeug - INFO - 127.0.0.1 - - [27/Oct/2025 14:27:33] "[33mGET /favicon.ico HTTP/1.1[0m" 404 -
2025-10-27 14:27:40,681 - __main__ - INFO - Login: marcelomejiauep@gmail.com
2025-10-27 14:27:50,108 - httpx - INFO - HTTP Request: POST https://ukjrvbwnahfzscsazyhv.supabase.co/auth/v1/token?grant_type=password "HTTP/2 200 OK"
2025-10-27 14:27:50,965 - httpx - INFO - HTTP Request: GET https://ukjrvbwnahfzscsazyhv.supabase.co/rest/v1/profiles?select=name&id=eq.6cf8052a-5fd7-413d-beba-1b35343b8f04 "HTTP/2 200 OK"
2025-10-27 14:27:50,965 - werkzeug - INFO - 127.0.0.1 - - [27/Oct/2025 14:27:50] "POST /api/login HTTP/1.1" 200 -
2025-10-27 14:27:51,040 - __main__ - INFO - Obteniendo árboles...
2025-10-27 14:27:51,500 - httpx - INFO - HTTP Request: GET https://ukjrvbwnahfzscsazyhv.supabase.co/rest/v1/arboles_sembrados?select=id%2Cespecie%2Clatitud%2Clongitud%2Cfecha_siembra%2Cfoto_url%2Cuser_email&limit=1000&offset=0&order=fecha_siembra.desc "HTTP/2 200 OK"
2025-10-27 14:27:51,501 - httpx - INFO - HTTP Request: GET https://ukjrvbwnahfzscsazyhv.supabase.co/rest/v1/arboles_sembrados?select=id "HTTP/2 200 OK"
2025-10-27 14:27:51,501 - __main__ - INFO - Obtenidos 4 árboles
2025-10-27 14:27:51,502 - werkzeug - INFO - 127.0.0.1 - - [27/Oct/2025 14:27:51] "GET /api/predecir_horas HTTP/1.1" 200 -
2025-10-27 14:27:51,503 - werkzeug - INFO - 127.0.0.1 - - [27/Oct/2025 14:27:51] "GET /api/obtener_arboles HTTP/1.1" 200 -
2025-10-27 14:27:51,505 - __main__ - INFO - Obteniendo árboles...
2025-10-27 14:27:51,720 - httpx - INFO - HTTP Request: GET https://ukjrvbwnahfzscsazyhv.supabase.co/rest/v1/arboles_sembrados?select=id%2Cespecie%2Clatitud%2Clongitud%2Cfecha_siembra%2Cfoto_url%2Cuser_email&limit=1000&offset=0&order=fecha_siembra.desc "HTTP/2 200 OK"
2025-10-27 14:27:51,720 - __main__ - INFO - Obtenidos 4 árboles
2025-10-27 14:27:51,720 - werkzeug - INFO - 127.0.0.1 - - [27/Oct/2025 14:27:51] "GET /api/obtener_arboles HTTP/1.1" 200 -
2025-10-27 14:28:21,348 - __main__ - INFO - Subiendo foto: 4ed50097-2572-429b-9828-8ff9ef55acad.jpeg (9669 bytes)
2025-10-27 14:28:22,511 - httpx - INFO - HTTP Request: POST https://ukjrvbwnahfzscsazyhv.supabase.co/storage/v1/object/arboles-fotos/4ed50097-2572-429b-9828-8ff9ef55acad.jpeg "HTTP/2 400 Bad Request"
2025-10-27 14:28:22,512 - __main__ - ERROR - Error al subir foto: {'statusCode': 403, 'error': Unauthorized, 'message': new row violates row-level security policy}
2025-10-27 14:28:22,513 - __main__ - ERROR - Error inesperado en upload_foto: Error al subir la foto: {'statusCode': 403, 'error': Unauthorized, 'message': new row violates row-level security policy}
Traceback (most recent call last):
  File "C:\Users\Asus\AppData\Local\Programs\Python\Python312\Lib\site-packages\storage3\_sync\file_api.py", line 76, in _request
    response.raise_for_status()
  File "C:\Users\Asus\AppData\Local\Programs\Python\Python312\Lib\site-packages\httpx\_models.py", line 829, in raise_for_status
    raise HTTPStatusError(message, request=request, response=self)
httpx.HTTPStatusError: Client error '400 Bad Request' for url 'https://ukjrvbwnahfzscsazyhv.supabase.co/storage/v1/object/arboles-fotos/4ed50097-2572-429b-9828-8ff9ef55acad.jpeg'
For more information check: https://developer.mozilla.org/en-US/docs/Web/HTTP/Status/400

During handling of the above exception, another exception occurred:

Traceback (most recent call last):
  File "C:\Users\Asus\Desktop\reforestacion-manabi\web-reforestacion-manabi\app.py", line 239, in upload_foto
    response = supabase.storage.from_("arboles-fotos").upload(
               ^^^^^^^^^^^^^^^^^^^^^^^^^^^^^^^^^^^^^^^^^^^^^^^
  File "C:\Users\Asus\AppData\Local\Programs\Python\Python312\Lib\site-packages\storage3\_sync\file_api.py", line 545, in upload
    return self._upload_or_update("POST", path_parts, file, file_options)
           ^^^^^^^^^^^^^^^^^^^^^^^^^^^^^^^^^^^^^^^^^^^^^^^^^^^^^^^^^^^^^^
  File "C:\Users\Asus\AppData\Local\Programs\Python\Python312\Lib\site-packages\storage3\_sync\file_api.py", line 517, in _upload_or_update
    response = self._request(
               ^^^^^^^^^^^^^^
  File "C:\Users\Asus\AppData\Local\Programs\Python\Python312\Lib\site-packages\storage3\_sync\file_api.py", line 79, in _request
    raise StorageApiError(resp["message"], resp["error"], resp["statusCode"])
storage3.exceptions.StorageApiError: {'statusCode': 403, 'error': Unauthorized, 'message': new row violates row-level security policy}

During handling of the above exception, another exception occurred:

Traceback (most recent call last):
  File "C:\Users\Asus\Desktop\reforestacion-manabi\web-reforestacion-manabi\app.py", line 47, in decorated_function
    return f(*args, **kwargs)
           ^^^^^^^^^^^^^^^^^^
  File "C:\Users\Asus\Desktop\reforestacion-manabi\web-reforestacion-manabi\app.py", line 262, in upload_foto
    raise Exception(f"Error al subir la foto: {str(e)}")
Exception: Error al subir la foto: {'statusCode': 403, 'error': Unauthorized, 'message': new row violates row-level security policy}
2025-10-27 14:28:22,546 - werkzeug - INFO - 127.0.0.1 - - [27/Oct/2025 14:28:22] "[35m[1mPOST /api/upload_foto HTTP/1.1[0m" 500 -
2025-10-27 14:30:39,489 - __main__ - INFO - Subiendo foto: 9d2a1edc-2137-434e-8264-9a68dfbef907.jpeg (9669 bytes)
2025-10-27 14:30:40,287 - httpx - INFO - HTTP Request: POST https://ukjrvbwnahfzscsazyhv.supabase.co/storage/v1/object/arboles-fotos/9d2a1edc-2137-434e-8264-9a68dfbef907.jpeg "HTTP/2 400 Bad Request"
2025-10-27 14:30:40,288 - __main__ - ERROR - Error al subir foto: {'statusCode': 403, 'error': Unauthorized, 'message': new row violates row-level security policy}
2025-10-27 14:30:40,288 - __main__ - ERROR - Error inesperado en upload_foto: Error al subir la foto: {'statusCode': 403, 'error': Unauthorized, 'message': new row violates row-level security policy}
Traceback (most recent call last):
  File "C:\Users\Asus\AppData\Local\Programs\Python\Python312\Lib\site-packages\storage3\_sync\file_api.py", line 76, in _request
    response.raise_for_status()
  File "C:\Users\Asus\AppData\Local\Programs\Python\Python312\Lib\site-packages\httpx\_models.py", line 829, in raise_for_status
    raise HTTPStatusError(message, request=request, response=self)
httpx.HTTPStatusError: Client error '400 Bad Request' for url 'https://ukjrvbwnahfzscsazyhv.supabase.co/storage/v1/object/arboles-fotos/9d2a1edc-2137-434e-8264-9a68dfbef907.jpeg'
For more information check: https://developer.mozilla.org/en-US/docs/Web/HTTP/Status/400

During handling of the above exception, another exception occurred:

Traceback (most recent call last):
  File "C:\Users\Asus\Desktop\reforestacion-manabi\web-reforestacion-manabi\app.py", line 239, in upload_foto
    response = supabase.storage.from_("arboles-fotos").upload(
               ^^^^^^^^^^^^^^^^^^^^^^^^^^^^^^^^^^^^^^^^^^^^^^^
  File "C:\Users\Asus\AppData\Local\Programs\Python\Python312\Lib\site-packages\storage3\_sync\file_api.py", line 545, in upload
    return self._upload_or_update("POST", path_parts, file, file_options)
           ^^^^^^^^^^^^^^^^^^^^^^^^^^^^^^^^^^^^^^^^^^^^^^^^^^^^^^^^^^^^^^
  File "C:\Users\Asus\AppData\Local\Programs\Python\Python312\Lib\site-packages\storage3\_sync\file_api.py", line 517, in _upload_or_update
    response = self._request(
               ^^^^^^^^^^^^^^
  File "C:\Users\Asus\AppData\Local\Programs\Python\Python312\Lib\site-packages\storage3\_sync\file_api.py", line 79, in _request
    raise StorageApiError(resp["message"], resp["error"], resp["statusCode"])
storage3.exceptions.StorageApiError: {'statusCode': 403, 'error': Unauthorized, 'message': new row violates row-level security policy}

During handling of the above exception, another exception occurred:

Traceback (most recent call last):
  File "C:\Users\Asus\Desktop\reforestacion-manabi\web-reforestacion-manabi\app.py", line 47, in decorated_function
    return f(*args, **kwargs)
           ^^^^^^^^^^^^^^^^^^
  File "C:\Users\Asus\Desktop\reforestacion-manabi\web-reforestacion-manabi\app.py", line 262, in upload_foto
    raise Exception(f"Error al subir la foto: {str(e)}")
Exception: Error al subir la foto: {'statusCode': 403, 'error': Unauthorized, 'message': new row violates row-level security policy}
2025-10-27 14:30:40,289 - werkzeug - INFO - 127.0.0.1 - - [27/Oct/2025 14:30:40] "[35m[1mPOST /api/upload_foto HTTP/1.1[0m" 500 -
2025-10-27 14:31:36,526 - __main__ - INFO - Obteniendo árboles...
2025-10-27 14:31:36,778 - httpx - INFO - HTTP Request: GET https://ukjrvbwnahfzscsazyhv.supabase.co/rest/v1/arboles_sembrados?select=id%2Cespecie%2Clatitud%2Clongitud%2Cfecha_siembra%2Cfoto_url%2Cuser_email&limit=1000&offset=0&order=fecha_siembra.desc "HTTP/2 200 OK"
2025-10-27 14:31:36,779 - __main__ - INFO - Obtenidos 4 árboles
2025-10-27 14:31:36,779 - werkzeug - INFO - 127.0.0.1 - - [27/Oct/2025 14:31:36] "GET /api/obtener_arboles HTTP/1.1" 200 -
2025-10-27 14:31:39,853 - __main__ - INFO - Obteniendo árboles...
2025-10-27 14:31:40,023 - httpx - INFO - HTTP Request: GET https://ukjrvbwnahfzscsazyhv.supabase.co/rest/v1/arboles_sembrados?select=id%2Cespecie%2Clatitud%2Clongitud%2Cfecha_siembra%2Cfoto_url%2Cuser_email&limit=1000&offset=0&order=fecha_siembra.desc "HTTP/2 200 OK"
2025-10-27 14:31:40,023 - __main__ - INFO - Obtenidos 4 árboles
2025-10-27 14:31:40,023 - werkzeug - INFO - 127.0.0.1 - - [27/Oct/2025 14:31:40] "GET /api/obtener_arboles HTTP/1.1" 200 -
2025-10-27 14:31:49,504 - __main__ - INFO - Subiendo foto: 653bffde-5946-4f8a-85b4-8f8d4e71fc9d.jpeg (9669 bytes)
2025-10-27 14:31:50,080 - httpx - INFO - HTTP Request: POST https://ukjrvbwnahfzscsazyhv.supabase.co/storage/v1/object/arboles-fotos/653bffde-5946-4f8a-85b4-8f8d4e71fc9d.jpeg "HTTP/2 400 Bad Request"
2025-10-27 14:31:50,080 - __main__ - ERROR - Error al subir foto: {'statusCode': 403, 'error': Unauthorized, 'message': new row violates row-level security policy}
2025-10-27 14:31:50,081 - __main__ - ERROR - Error inesperado en upload_foto: Error al subir la foto: {'statusCode': 403, 'error': Unauthorized, 'message': new row violates row-level security policy}
Traceback (most recent call last):
  File "C:\Users\Asus\AppData\Local\Programs\Python\Python312\Lib\site-packages\storage3\_sync\file_api.py", line 76, in _request
    response.raise_for_status()
  File "C:\Users\Asus\AppData\Local\Programs\Python\Python312\Lib\site-packages\httpx\_models.py", line 829, in raise_for_status
    raise HTTPStatusError(message, request=request, response=self)
httpx.HTTPStatusError: Client error '400 Bad Request' for url 'https://ukjrvbwnahfzscsazyhv.supabase.co/storage/v1/object/arboles-fotos/653bffde-5946-4f8a-85b4-8f8d4e71fc9d.jpeg'
For more information check: https://developer.mozilla.org/en-US/docs/Web/HTTP/Status/400

During handling of the above exception, another exception occurred:

Traceback (most recent call last):
  File "C:\Users\Asus\Desktop\reforestacion-manabi\web-reforestacion-manabi\app.py", line 239, in upload_foto
    response = supabase.storage.from_("arboles-fotos").upload(
               ^^^^^^^^^^^^^^^^^^^^^^^^^^^^^^^^^^^^^^^^^^^^^^^
  File "C:\Users\Asus\AppData\Local\Programs\Python\Python312\Lib\site-packages\storage3\_sync\file_api.py", line 545, in upload
    return self._upload_or_update("POST", path_parts, file, file_options)
           ^^^^^^^^^^^^^^^^^^^^^^^^^^^^^^^^^^^^^^^^^^^^^^^^^^^^^^^^^^^^^^
  File "C:\Users\Asus\AppData\Local\Programs\Python\Python312\Lib\site-packages\storage3\_sync\file_api.py", line 517, in _upload_or_update
    response = self._request(
               ^^^^^^^^^^^^^^
  File "C:\Users\Asus\AppData\Local\Programs\Python\Python312\Lib\site-packages\storage3\_sync\file_api.py", line 79, in _request
    raise StorageApiError(resp["message"], resp["error"], resp["statusCode"])
storage3.exceptions.StorageApiError: {'statusCode': 403, 'error': Unauthorized, 'message': new row violates row-level security policy}

During handling of the above exception, another exception occurred:

Traceback (most recent call last):
  File "C:\Users\Asus\Desktop\reforestacion-manabi\web-reforestacion-manabi\app.py", line 47, in decorated_function
    return f(*args, **kwargs)
           ^^^^^^^^^^^^^^^^^^
  File "C:\Users\Asus\Desktop\reforestacion-manabi\web-reforestacion-manabi\app.py", line 262, in upload_foto
    raise Exception(f"Error al subir la foto: {str(e)}")
Exception: Error al subir la foto: {'statusCode': 403, 'error': Unauthorized, 'message': new row violates row-level security policy}
2025-10-27 14:31:50,082 - werkzeug - INFO - 127.0.0.1 - - [27/Oct/2025 14:31:50] "[35m[1mPOST /api/upload_foto HTTP/1.1[0m" 500 -
2025-10-27 14:31:55,716 - __main__ - INFO - Generando datos para gráficos...
2025-10-27 14:31:55,994 - httpx - INFO - HTTP Request: GET https://ukjrvbwnahfzscsazyhv.supabase.co/rest/v1/arboles_sembrados?select=especie%2Cfecha_siembra "HTTP/2 200 OK"
2025-10-27 14:31:55,995 - werkzeug - INFO - 127.0.0.1 - - [27/Oct/2025 14:31:55] "GET /api/estadisticas_graficos HTTP/1.1" 200 -
2025-10-27 14:31:59,530 - __main__ - INFO - Generando datos para gráficos...
2025-10-27 14:31:59,708 - httpx - INFO - HTTP Request: GET https://ukjrvbwnahfzscsazyhv.supabase.co/rest/v1/arboles_sembrados?select=especie%2Cfecha_siembra "HTTP/2 200 OK"
2025-10-27 14:31:59,710 - werkzeug - INFO - 127.0.0.1 - - [27/Oct/2025 14:31:59] "GET /api/estadisticas_graficos HTTP/1.1" 200 -
2025-10-27 15:36:28,595 - httpx - INFO - HTTP Request: POST https://ukjrvbwnahfzscsazyhv.supabase.co/auth/v1/token?grant_type=refresh_token "HTTP/2 200 OK"
2025-10-27 15:36:28,797 - httpx - INFO - HTTP Request: POST https://ukjrvbwnahfzscsazyhv.supabase.co/auth/v1/token?grant_type=refresh_token "HTTP/2 200 OK"
2025-10-27 16:40:57,535 - __main__ - INFO - Conexión con Supabase establecida.
2025-10-27 16:40:57,545 - __main__ - INFO - Iniciando Reforesta Manabí...
2025-10-27 16:40:57,613 - werkzeug - INFO - [31m[1mWARNING: This is a development server. Do not use it in a production deployment. Use a production WSGI server instead.[0m
 * Running on all addresses (0.0.0.0)
 * Running on http://127.0.0.1:5000
 * Running on http://10.82.24.233:5000
2025-10-27 16:40:57,615 - werkzeug - INFO - [33mPress CTRL+C to quit[0m
2025-10-27 16:40:57,616 - werkzeug - INFO -  * Restarting with stat
2025-10-27 16:40:59,457 - __main__ - INFO - Conexión con Supabase establecida.
2025-10-27 16:40:59,464 - __main__ - INFO - Iniciando Reforesta Manabí...
2025-10-27 16:40:59,482 - werkzeug - WARNING -  * Debugger is active!
2025-10-27 16:40:59,490 - werkzeug - INFO -  * Debugger PIN: 304-484-615
2025-10-27 16:41:00,928 - werkzeug - INFO - 127.0.0.1 - - [27/Oct/2025 16:41:00] "GET / HTTP/1.1" 200 -
2025-10-27 16:41:01,643 - werkzeug - INFO - 127.0.0.1 - - [27/Oct/2025 16:41:01] "[36mGET /static/main.js HTTP/1.1[0m" 304 -
2025-10-27 16:41:03,927 - werkzeug - INFO - 127.0.0.1 - - [27/Oct/2025 16:41:03] "[33mGET /favicon.ico HTTP/1.1[0m" 404 -
2025-10-27 16:41:16,891 - __main__ - INFO - Login: marcelomejiauep@gmail.com
2025-10-27 16:41:20,165 - __main__ - INFO - Login: marcelomejiauep@gmail.com
2025-10-27 16:41:20,317 - httpx - INFO - HTTP Request: POST https://ukjrvbwnahfzscsazyhv.supabase.co/auth/v1/token?grant_type=password "HTTP/2 200 OK"
2025-10-27 16:41:21,327 - __main__ - INFO - Login: marcelomejiauep@gmail.com
2025-10-27 16:41:22,179 - httpx - INFO - HTTP Request: POST https://ukjrvbwnahfzscsazyhv.supabase.co/auth/v1/token?grant_type=password "HTTP/2 200 OK"
2025-10-27 16:41:22,252 - httpx - INFO - HTTP Request: POST https://ukjrvbwnahfzscsazyhv.supabase.co/auth/v1/token?grant_type=password "HTTP/2 200 OK"
2025-10-27 16:41:22,724 - httpx - INFO - HTTP Request: GET https://ukjrvbwnahfzscsazyhv.supabase.co/rest/v1/profiles?select=name&id=eq.6cf8052a-5fd7-413d-beba-1b35343b8f04 "HTTP/2 200 OK"
2025-10-27 16:41:22,730 - werkzeug - INFO - 127.0.0.1 - - [27/Oct/2025 16:41:22] "POST /api/login HTTP/1.1" 200 -
2025-10-27 16:41:22,873 - __main__ - INFO - Obteniendo árboles...
2025-10-27 16:41:23,900 - httpx - INFO - HTTP Request: GET https://ukjrvbwnahfzscsazyhv.supabase.co/rest/v1/profiles?select=name&id=eq.6cf8052a-5fd7-413d-beba-1b35343b8f04 "HTTP/2 200 OK"
2025-10-27 16:41:23,900 - werkzeug - INFO - 127.0.0.1 - - [27/Oct/2025 16:41:23] "POST /api/login HTTP/1.1" 200 -
2025-10-27 16:41:23,956 - httpx - INFO - HTTP Request: GET https://ukjrvbwnahfzscsazyhv.supabase.co/rest/v1/profiles?select=name&id=eq.6cf8052a-5fd7-413d-beba-1b35343b8f04 "HTTP/2 200 OK"
2025-10-27 16:41:23,959 - werkzeug - INFO - 127.0.0.1 - - [27/Oct/2025 16:41:23] "POST /api/login HTTP/1.1" 200 -
2025-10-27 16:41:24,347 - httpx - INFO - HTTP Request: GET https://ukjrvbwnahfzscsazyhv.supabase.co/rest/v1/arboles_sembrados?select=id "HTTP/2 200 OK"
2025-10-27 16:41:24,355 - werkzeug - INFO - 127.0.0.1 - - [27/Oct/2025 16:41:24] "GET /api/predecir_horas HTTP/1.1" 200 -
2025-10-27 16:41:24,486 - httpx - INFO - HTTP Request: GET https://ukjrvbwnahfzscsazyhv.supabase.co/rest/v1/arboles_sembrados?select=id "HTTP/2 200 OK"
2025-10-27 16:41:24,491 - werkzeug - INFO - 127.0.0.1 - - [27/Oct/2025 16:41:24] "GET /api/predecir_horas HTTP/1.1" 200 -
2025-10-27 16:41:24,555 - httpx - INFO - HTTP Request: GET https://ukjrvbwnahfzscsazyhv.supabase.co/rest/v1/arboles_sembrados?select=id%2Cespecie%2Clatitud%2Clongitud%2Cfecha_siembra%2Cfoto_url%2Cuser_email&limit=1000&offset=0&order=fecha_siembra.desc "HTTP/2 200 OK"
2025-10-27 16:41:24,555 - __main__ - INFO - Obtenidos 4 árboles
2025-10-27 16:41:24,558 - werkzeug - INFO - 127.0.0.1 - - [27/Oct/2025 16:41:24] "GET /api/obtener_arboles HTTP/1.1" 200 -
2025-10-27 16:41:24,560 - __main__ - INFO - Obteniendo árboles...
2025-10-27 16:41:25,027 - httpx - INFO - HTTP Request: GET https://ukjrvbwnahfzscsazyhv.supabase.co/rest/v1/arboles_sembrados?select=id "HTTP/2 200 OK"
2025-10-27 16:41:25,027 - httpx - INFO - HTTP Request: GET https://ukjrvbwnahfzscsazyhv.supabase.co/rest/v1/arboles_sembrados?select=id%2Cespecie%2Clatitud%2Clongitud%2Cfecha_siembra%2Cfoto_url%2Cuser_email&limit=1000&offset=0&order=fecha_siembra.desc "HTTP/2 200 OK"
2025-10-27 16:41:25,037 - __main__ - INFO - Obtenidos 4 árboles
2025-10-27 16:41:25,039 - werkzeug - INFO - 127.0.0.1 - - [27/Oct/2025 16:41:25] "GET /api/predecir_horas HTTP/1.1" 200 -
2025-10-27 16:41:25,040 - werkzeug - INFO - 127.0.0.1 - - [27/Oct/2025 16:41:25] "GET /api/obtener_arboles HTTP/1.1" 200 -
2025-10-27 16:41:25,046 - __main__ - INFO - Obteniendo árboles...
2025-10-27 16:41:25,211 - httpx - INFO - HTTP Request: GET https://ukjrvbwnahfzscsazyhv.supabase.co/rest/v1/arboles_sembrados?select=id%2Cespecie%2Clatitud%2Clongitud%2Cfecha_siembra%2Cfoto_url%2Cuser_email&limit=1000&offset=0&order=fecha_siembra.desc "HTTP/2 200 OK"
2025-10-27 16:41:25,219 - __main__ - INFO - Obtenidos 4 árboles
2025-10-27 16:41:25,219 - werkzeug - INFO - 127.0.0.1 - - [27/Oct/2025 16:41:25] "GET /api/obtener_arboles HTTP/1.1" 200 -
2025-10-27 16:41:25,219 - __main__ - INFO - Obteniendo árboles...
2025-10-27 16:41:25,352 - httpx - INFO - HTTP Request: GET https://ukjrvbwnahfzscsazyhv.supabase.co/rest/v1/arboles_sembrados?select=id%2Cespecie%2Clatitud%2Clongitud%2Cfecha_siembra%2Cfoto_url%2Cuser_email&limit=1000&offset=0&order=fecha_siembra.desc "HTTP/2 200 OK"
2025-10-27 16:41:25,352 - __main__ - INFO - Obtenidos 4 árboles
2025-10-27 16:41:25,352 - werkzeug - INFO - 127.0.0.1 - - [27/Oct/2025 16:41:25] "GET /api/obtener_arboles HTTP/1.1" 200 -
2025-10-27 16:41:35,132 - __main__ - INFO - Generando datos para gráficos...
2025-10-27 16:41:35,308 - httpx - INFO - HTTP Request: GET https://ukjrvbwnahfzscsazyhv.supabase.co/rest/v1/arboles_sembrados?select=especie%2Cfecha_siembra "HTTP/2 200 OK"
2025-10-27 16:41:35,314 - werkzeug - INFO - 127.0.0.1 - - [27/Oct/2025 16:41:35] "GET /api/estadisticas_graficos HTTP/1.1" 200 -
2025-10-27 16:44:14,623 - werkzeug - INFO - 127.0.0.1 - - [27/Oct/2025 16:44:14] "GET / HTTP/1.1" 200 -
2025-10-27 16:44:14,688 - werkzeug - INFO - 127.0.0.1 - - [27/Oct/2025 16:44:14] "[36mGET /static/main.js HTTP/1.1[0m" 304 -
2025-10-27 16:44:14,968 - werkzeug - INFO - 127.0.0.1 - - [27/Oct/2025 16:44:14] "GET / HTTP/1.1" 200 -
2025-10-27 16:44:15,036 - werkzeug - INFO - 127.0.0.1 - - [27/Oct/2025 16:44:15] "[36mGET /static/main.js HTTP/1.1[0m" 304 -
2025-10-27 16:44:24,720 - __main__ - INFO - Login: marcelomejiauep@gmail.com
2025-10-27 16:44:26,498 - __main__ - INFO - Login: marcelomejiauep@gmail.com
2025-10-27 16:44:27,600 - __main__ - INFO - Login: marcelomejiauep@gmail.com
2025-10-27 16:44:28,500 - __main__ - INFO - Login: marcelomejiauep@gmail.com
2025-10-27 16:44:29,649 - __main__ - INFO - Login: marcelomejiauep@gmail.com
2025-10-27 16:44:30,326 - __main__ - INFO - Login: marcelomejiauep@gmail.com
2025-10-27 16:44:36,746 - __main__ - WARNING - Error de validación en login_user: Credenciales inválidas
2025-10-27 16:44:36,746 - werkzeug - INFO - 127.0.0.1 - - [27/Oct/2025 16:44:36] "[31m[1mPOST /api/login HTTP/1.1[0m" 400 -
2025-10-27 16:44:36,746 - __main__ - WARNING - Error de validación en login_user: Credenciales inválidas
2025-10-27 16:44:36,746 - __main__ - WARNING - Error de validación en login_user: Credenciales inválidas
2025-10-27 16:44:36,746 - werkzeug - INFO - 127.0.0.1 - - [27/Oct/2025 16:44:36] "[31m[1mPOST /api/login HTTP/1.1[0m" 400 -
2025-10-27 16:44:36,750 - __main__ - WARNING - Error de validación en login_user: Credenciales inválidas
2025-10-27 16:44:36,751 - werkzeug - INFO - 127.0.0.1 - - [27/Oct/2025 16:44:36] "[31m[1mPOST /api/login HTTP/1.1[0m" 400 -
2025-10-27 16:44:36,753 - __main__ - WARNING - Error de validación en login_user: Credenciales inválidas
2025-10-27 16:44:36,755 - __main__ - INFO - Login: marcelomejiauep@gmail.com
2025-10-27 16:44:36,757 - __main__ - WARNING - Error de validación en login_user: Credenciales inválidas
2025-10-27 16:44:36,761 - __main__ - INFO - Login: marcelomejiauep@gmail.com
2025-10-27 16:44:36,761 - werkzeug - INFO - 127.0.0.1 - - [27/Oct/2025 16:44:36] "[31m[1mPOST /api/login HTTP/1.1[0m" 400 -
2025-10-27 16:44:36,765 - werkzeug - INFO - 127.0.0.1 - - [27/Oct/2025 16:44:36] "[31m[1mPOST /api/login HTTP/1.1[0m" 400 -
2025-10-27 16:44:36,769 - werkzeug - INFO - 127.0.0.1 - - [27/Oct/2025 16:44:36] "[31m[1mPOST /api/login HTTP/1.1[0m" 400 -
2025-10-27 16:44:36,771 - __main__ - WARNING - Error de validación en login_user: Credenciales inválidas
2025-10-27 16:44:36,771 - __main__ - INFO - Login: marcelomejiauep@gmail.com
2025-10-27 16:44:36,776 - __main__ - WARNING - Error de validación en login_user: Credenciales inválidas
2025-10-27 16:44:36,777 - werkzeug - INFO - 127.0.0.1 - - [27/Oct/2025 16:44:36] "[31m[1mPOST /api/login HTTP/1.1[0m" 400 -
2025-10-27 16:44:36,781 - werkzeug - INFO - 127.0.0.1 - - [27/Oct/2025 16:44:36] "[31m[1mPOST /api/login HTTP/1.1[0m" 400 -
2025-10-27 16:44:36,781 - __main__ - WARNING - Error de validación en login_user: Credenciales inválidas
2025-10-27 16:44:36,786 - __main__ - INFO - Login: marcelomejiauep@gmail.com
2025-10-27 16:44:36,794 - __main__ - INFO - Login: marcelomejiauep@gmail.com
2025-10-27 16:44:36,794 - werkzeug - INFO - 127.0.0.1 - - [27/Oct/2025 16:44:36] "[31m[1mPOST /api/login HTTP/1.1[0m" 400 -
2025-10-27 16:44:36,802 - __main__ - WARNING - Error de validación en login_user: Credenciales inválidas
2025-10-27 16:44:36,802 - __main__ - INFO - Login: marcelomejiauep@gmail.com
2025-10-27 16:44:36,802 - __main__ - WARNING - Error de validación en login_user: Credenciales inválidas
2025-10-27 16:44:36,802 - werkzeug - INFO - 127.0.0.1 - - [27/Oct/2025 16:44:36] "[31m[1mPOST /api/login HTTP/1.1[0m" 400 -
2025-10-27 16:44:36,810 - __main__ - INFO - Login: marcelomejiauep@gmail.com
2025-10-27 16:44:36,810 - werkzeug - INFO - 127.0.0.1 - - [27/Oct/2025 16:44:36] "[31m[1mPOST /api/login HTTP/1.1[0m" 400 -
2025-10-27 16:44:36,810 - __main__ - WARNING - Error de validación en login_user: Credenciales inválidas
2025-10-27 16:44:36,819 - __main__ - WARNING - Error de validación en login_user: Credenciales inválidas
2025-10-27 16:44:36,823 - werkzeug - INFO - 127.0.0.1 - - [27/Oct/2025 16:44:36] "[31m[1mPOST /api/login HTTP/1.1[0m" 400 -
2025-10-27 16:44:36,823 - werkzeug - INFO - 127.0.0.1 - - [27/Oct/2025 16:44:36] "[31m[1mPOST /api/login HTTP/1.1[0m" 400 -
2025-10-27 16:44:45,802 - __main__ - INFO - Login: marcelomejiauep@gmail.com
2025-10-27 16:44:57,833 - __main__ - WARNING - Error de validación en login_user: Credenciales inválidas
2025-10-27 16:44:57,833 - werkzeug - INFO - 127.0.0.1 - - [27/Oct/2025 16:44:57] "[31m[1mPOST /api/login HTTP/1.1[0m" 400 -
2025-10-27 16:45:07,673 - __main__ - INFO - Login: marcelomejiauep@gmail.com
2025-10-27 16:45:10,147 - httpx - INFO - HTTP Request: POST https://ukjrvbwnahfzscsazyhv.supabase.co/auth/v1/token?grant_type=password "HTTP/2 200 OK"
2025-10-27 16:45:10,801 - httpx - INFO - HTTP Request: GET https://ukjrvbwnahfzscsazyhv.supabase.co/rest/v1/profiles?select=name&id=eq.6cf8052a-5fd7-413d-beba-1b35343b8f04 "HTTP/2 200 OK"
2025-10-27 16:45:10,817 - werkzeug - INFO - 127.0.0.1 - - [27/Oct/2025 16:45:10] "POST /api/login HTTP/1.1" 200 -
2025-10-27 16:45:10,940 - __main__ - INFO - Obteniendo árboles...
2025-10-27 16:45:11,117 - httpx - INFO - HTTP Request: GET https://ukjrvbwnahfzscsazyhv.supabase.co/rest/v1/arboles_sembrados?select=id%2Cespecie%2Clatitud%2Clongitud%2Cfecha_siembra%2Cfoto_url%2Cuser_email&limit=1000&offset=0&order=fecha_siembra.desc "HTTP/2 200 OK"
2025-10-27 16:45:11,117 - httpx - INFO - HTTP Request: GET https://ukjrvbwnahfzscsazyhv.supabase.co/rest/v1/arboles_sembrados?select=id "HTTP/2 200 OK"
2025-10-27 16:45:11,117 - __main__ - INFO - Obtenidos 4 árboles
2025-10-27 16:45:11,125 - werkzeug - INFO - 127.0.0.1 - - [27/Oct/2025 16:45:11] "GET /api/predecir_horas HTTP/1.1" 200 -
2025-10-27 16:45:11,125 - werkzeug - INFO - 127.0.0.1 - - [27/Oct/2025 16:45:11] "GET /api/obtener_arboles HTTP/1.1" 200 -
2025-10-27 16:45:11,125 - __main__ - INFO - Obteniendo árboles...
2025-10-27 16:45:11,322 - httpx - INFO - HTTP Request: GET https://ukjrvbwnahfzscsazyhv.supabase.co/rest/v1/arboles_sembrados?select=id%2Cespecie%2Clatitud%2Clongitud%2Cfecha_siembra%2Cfoto_url%2Cuser_email&limit=1000&offset=0&order=fecha_siembra.desc "HTTP/2 200 OK"
2025-10-27 16:45:11,322 - __main__ - INFO - Obtenidos 4 árboles
2025-10-27 16:45:11,338 - werkzeug - INFO - 127.0.0.1 - - [27/Oct/2025 16:45:11] "GET /api/obtener_arboles HTTP/1.1" 200 -
2025-10-27 17:20:05,215 - __main__ - INFO - Conexión con Supabase establecida.
2025-10-27 17:20:05,224 - __main__ - INFO - Iniciando Reforesta Manabí...
2025-10-27 17:20:05,298 - werkzeug - INFO - [31m[1mWARNING: This is a development server. Do not use it in a production deployment. Use a production WSGI server instead.[0m
 * Running on all addresses (0.0.0.0)
 * Running on http://127.0.0.1:5000
 * Running on http://10.82.2.12:5000
2025-10-27 17:20:05,298 - werkzeug - INFO - [33mPress CTRL+C to quit[0m
2025-10-27 17:20:05,298 - werkzeug - INFO -  * Restarting with stat
2025-10-27 17:20:06,858 - __main__ - INFO - Conexión con Supabase establecida.
2025-10-27 17:20:06,863 - __main__ - INFO - Iniciando Reforesta Manabí...
2025-10-27 17:20:06,889 - werkzeug - WARNING -  * Debugger is active!
2025-10-27 17:20:06,891 - werkzeug - INFO -  * Debugger PIN: 304-484-615
2025-10-27 17:20:28,115 - werkzeug - INFO - 127.0.0.1 - - [27/Oct/2025 17:20:28] "GET / HTTP/1.1" 200 -
2025-10-27 17:20:28,455 - werkzeug - INFO - 127.0.0.1 - - [27/Oct/2025 17:20:28] "[36mGET /static/main.js HTTP/1.1[0m" 304 -
2025-10-27 17:20:29,370 - werkzeug - INFO - 127.0.0.1 - - [27/Oct/2025 17:20:29] "[33mGET /favicon.ico HTTP/1.1[0m" 404 -
2025-10-27 17:27:40,959 - __main__ - INFO - Login: marcelomejiauep@gmail.com
2025-10-27 17:27:42,394 - __main__ - INFO - Login: marcelomejiauep@gmail.com
2025-10-27 17:27:42,819 - httpx - INFO - HTTP Request: POST https://ukjrvbwnahfzscsazyhv.supabase.co/auth/v1/token?grant_type=password "HTTP/2 200 OK"
2025-10-27 17:27:43,106 - __main__ - INFO - Login: marcelomejiauep@gmail.com
2025-10-27 17:27:43,534 - httpx - INFO - HTTP Request: POST https://ukjrvbwnahfzscsazyhv.supabase.co/auth/v1/token?grant_type=password "HTTP/2 200 OK"
2025-10-27 17:27:43,752 - httpx - INFO - HTTP Request: POST https://ukjrvbwnahfzscsazyhv.supabase.co/auth/v1/token?grant_type=password "HTTP/2 200 OK"
2025-10-27 17:27:46,213 - httpx - INFO - HTTP Request: GET https://ukjrvbwnahfzscsazyhv.supabase.co/rest/v1/profiles?select=name&id=eq.6cf8052a-5fd7-413d-beba-1b35343b8f04 "HTTP/2 200 OK"
2025-10-27 17:27:46,223 - werkzeug - INFO - 127.0.0.1 - - [27/Oct/2025 17:27:46] "POST /api/login HTTP/1.1" 200 -
2025-10-27 17:27:46,361 - __main__ - INFO - Obteniendo árboles...
2025-10-27 17:27:47,282 - httpx - INFO - HTTP Request: GET https://ukjrvbwnahfzscsazyhv.supabase.co/rest/v1/profiles?select=name&id=eq.6cf8052a-5fd7-413d-beba-1b35343b8f04 "HTTP/2 200 OK"
2025-10-27 17:27:50,022 - httpx - INFO - HTTP Request: GET https://ukjrvbwnahfzscsazyhv.supabase.co/rest/v1/arboles_sembrados?select=id "HTTP/2 200 OK"
2025-10-27 17:27:50,025 - werkzeug - INFO - 127.0.0.1 - - [27/Oct/2025 17:27:50] "POST /api/login HTTP/1.1" 200 -
2025-10-27 17:27:50,025 - httpx - INFO - HTTP Request: GET https://ukjrvbwnahfzscsazyhv.supabase.co/rest/v1/arboles_sembrados?select=id%2Cespecie%2Clatitud%2Clongitud%2Cfecha_siembra%2Cfoto_url%2Cuser_email&limit=1000&offset=0&order=fecha_siembra.desc "HTTP/2 200 OK"
2025-10-27 17:27:50,035 - __main__ - INFO - Obtenidos 4 árboles
2025-10-27 17:27:50,035 - werkzeug - INFO - 127.0.0.1 - - [27/Oct/2025 17:27:50] "GET /api/obtener_arboles HTTP/1.1" 200 -
2025-10-27 17:27:50,044 - __main__ - INFO - Obteniendo árboles...
2025-10-27 17:27:50,074 - werkzeug - INFO - 127.0.0.1 - - [27/Oct/2025 17:27:50] "GET /api/predecir_horas HTTP/1.1" 200 -
2025-10-27 17:27:50,184 - httpx - INFO - HTTP Request: GET https://ukjrvbwnahfzscsazyhv.supabase.co/rest/v1/profiles?select=name&id=eq.6cf8052a-5fd7-413d-beba-1b35343b8f04 "HTTP/2 200 OK"
2025-10-27 17:27:50,184 - werkzeug - INFO - 127.0.0.1 - - [27/Oct/2025 17:27:50] "POST /api/login HTTP/1.1" 200 -
2025-10-27 17:27:50,285 - httpx - INFO - HTTP Request: GET https://ukjrvbwnahfzscsazyhv.supabase.co/rest/v1/arboles_sembrados?select=id%2Cespecie%2Clatitud%2Clongitud%2Cfecha_siembra%2Cfoto_url%2Cuser_email&limit=1000&offset=0&order=fecha_siembra.desc "HTTP/2 200 OK"
2025-10-27 17:27:50,396 - httpx - INFO - HTTP Request: GET https://ukjrvbwnahfzscsazyhv.supabase.co/rest/v1/arboles_sembrados?select=id "HTTP/2 200 OK"
2025-10-27 17:27:50,396 - __main__ - INFO - Obtenidos 4 árboles
2025-10-27 17:27:50,396 - werkzeug - INFO - 127.0.0.1 - - [27/Oct/2025 17:27:50] "GET /api/obtener_arboles HTTP/1.1" 200 -
2025-10-27 17:27:50,405 - __main__ - INFO - Obteniendo árboles...
2025-10-27 17:27:50,412 - werkzeug - INFO - 127.0.0.1 - - [27/Oct/2025 17:27:50] "GET /api/predecir_horas HTTP/1.1" 200 -
2025-10-27 17:27:50,603 - httpx - INFO - HTTP Request: GET https://ukjrvbwnahfzscsazyhv.supabase.co/rest/v1/arboles_sembrados?select=id%2Cespecie%2Clatitud%2Clongitud%2Cfecha_siembra%2Cfoto_url%2Cuser_email&limit=1000&offset=0&order=fecha_siembra.desc "HTTP/2 200 OK"
2025-10-27 17:27:50,611 - httpx - INFO - HTTP Request: GET https://ukjrvbwnahfzscsazyhv.supabase.co/rest/v1/arboles_sembrados?select=id "HTTP/2 200 OK"
2025-10-27 17:27:50,611 - __main__ - INFO - Obtenidos 4 árboles
2025-10-27 17:27:50,611 - werkzeug - INFO - 127.0.0.1 - - [27/Oct/2025 17:27:50] "GET /api/obtener_arboles HTTP/1.1" 200 -
2025-10-27 17:27:50,628 - __main__ - INFO - Obteniendo árboles...
2025-10-27 17:27:50,632 - werkzeug - INFO - 127.0.0.1 - - [27/Oct/2025 17:27:50] "GET /api/predecir_horas HTTP/1.1" 200 -
2025-10-27 17:27:50,836 - httpx - INFO - HTTP Request: GET https://ukjrvbwnahfzscsazyhv.supabase.co/rest/v1/arboles_sembrados?select=id%2Cespecie%2Clatitud%2Clongitud%2Cfecha_siembra%2Cfoto_url%2Cuser_email&limit=1000&offset=0&order=fecha_siembra.desc "HTTP/2 200 OK"
2025-10-27 17:27:50,911 - __main__ - INFO - Obtenidos 4 árboles
2025-10-27 17:27:50,911 - werkzeug - INFO - 127.0.0.1 - - [27/Oct/2025 17:27:50] "GET /api/obtener_arboles HTTP/1.1" 200 -
2025-10-27 17:28:42,019 - __main__ - INFO - Subiendo foto: f7fc19e9-7e04-4131-9bce-f8350f047c1f.jpeg (9669 bytes)
2025-10-27 17:28:43,802 - httpx - INFO - HTTP Request: POST https://ukjrvbwnahfzscsazyhv.supabase.co/storage/v1/object/arboles-fotos/f7fc19e9-7e04-4131-9bce-f8350f047c1f.jpeg "HTTP/2 400 Bad Request"
2025-10-27 17:28:43,809 - __main__ - ERROR - Error al subir foto: {'statusCode': 403, 'error': Unauthorized, 'message': new row violates row-level security policy}
2025-10-27 17:28:43,809 - __main__ - ERROR - Error inesperado en upload_foto: Error al subir la foto: {'statusCode': 403, 'error': Unauthorized, 'message': new row violates row-level security policy}
Traceback (most recent call last):
  File "C:\Users\Asus\AppData\Local\Programs\Python\Python312\Lib\site-packages\storage3\_sync\file_api.py", line 76, in _request
    response.raise_for_status()
  File "C:\Users\Asus\AppData\Local\Programs\Python\Python312\Lib\site-packages\httpx\_models.py", line 829, in raise_for_status
    raise HTTPStatusError(message, request=request, response=self)
httpx.HTTPStatusError: Client error '400 Bad Request' for url 'https://ukjrvbwnahfzscsazyhv.supabase.co/storage/v1/object/arboles-fotos/f7fc19e9-7e04-4131-9bce-f8350f047c1f.jpeg'
For more information check: https://developer.mozilla.org/en-US/docs/Web/HTTP/Status/400

During handling of the above exception, another exception occurred:

Traceback (most recent call last):
  File "C:\Users\Asus\Desktop\reforestacion-manabi\web-reforestacion-manabi\app.py", line 239, in upload_foto
    response = supabase.storage.from_("arboles-fotos").upload(
               ^^^^^^^^^^^^^^^^^^^^^^^^^^^^^^^^^^^^^^^^^^^^^^^
  File "C:\Users\Asus\AppData\Local\Programs\Python\Python312\Lib\site-packages\storage3\_sync\file_api.py", line 545, in upload
    return self._upload_or_update("POST", path_parts, file, file_options)
           ^^^^^^^^^^^^^^^^^^^^^^^^^^^^^^^^^^^^^^^^^^^^^^^^^^^^^^^^^^^^^^
  File "C:\Users\Asus\AppData\Local\Programs\Python\Python312\Lib\site-packages\storage3\_sync\file_api.py", line 517, in _upload_or_update
    response = self._request(
               ^^^^^^^^^^^^^^
  File "C:\Users\Asus\AppData\Local\Programs\Python\Python312\Lib\site-packages\storage3\_sync\file_api.py", line 79, in _request
    raise StorageApiError(resp["message"], resp["error"], resp["statusCode"])
storage3.exceptions.StorageApiError: {'statusCode': 403, 'error': Unauthorized, 'message': new row violates row-level security policy}

During handling of the above exception, another exception occurred:

Traceback (most recent call last):
  File "C:\Users\Asus\Desktop\reforestacion-manabi\web-reforestacion-manabi\app.py", line 47, in decorated_function
    return f(*args, **kwargs)
           ^^^^^^^^^^^^^^^^^^
  File "C:\Users\Asus\Desktop\reforestacion-manabi\web-reforestacion-manabi\app.py", line 262, in upload_foto
    raise Exception(f"Error al subir la foto: {str(e)}")
Exception: Error al subir la foto: {'statusCode': 403, 'error': Unauthorized, 'message': new row violates row-level security policy}
2025-10-27 17:28:43,877 - werkzeug - INFO - 127.0.0.1 - - [27/Oct/2025 17:28:43] "[35m[1mPOST /api/upload_foto HTTP/1.1[0m" 500 -
2025-10-27 17:29:10,006 - __main__ - INFO - Obteniendo árboles...
2025-10-27 17:29:10,947 - httpx - INFO - HTTP Request: GET https://ukjrvbwnahfzscsazyhv.supabase.co/rest/v1/arboles_sembrados?select=id%2Cespecie%2Clatitud%2Clongitud%2Cfecha_siembra%2Cfoto_url%2Cuser_email&limit=1000&offset=0&order=fecha_siembra.desc "HTTP/2 200 OK"
2025-10-27 17:29:11,001 - __main__ - INFO - Obtenidos 4 árboles
2025-10-27 17:29:11,009 - werkzeug - INFO - 127.0.0.1 - - [27/Oct/2025 17:29:11] "GET /api/obtener_arboles HTTP/1.1" 200 -
2025-10-27 17:29:13,250 - __main__ - INFO - Obteniendo árboles...
2025-10-27 17:29:13,511 - httpx - INFO - HTTP Request: GET https://ukjrvbwnahfzscsazyhv.supabase.co/rest/v1/arboles_sembrados?select=id%2Cespecie%2Clatitud%2Clongitud%2Cfecha_siembra%2Cfoto_url%2Cuser_email&limit=1000&offset=0&order=fecha_siembra.desc "HTTP/2 200 OK"
2025-10-27 17:29:13,524 - __main__ - INFO - Obtenidos 4 árboles
2025-10-27 17:29:13,524 - werkzeug - INFO - 127.0.0.1 - - [27/Oct/2025 17:29:13] "GET /api/obtener_arboles HTTP/1.1" 200 -
2025-10-27 17:29:31,082 - __main__ - INFO - Generando datos para gráficos...
2025-10-27 17:29:31,679 - httpx - INFO - HTTP Request: GET https://ukjrvbwnahfzscsazyhv.supabase.co/rest/v1/arboles_sembrados?select=especie%2Cfecha_siembra "HTTP/2 200 OK"
2025-10-27 17:29:31,679 - werkzeug - INFO - 127.0.0.1 - - [27/Oct/2025 17:29:31] "GET /api/estadisticas_graficos HTTP/1.1" 200 -
2025-10-27 17:35:13,080 - __main__ - INFO - Generando datos para gráficos...
2025-10-27 17:35:15,318 - httpx - INFO - HTTP Request: GET https://ukjrvbwnahfzscsazyhv.supabase.co/rest/v1/arboles_sembrados?select=especie%2Cfecha_siembra "HTTP/2 200 OK"
2025-10-27 17:35:15,324 - werkzeug - INFO - 127.0.0.1 - - [27/Oct/2025 17:35:15] "GET /api/estadisticas_graficos HTTP/1.1" 200 -
2025-10-27 18:09:49,858 - __main__ - INFO - Login: marcelomejiauep@gmail.com
2025-10-27 18:09:50,812 - httpx - INFO - HTTP Request: POST https://ukjrvbwnahfzscsazyhv.supabase.co/auth/v1/token?grant_type=password "HTTP/2 200 OK"
2025-10-27 18:09:51,611 - httpx - INFO - HTTP Request: GET https://ukjrvbwnahfzscsazyhv.supabase.co/rest/v1/profiles?select=name&id=eq.6cf8052a-5fd7-413d-beba-1b35343b8f04 "HTTP/2 200 OK"
2025-10-27 18:09:51,611 - werkzeug - INFO - 127.0.0.1 - - [27/Oct/2025 18:09:51] "POST /api/login HTTP/1.1" 200 -
2025-10-27 18:09:51,683 - __main__ - INFO - Obteniendo árboles...
2025-10-27 18:09:51,968 - httpx - INFO - HTTP Request: GET https://ukjrvbwnahfzscsazyhv.supabase.co/rest/v1/arboles_sembrados?select=id%2Cespecie%2Clatitud%2Clongitud%2Cfecha_siembra%2Cfoto_url%2Cuser_email&limit=1000&offset=0&order=fecha_siembra.desc "HTTP/2 200 OK"
2025-10-27 18:09:51,969 - __main__ - INFO - Obtenidos 4 árboles
2025-10-27 18:09:51,970 - werkzeug - INFO - 127.0.0.1 - - [27/Oct/2025 18:09:51] "GET /api/obtener_arboles HTTP/1.1" 200 -
2025-10-27 18:09:51,971 - __main__ - INFO - Obteniendo árboles...
2025-10-27 18:09:52,071 - httpx - INFO - HTTP Request: GET https://ukjrvbwnahfzscsazyhv.supabase.co/rest/v1/arboles_sembrados?select=id "HTTP/2 200 OK"
2025-10-27 18:09:52,072 - werkzeug - INFO - 127.0.0.1 - - [27/Oct/2025 18:09:52] "GET /api/predecir_horas HTTP/1.1" 200 -
2025-10-27 18:09:52,212 - httpx - INFO - HTTP Request: GET https://ukjrvbwnahfzscsazyhv.supabase.co/rest/v1/arboles_sembrados?select=id%2Cespecie%2Clatitud%2Clongitud%2Cfecha_siembra%2Cfoto_url%2Cuser_email&limit=1000&offset=0&order=fecha_siembra.desc "HTTP/2 200 OK"
2025-10-27 18:09:52,213 - __main__ - INFO - Obtenidos 4 árboles
2025-10-27 18:09:52,214 - werkzeug - INFO - 127.0.0.1 - - [27/Oct/2025 18:09:52] "GET /api/obtener_arboles HTTP/1.1" 200 -
2025-10-27 18:31:20,091 - werkzeug - INFO -  * Detected change in 'C:\\Users\\Asus\\Desktop\\reforestacion-manabi\\web-reforestacion-manabi\\app.py', reloading
2025-10-27 18:31:20,180 - werkzeug - INFO -  * Restarting with stat
2025-10-27 18:31:21,098 - __main__ - INFO - Conexión con Supabase establecida.
2025-10-27 18:31:21,102 - __main__ - INFO - Iniciando Reforesta Manabí en 0.0.0.0:5000 (Debug: True)...
2025-10-27 18:31:21,138 - werkzeug - WARNING -  * Debugger is active!
2025-10-27 18:31:21,146 - werkzeug - INFO -  * Debugger PIN: 304-484-615
2025-10-27 18:31:25,727 - werkzeug - INFO - 127.0.0.1 - - [27/Oct/2025 18:31:25] "GET / HTTP/1.1" 200 -
2025-10-27 18:31:25,859 - werkzeug - INFO - 127.0.0.1 - - [27/Oct/2025 18:31:25] "GET /static/main.js HTTP/1.1" 200 -
2025-10-27 18:31:39,505 - __main__ - INFO - Intento de login para: marcelomejiauep@gmail.com
2025-10-27 18:31:40,601 - httpx - INFO - HTTP Request: POST https://ukjrvbwnahfzscsazyhv.supabase.co/auth/v1/token?grant_type=password "HTTP/2 200 OK"
2025-10-27 18:31:40,624 - __main__ - INFO - Login exitoso para marcelomejiauep@gmail.com. User ID: 6cf8052a-5fd7-413d-beba-1b35343b8f04
2025-10-27 18:31:40,624 - werkzeug - INFO - 127.0.0.1 - - [27/Oct/2025 18:31:40] "POST /api/login HTTP/1.1" 200 -
2025-10-27 18:31:40,693 - __main__ - INFO - Obteniendo árboles...
2025-10-27 18:31:41,535 - httpx - INFO - HTTP Request: GET https://ukjrvbwnahfzscsazyhv.supabase.co/rest/v1/arboles_sembrados?select=id "HTTP/2 200 OK"
2025-10-27 18:31:41,539 - werkzeug - INFO - 127.0.0.1 - - [27/Oct/2025 18:31:41] "GET /api/predecir_horas HTTP/1.1" 200 -
2025-10-27 18:31:41,540 - httpx - INFO - HTTP Request: GET https://ukjrvbwnahfzscsazyhv.supabase.co/rest/v1/arboles_sembrados?select=id%2Cespecie%2Clatitud%2Clongitud%2Cfecha_siembra%2Cfoto_url%2Cuser_email&limit=1000&offset=0&order=fecha_siembra.desc "HTTP/2 200 OK"
2025-10-27 18:31:41,540 - __main__ - INFO - Obtenidos 4 árboles
2025-10-27 18:31:41,541 - werkzeug - INFO - 127.0.0.1 - - [27/Oct/2025 18:31:41] "GET /api/obtener_arboles HTTP/1.1" 200 -
2025-10-27 18:31:41,543 - __main__ - INFO - Obteniendo árboles...
2025-10-27 18:31:41,691 - httpx - INFO - HTTP Request: GET https://ukjrvbwnahfzscsazyhv.supabase.co/rest/v1/arboles_sembrados?select=id%2Cespecie%2Clatitud%2Clongitud%2Cfecha_siembra%2Cfoto_url%2Cuser_email&limit=1000&offset=0&order=fecha_siembra.desc "HTTP/2 200 OK"
2025-10-27 18:31:41,692 - __main__ - INFO - Obtenidos 4 árboles
2025-10-27 18:31:41,692 - werkzeug - INFO - 127.0.0.1 - - [27/Oct/2025 18:31:41] "GET /api/obtener_arboles HTTP/1.1" 200 -
2025-10-27 18:31:47,305 - __main__ - INFO - Obteniendo árboles...
2025-10-27 18:31:47,562 - httpx - INFO - HTTP Request: GET https://ukjrvbwnahfzscsazyhv.supabase.co/rest/v1/arboles_sembrados?select=id%2Cespecie%2Clatitud%2Clongitud%2Cfecha_siembra%2Cfoto_url%2Cuser_email&limit=1000&offset=0&order=fecha_siembra.desc "HTTP/2 200 OK"
2025-10-27 18:31:47,562 - __main__ - INFO - Obtenidos 4 árboles
2025-10-27 18:31:47,563 - werkzeug - INFO - 127.0.0.1 - - [27/Oct/2025 18:31:47] "GET /api/obtener_arboles HTTP/1.1" 200 -
2025-10-27 18:31:48,736 - __main__ - INFO - Obteniendo árboles...
2025-10-27 18:31:48,923 - httpx - INFO - HTTP Request: GET https://ukjrvbwnahfzscsazyhv.supabase.co/rest/v1/arboles_sembrados?select=id%2Cespecie%2Clatitud%2Clongitud%2Cfecha_siembra%2Cfoto_url%2Cuser_email&limit=1000&offset=0&order=fecha_siembra.desc "HTTP/2 200 OK"
2025-10-27 18:31:48,924 - __main__ - INFO - Obtenidos 4 árboles
2025-10-27 18:31:48,924 - werkzeug - INFO - 127.0.0.1 - - [27/Oct/2025 18:31:48] "GET /api/obtener_arboles HTTP/1.1" 200 -
2025-10-27 18:31:49,120 - __main__ - INFO - Obteniendo árboles...
2025-10-27 18:31:49,242 - httpx - INFO - HTTP Request: GET https://ukjrvbwnahfzscsazyhv.supabase.co/rest/v1/arboles_sembrados?select=id%2Cespecie%2Clatitud%2Clongitud%2Cfecha_siembra%2Cfoto_url%2Cuser_email&limit=1000&offset=0&order=fecha_siembra.desc "HTTP/2 200 OK"
2025-10-27 18:31:49,242 - __main__ - INFO - Obtenidos 4 árboles
2025-10-27 18:31:49,242 - werkzeug - INFO - 127.0.0.1 - - [27/Oct/2025 18:31:49] "GET /api/obtener_arboles HTTP/1.1" 200 -
2025-10-27 18:33:12,863 - __main__ - INFO - Intento de login para: marcelomejiauep@gmail.com
2025-10-27 18:33:13,312 - httpx - INFO - HTTP Request: POST https://ukjrvbwnahfzscsazyhv.supabase.co/auth/v1/token?grant_type=password "HTTP/2 400 Bad Request"
2025-10-27 18:33:13,318 - __main__ - WARNING - Fallo de login para marcelomejiauep@gmail.com: Invalid login credentials
2025-10-27 18:33:13,318 - __main__ - WARNING - Error de validación en login_user: Credenciales inválidas.
2025-10-27 18:33:13,318 - werkzeug - INFO - 127.0.0.1 - - [27/Oct/2025 18:33:13] "[31m[1mPOST /api/login HTTP/1.1[0m" 400 -
2025-10-27 18:33:37,641 - __main__ - INFO - Intento de login para: alexalvarado@gmaul.com
2025-10-27 18:33:37,858 - httpx - INFO - HTTP Request: POST https://ukjrvbwnahfzscsazyhv.supabase.co/auth/v1/token?grant_type=password "HTTP/2 400 Bad Request"
2025-10-27 18:33:37,858 - __main__ - WARNING - Fallo de login para alexalvarado@gmaul.com: Invalid login credentials
2025-10-27 18:33:37,865 - __main__ - WARNING - Error de validación en login_user: Credenciales inválidas.
2025-10-27 18:33:37,865 - werkzeug - INFO - 127.0.0.1 - - [27/Oct/2025 18:33:37] "[31m[1mPOST /api/login HTTP/1.1[0m" 400 -
2025-10-27 18:33:41,045 - __main__ - INFO - Intento de login para: alexalvarado@gmaul.com
2025-10-27 18:33:41,189 - httpx - INFO - HTTP Request: POST https://ukjrvbwnahfzscsazyhv.supabase.co/auth/v1/token?grant_type=password "HTTP/2 400 Bad Request"
2025-10-27 18:33:41,189 - __main__ - WARNING - Fallo de login para alexalvarado@gmaul.com: Invalid login credentials
2025-10-27 18:33:41,189 - __main__ - WARNING - Error de validación en login_user: Credenciales inválidas.
2025-10-27 18:33:41,189 - werkzeug - INFO - 127.0.0.1 - - [27/Oct/2025 18:33:41] "[31m[1mPOST /api/login HTTP/1.1[0m" 400 -
2025-10-27 18:34:45,923 - __main__ - INFO - Solicitud de recuperación de contraseña para: marcelomejiauep@gmail.com
2025-10-27 18:34:46,418 - httpx - INFO - HTTP Request: POST https://ukjrvbwnahfzscsazyhv.supabase.co/auth/v1/recover "HTTP/2 200 OK"
2025-10-27 18:34:46,418 - __main__ - INFO - Correo de recuperación enviado (o simulado) a marcelomejiauep@gmail.com.
2025-10-27 18:34:46,418 - werkzeug - INFO - 127.0.0.1 - - [27/Oct/2025 18:34:46] "POST /api/forgot_password HTTP/1.1" 200 -
2025-10-27 18:35:23,024 - werkzeug - INFO - 127.0.0.1 - - [27/Oct/2025 18:35:23] "GET / HTTP/1.1" 200 -
2025-10-27 18:35:23,341 - werkzeug - INFO - 127.0.0.1 - - [27/Oct/2025 18:35:23] "GET /static/main.js HTTP/1.1" 200 -
2025-10-27 18:35:27,876 - __main__ - WARNING - Ruta no encontrada: http://localhost:5000/favicon.ico
2025-10-27 18:35:27,876 - werkzeug - INFO - 127.0.0.1 - - [27/Oct/2025 18:35:27] "[33mGET /favicon.ico HTTP/1.1[0m" 404 -
2025-10-27 18:36:17,525 - __main__ - INFO - Intento de login para: marcelomejiauep@gmail.com
2025-10-27 18:36:17,913 - httpx - INFO - HTTP Request: POST https://ukjrvbwnahfzscsazyhv.supabase.co/auth/v1/token?grant_type=password "HTTP/2 200 OK"
2025-10-27 18:36:17,917 - __main__ - INFO - Login exitoso para marcelomejiauep@gmail.com. User ID: 6cf8052a-5fd7-413d-beba-1b35343b8f04
2025-10-27 18:36:17,921 - werkzeug - INFO - 127.0.0.1 - - [27/Oct/2025 18:36:17] "POST /api/login HTTP/1.1" 200 -
2025-10-27 18:36:18,057 - __main__ - INFO - Obteniendo árboles...
2025-10-27 18:36:18,834 - httpx - INFO - HTTP Request: GET https://ukjrvbwnahfzscsazyhv.supabase.co/rest/v1/arboles_sembrados?select=id%2Cespecie%2Clatitud%2Clongitud%2Cfecha_siembra%2Cfoto_url%2Cuser_email&limit=1000&offset=0&order=fecha_siembra.desc "HTTP/2 200 OK"
2025-10-27 18:36:18,834 - __main__ - INFO - Obtenidos 4 árboles
2025-10-27 18:36:18,837 - werkzeug - INFO - 127.0.0.1 - - [27/Oct/2025 18:36:18] "GET /api/obtener_arboles HTTP/1.1" 200 -
2025-10-27 18:36:18,841 - __main__ - INFO - Obteniendo árboles...
2025-10-27 18:36:18,901 - httpx - INFO - HTTP Request: GET https://ukjrvbwnahfzscsazyhv.supabase.co/rest/v1/arboles_sembrados?select=id "HTTP/2 200 OK"
2025-10-27 18:36:18,972 - httpx - INFO - HTTP Request: GET https://ukjrvbwnahfzscsazyhv.supabase.co/rest/v1/arboles_sembrados?select=id%2Cespecie%2Clatitud%2Clongitud%2Cfecha_siembra%2Cfoto_url%2Cuser_email&limit=1000&offset=0&order=fecha_siembra.desc "HTTP/2 200 OK"
2025-10-27 18:36:18,974 - werkzeug - INFO - 127.0.0.1 - - [27/Oct/2025 18:36:18] "GET /api/predecir_horas HTTP/1.1" 200 -
2025-10-27 18:36:18,976 - __main__ - INFO - Obtenidos 4 árboles
2025-10-27 18:36:18,976 - werkzeug - INFO - 127.0.0.1 - - [27/Oct/2025 18:36:18] "GET /api/obtener_arboles HTTP/1.1" 200 -
2025-10-27 18:36:33,555 - __main__ - INFO - Intento de login para: marcelomejiauep@gmail.com
2025-10-27 18:36:33,988 - httpx - INFO - HTTP Request: POST https://ukjrvbwnahfzscsazyhv.supabase.co/auth/v1/token?grant_type=password "HTTP/2 200 OK"
2025-10-27 18:36:33,988 - __main__ - INFO - Login exitoso para marcelomejiauep@gmail.com. User ID: 6cf8052a-5fd7-413d-beba-1b35343b8f04
2025-10-27 18:36:33,993 - werkzeug - INFO - 127.0.0.1 - - [27/Oct/2025 18:36:33] "POST /api/login HTTP/1.1" 200 -
2025-10-27 18:36:34,040 - __main__ - INFO - Obteniendo árboles...
2025-10-27 18:36:34,807 - httpx - INFO - HTTP Request: GET https://ukjrvbwnahfzscsazyhv.supabase.co/rest/v1/arboles_sembrados?select=id "HTTP/2 200 OK"
2025-10-27 18:36:34,807 - werkzeug - INFO - 127.0.0.1 - - [27/Oct/2025 18:36:34] "GET /api/predecir_horas HTTP/1.1" 200 -
2025-10-27 18:36:34,841 - httpx - INFO - HTTP Request: GET https://ukjrvbwnahfzscsazyhv.supabase.co/rest/v1/arboles_sembrados?select=id%2Cespecie%2Clatitud%2Clongitud%2Cfecha_siembra%2Cfoto_url%2Cuser_email&limit=1000&offset=0&order=fecha_siembra.desc "HTTP/2 200 OK"
2025-10-27 18:36:34,841 - __main__ - INFO - Obtenidos 4 árboles
2025-10-27 18:36:34,841 - werkzeug - INFO - 127.0.0.1 - - [27/Oct/2025 18:36:34] "GET /api/obtener_arboles HTTP/1.1" 200 -
2025-10-27 18:36:34,851 - __main__ - INFO - Obteniendo árboles...
2025-10-27 18:36:35,004 - httpx - INFO - HTTP Request: GET https://ukjrvbwnahfzscsazyhv.supabase.co/rest/v1/arboles_sembrados?select=id%2Cespecie%2Clatitud%2Clongitud%2Cfecha_siembra%2Cfoto_url%2Cuser_email&limit=1000&offset=0&order=fecha_siembra.desc "HTTP/2 200 OK"
2025-10-27 18:36:35,013 - __main__ - INFO - Obtenidos 4 árboles
2025-10-27 18:36:35,013 - werkzeug - INFO - 127.0.0.1 - - [27/Oct/2025 18:36:35] "GET /api/obtener_arboles HTTP/1.1" 200 -
2025-10-27 18:39:45,380 - __main__ - INFO - Intentando registrar usuario: alexalvaradosaltos@gmail.com
2025-10-27 18:39:46,240 - httpx - INFO - HTTP Request: POST https://ukjrvbwnahfzscsazyhv.supabase.co/auth/v1/signup "HTTP/2 200 OK"
2025-10-27 18:39:46,260 - __main__ - INFO - Usuario alexalvaradosaltos@gmail.com registrado pendiente de confirmación. ID: eaf48456-24af-436c-9309-6679d4b9134a
2025-10-27 18:39:46,260 - werkzeug - INFO - 127.0.0.1 - - [27/Oct/2025 18:39:46] "[35m[1mPOST /api/register HTTP/1.1[0m" 201 -
2025-10-27 18:40:03,336 - __main__ - INFO - Intento de login para: marcelomejiauep@gmail.com
2025-10-27 18:40:03,599 - httpx - INFO - HTTP Request: POST https://ukjrvbwnahfzscsazyhv.supabase.co/auth/v1/token?grant_type=password "HTTP/2 200 OK"
2025-10-27 18:40:03,599 - __main__ - INFO - Login exitoso para marcelomejiauep@gmail.com. User ID: 6cf8052a-5fd7-413d-beba-1b35343b8f04
2025-10-27 18:40:03,599 - werkzeug - INFO - 127.0.0.1 - - [27/Oct/2025 18:40:03] "POST /api/login HTTP/1.1" 200 -
2025-10-27 18:40:03,742 - __main__ - INFO - Obteniendo árboles...
2025-10-27 18:40:04,575 - httpx - INFO - HTTP Request: GET https://ukjrvbwnahfzscsazyhv.supabase.co/rest/v1/arboles_sembrados?select=id%2Cespecie%2Clatitud%2Clongitud%2Cfecha_siembra%2Cfoto_url%2Cuser_email&limit=1000&offset=0&order=fecha_siembra.desc "HTTP/2 200 OK"
2025-10-27 18:40:04,584 - __main__ - INFO - Obtenidos 4 árboles
2025-10-27 18:40:04,584 - werkzeug - INFO - 127.0.0.1 - - [27/Oct/2025 18:40:04] "GET /api/obtener_arboles HTTP/1.1" 200 -
2025-10-27 18:40:04,584 - __main__ - INFO - Obteniendo árboles...
2025-10-27 18:40:04,600 - httpx - INFO - HTTP Request: GET https://ukjrvbwnahfzscsazyhv.supabase.co/rest/v1/arboles_sembrados?select=id "HTTP/2 200 OK"
2025-10-27 18:40:04,600 - werkzeug - INFO - 127.0.0.1 - - [27/Oct/2025 18:40:04] "GET /api/predecir_horas HTTP/1.1" 200 -
2025-10-27 18:40:04,716 - httpx - INFO - HTTP Request: GET https://ukjrvbwnahfzscsazyhv.supabase.co/rest/v1/arboles_sembrados?select=id%2Cespecie%2Clatitud%2Clongitud%2Cfecha_siembra%2Cfoto_url%2Cuser_email&limit=1000&offset=0&order=fecha_siembra.desc "HTTP/2 200 OK"
2025-10-27 18:40:04,716 - __main__ - INFO - Obtenidos 4 árboles
2025-10-27 18:40:04,716 - werkzeug - INFO - 127.0.0.1 - - [27/Oct/2025 18:40:04] "GET /api/obtener_arboles HTTP/1.1" 200 -
2025-10-27 18:40:21,599 - __main__ - INFO - Obteniendo árboles...
2025-10-27 18:40:22,288 - httpx - INFO - HTTP Request: GET https://ukjrvbwnahfzscsazyhv.supabase.co/rest/v1/arboles_sembrados?select=id%2Cespecie%2Clatitud%2Clongitud%2Cfecha_siembra%2Cfoto_url%2Cuser_email&limit=1000&offset=0&order=fecha_siembra.desc "HTTP/2 200 OK"
2025-10-27 18:40:22,288 - __main__ - INFO - Obtenidos 4 árboles
2025-10-27 18:40:22,288 - werkzeug - INFO - 127.0.0.1 - - [27/Oct/2025 18:40:22] "GET /api/obtener_arboles HTTP/1.1" 200 -
2025-10-27 18:41:07,568 - __main__ - INFO - Obteniendo árboles...
2025-10-27 18:41:07,814 - httpx - INFO - HTTP Request: GET https://ukjrvbwnahfzscsazyhv.supabase.co/rest/v1/arboles_sembrados?select=id%2Cespecie%2Clatitud%2Clongitud%2Cfecha_siembra%2Cfoto_url%2Cuser_email&limit=1000&offset=0&order=fecha_siembra.desc "HTTP/2 200 OK"
2025-10-27 18:41:07,814 - __main__ - INFO - Obtenidos 4 árboles
2025-10-27 18:41:07,823 - werkzeug - INFO - 127.0.0.1 - - [27/Oct/2025 18:41:07] "GET /api/obtener_arboles HTTP/1.1" 200 -
2025-10-27 18:41:10,585 - __main__ - INFO - Obteniendo árboles...
2025-10-27 18:41:10,714 - httpx - INFO - HTTP Request: GET https://ukjrvbwnahfzscsazyhv.supabase.co/rest/v1/arboles_sembrados?select=id%2Cespecie%2Clatitud%2Clongitud%2Cfecha_siembra%2Cfoto_url%2Cuser_email&limit=1000&offset=0&order=fecha_siembra.desc "HTTP/2 200 OK"
2025-10-27 18:41:10,714 - __main__ - INFO - Obtenidos 4 árboles
2025-10-27 18:41:10,722 - werkzeug - INFO - 127.0.0.1 - - [27/Oct/2025 18:41:10] "GET /api/obtener_arboles HTTP/1.1" 200 -
2025-10-27 18:43:17,224 - __main__ - INFO - Plantando árbol: Pino
2025-10-27 18:43:17,887 - httpx - INFO - HTTP Request: POST https://ukjrvbwnahfzscsazyhv.supabase.co/rest/v1/arboles_sembrados "HTTP/2 201 Created"
2025-10-27 18:43:17,895 - __main__ - INFO - Árbol plantado ID: 6
2025-10-27 18:43:17,895 - werkzeug - INFO - 127.0.0.1 - - [27/Oct/2025 18:43:17] "[35m[1mPOST /api/plantar_arbol HTTP/1.1[0m" 201 -
2025-10-27 18:43:21,870 - httpx - INFO - HTTP Request: GET https://ukjrvbwnahfzscsazyhv.supabase.co/rest/v1/arboles_sembrados?select=id "HTTP/2 200 OK"
2025-10-27 18:43:21,870 - werkzeug - INFO - 127.0.0.1 - - [27/Oct/2025 18:43:21] "GET /api/predecir_horas HTTP/1.1" 200 -
2025-10-27 18:43:21,887 - __main__ - INFO - Obteniendo árboles...
2025-10-27 18:43:22,076 - httpx - INFO - HTTP Request: GET https://ukjrvbwnahfzscsazyhv.supabase.co/rest/v1/arboles_sembrados?select=id%2Cespecie%2Clatitud%2Clongitud%2Cfecha_siembra%2Cfoto_url%2Cuser_email&limit=1000&offset=0&order=fecha_siembra.desc "HTTP/2 200 OK"
2025-10-27 18:43:22,076 - __main__ - INFO - Obtenidos 5 árboles
2025-10-27 18:43:22,076 - werkzeug - INFO - 127.0.0.1 - - [27/Oct/2025 18:43:22] "GET /api/obtener_arboles HTTP/1.1" 200 -
2025-10-27 18:45:11,485 - __main__ - INFO - Obteniendo árboles...
2025-10-27 18:45:11,716 - httpx - INFO - HTTP Request: GET https://ukjrvbwnahfzscsazyhv.supabase.co/rest/v1/arboles_sembrados?select=id%2Cespecie%2Clatitud%2Clongitud%2Cfecha_siembra%2Cfoto_url%2Cuser_email&limit=1000&offset=0&order=fecha_siembra.desc "HTTP/2 200 OK"
2025-10-27 18:45:11,723 - __main__ - INFO - Obtenidos 5 árboles
2025-10-27 18:45:11,724 - werkzeug - INFO - 127.0.0.1 - - [27/Oct/2025 18:45:11] "GET /api/obtener_arboles HTTP/1.1" 200 -
2025-10-27 18:45:47,432 - __main__ - INFO - Obteniendo árboles...
2025-10-27 18:45:47,982 - httpx - INFO - HTTP Request: GET https://ukjrvbwnahfzscsazyhv.supabase.co/rest/v1/arboles_sembrados?select=id%2Cespecie%2Clatitud%2Clongitud%2Cfecha_siembra%2Cfoto_url%2Cuser_email&limit=1000&offset=0&order=fecha_siembra.desc "HTTP/2 200 OK"
2025-10-27 18:45:47,982 - __main__ - INFO - Obtenidos 5 árboles
2025-10-27 18:45:47,982 - werkzeug - INFO - 127.0.0.1 - - [27/Oct/2025 18:45:47] "GET /api/obtener_arboles HTTP/1.1" 200 -
